<!doctype html public "-//w3c//dtd html 4.0 transitional//en">
<html><head>
<title>Static Call Graph - [..\OUTPUT\CPWS.axf]</title></head>
<body><HR>
<H1>Static Call Graph for image ..\OUTPUT\CPWS.axf</H1><HR>
<BR><P>#&#060CALLGRAPH&#062# ARM Linker, 4.1 [Build 481]: Last Updated: Thu Jun 23 16:20:36 2022
<BR><P>
<H3>Maximum Stack Usage =        712 bytes + Unknown(Cycles, Untraceable Function Pointers)</H3><H3>
Call chain for Maximum Stack Depth:</H3>
main &rArr; ProcessMessage &rArr; NotifyWriteFlash &rArr; FactoryCheck &rArr; LoadAllSettingsInFlash &rArr; UseData &rArr; variables_update &rArr; load_company_name &rArr; __0sscanf &rArr; __vfscanf_char &rArr; __vfscanf &rArr; _scanf_real
<P>
<H3>
Mutually Recursive functions
</H3> <LI><a href="#[2b]">ADC1_2_IRQHandler</a>&nbsp;&nbsp;&nbsp;&rArr;&nbsp;&nbsp;&nbsp;<a href="#[2b]">ADC1_2_IRQHandler</a><BR>
</UL>
<P>
<H3>
Function Pointers
</H3><UL>
 <LI><a href="#[0]">update_comm_data0</a> from api_comm.o(.text) referenced 2 times from api_comm.o(.data)
 <LI><a href="#[1]">update_comm_data1</a> from api_comm.o(.text) referenced 2 times from api_comm.o(.data)
 <LI><a href="#[2]">update_comm_data2</a> from api_comm.o(.text) referenced 2 times from api_comm.o(.data)
 <LI><a href="#[3]">update_comm_data3</a> from api_comm.o(.text) referenced 2 times from api_comm.o(.data)
 <LI><a href="#[4]">update_comm_data4</a> from api_comm.o(.text) referenced 2 times from api_comm.o(.data)
 <LI><a href="#[5]">update_comm_data5</a> from api_comm.o(.text) referenced 2 times from api_comm.o(.data)
 <LI><a href="#[6]">update_comm_data6</a> from api_comm.o(.text) referenced 2 times from api_comm.o(.data)
 <LI><a href="#[7]">update_comm_data7</a> from api_comm.o(.text) referenced 2 times from api_comm.o(.data)
 <LI><a href="#[8]">update_comm_data8</a> from api_comm.o(.text) referenced 2 times from api_comm.o(.data)
 <LI><a href="#[9]">update_comm_data9</a> from api_comm.o(.text) referenced 2 times from api_comm.o(.data)
 <LI><a href="#[a]">update_comm_data10</a> from api_comm.o(.text) referenced 2 times from api_comm.o(.data)
 <LI><a href="#[b]">update_comm_data11</a> from api_comm.o(.text) referenced 2 times from api_comm.o(.data)
 <LI><a href="#[c]">update_comm_data12</a> from api_comm.o(.text) referenced 2 times from api_comm.o(.data)
 <LI><a href="#[d]">update_comm_data13</a> from api_comm.o(.text) referenced 2 times from api_comm.o(.data)
 <LI><a href="#[e]">update_comm_data14</a> from api_comm.o(.text) referenced 2 times from api_comm.o(.data)
 <LI><a href="#[f]">Reset_Handler</a> from startup_stm32f10x_md.o(.text) referenced from startup_stm32f10x_md.o(RESET)
 <LI><a href="#[10]">NMI_Handler</a> from stm32f10x_it.o(.text) referenced from startup_stm32f10x_md.o(RESET)
 <LI><a href="#[11]">HardFault_Handler</a> from stm32f10x_it.o(.text) referenced from startup_stm32f10x_md.o(RESET)
 <LI><a href="#[12]">MemManage_Handler</a> from stm32f10x_it.o(.text) referenced from startup_stm32f10x_md.o(RESET)
 <LI><a href="#[13]">BusFault_Handler</a> from stm32f10x_it.o(.text) referenced from startup_stm32f10x_md.o(RESET)
 <LI><a href="#[14]">UsageFault_Handler</a> from stm32f10x_it.o(.text) referenced from startup_stm32f10x_md.o(RESET)
 <LI><a href="#[15]">SVC_Handler</a> from stm32f10x_it.o(.text) referenced from startup_stm32f10x_md.o(RESET)
 <LI><a href="#[16]">DebugMon_Handler</a> from stm32f10x_it.o(.text) referenced from startup_stm32f10x_md.o(RESET)
 <LI><a href="#[17]">PendSV_Handler</a> from stm32f10x_it.o(.text) referenced from startup_stm32f10x_md.o(RESET)
 <LI><a href="#[18]">SysTick_Handler</a> from stm32f10x_it.o(.text) referenced from startup_stm32f10x_md.o(RESET)
 <LI><a href="#[19]">WWDG_IRQHandler</a> from startup_stm32f10x_md.o(.text) referenced from startup_stm32f10x_md.o(RESET)
 <LI><a href="#[1a]">PVD_IRQHandler</a> from startup_stm32f10x_md.o(.text) referenced from startup_stm32f10x_md.o(RESET)
 <LI><a href="#[1b]">TAMPER_IRQHandler</a> from startup_stm32f10x_md.o(.text) referenced from startup_stm32f10x_md.o(RESET)
 <LI><a href="#[1c]">RTC_IRQHandler</a> from startup_stm32f10x_md.o(.text) referenced from startup_stm32f10x_md.o(RESET)
 <LI><a href="#[1d]">FLASH_IRQHandler</a> from startup_stm32f10x_md.o(.text) referenced from startup_stm32f10x_md.o(RESET)
 <LI><a href="#[1e]">RCC_IRQHandler</a> from startup_stm32f10x_md.o(.text) referenced from startup_stm32f10x_md.o(RESET)
 <LI><a href="#[1f]">EXTI0_IRQHandler</a> from startup_stm32f10x_md.o(.text) referenced from startup_stm32f10x_md.o(RESET)
 <LI><a href="#[20]">EXTI1_IRQHandler</a> from startup_stm32f10x_md.o(.text) referenced from startup_stm32f10x_md.o(RESET)
 <LI><a href="#[21]">EXTI2_IRQHandler</a> from startup_stm32f10x_md.o(.text) referenced from startup_stm32f10x_md.o(RESET)
 <LI><a href="#[22]">EXTI3_IRQHandler</a> from startup_stm32f10x_md.o(.text) referenced from startup_stm32f10x_md.o(RESET)
 <LI><a href="#[23]">EXTI4_IRQHandler</a> from startup_stm32f10x_md.o(.text) referenced from startup_stm32f10x_md.o(RESET)
 <LI><a href="#[24]">DMA1_Channel1_IRQHandler</a> from startup_stm32f10x_md.o(.text) referenced from startup_stm32f10x_md.o(RESET)
 <LI><a href="#[25]">DMA1_Channel2_IRQHandler</a> from startup_stm32f10x_md.o(.text) referenced from startup_stm32f10x_md.o(RESET)
 <LI><a href="#[26]">DMA1_Channel3_IRQHandler</a> from startup_stm32f10x_md.o(.text) referenced from startup_stm32f10x_md.o(RESET)
 <LI><a href="#[27]">DMA1_Channel4_IRQHandler</a> from startup_stm32f10x_md.o(.text) referenced from startup_stm32f10x_md.o(RESET)
 <LI><a href="#[28]">DMA1_Channel5_IRQHandler</a> from startup_stm32f10x_md.o(.text) referenced from startup_stm32f10x_md.o(RESET)
 <LI><a href="#[29]">DMA1_Channel6_IRQHandler</a> from startup_stm32f10x_md.o(.text) referenced from startup_stm32f10x_md.o(RESET)
 <LI><a href="#[2a]">DMA1_Channel7_IRQHandler</a> from startup_stm32f10x_md.o(.text) referenced from startup_stm32f10x_md.o(RESET)
 <LI><a href="#[2b]">ADC1_2_IRQHandler</a> from startup_stm32f10x_md.o(.text) referenced from startup_stm32f10x_md.o(RESET)
 <LI><a href="#[2c]">USB_HP_CAN1_TX_IRQHandler</a> from startup_stm32f10x_md.o(.text) referenced from startup_stm32f10x_md.o(RESET)
 <LI><a href="#[2d]">USB_LP_CAN1_RX0_IRQHandler</a> from startup_stm32f10x_md.o(.text) referenced from startup_stm32f10x_md.o(RESET)
 <LI><a href="#[2e]">CAN1_RX1_IRQHandler</a> from startup_stm32f10x_md.o(.text) referenced from startup_stm32f10x_md.o(RESET)
 <LI><a href="#[2f]">CAN1_SCE_IRQHandler</a> from startup_stm32f10x_md.o(.text) referenced from startup_stm32f10x_md.o(RESET)
 <LI><a href="#[30]">EXTI9_5_IRQHandler</a> from startup_stm32f10x_md.o(.text) referenced from startup_stm32f10x_md.o(RESET)
 <LI><a href="#[31]">TIM1_BRK_IRQHandler</a> from startup_stm32f10x_md.o(.text) referenced from startup_stm32f10x_md.o(RESET)
 <LI><a href="#[32]">TIM1_UP_IRQHandler</a> from startup_stm32f10x_md.o(.text) referenced from startup_stm32f10x_md.o(RESET)
 <LI><a href="#[33]">TIM1_TRG_COM_IRQHandler</a> from startup_stm32f10x_md.o(.text) referenced from startup_stm32f10x_md.o(RESET)
 <LI><a href="#[34]">TIM1_CC_IRQHandler</a> from startup_stm32f10x_md.o(.text) referenced from startup_stm32f10x_md.o(RESET)
 <LI><a href="#[35]">TIM2_IRQHandler</a> from startup_stm32f10x_md.o(.text) referenced from startup_stm32f10x_md.o(RESET)
 <LI><a href="#[36]">TIM3_IRQHandler</a> from stm32f10x_it.o(.text) referenced from startup_stm32f10x_md.o(RESET)
 <LI><a href="#[37]">TIM4_IRQHandler</a> from startup_stm32f10x_md.o(.text) referenced from startup_stm32f10x_md.o(RESET)
 <LI><a href="#[38]">I2C1_EV_IRQHandler</a> from startup_stm32f10x_md.o(.text) referenced from startup_stm32f10x_md.o(RESET)
 <LI><a href="#[39]">I2C1_ER_IRQHandler</a> from startup_stm32f10x_md.o(.text) referenced from startup_stm32f10x_md.o(RESET)
 <LI><a href="#[3a]">I2C2_EV_IRQHandler</a> from startup_stm32f10x_md.o(.text) referenced from startup_stm32f10x_md.o(RESET)
 <LI><a href="#[3b]">I2C2_ER_IRQHandler</a> from startup_stm32f10x_md.o(.text) referenced from startup_stm32f10x_md.o(RESET)
 <LI><a href="#[3c]">SPI1_IRQHandler</a> from startup_stm32f10x_md.o(.text) referenced from startup_stm32f10x_md.o(RESET)
 <LI><a href="#[3d]">SPI2_IRQHandler</a> from startup_stm32f10x_md.o(.text) referenced from startup_stm32f10x_md.o(RESET)
 <LI><a href="#[3e]">USART1_IRQHandler</a> from stm32f10x_it.o(.text) referenced from startup_stm32f10x_md.o(RESET)
 <LI><a href="#[3f]">USART2_IRQHandler</a> from stm32f10x_it.o(.text) referenced from startup_stm32f10x_md.o(RESET)
 <LI><a href="#[40]">USART3_IRQHandler</a> from startup_stm32f10x_md.o(.text) referenced from startup_stm32f10x_md.o(RESET)
 <LI><a href="#[41]">EXTI15_10_IRQHandler</a> from startup_stm32f10x_md.o(.text) referenced from startup_stm32f10x_md.o(RESET)
 <LI><a href="#[42]">RTCAlarm_IRQHandler</a> from startup_stm32f10x_md.o(.text) referenced from startup_stm32f10x_md.o(RESET)
 <LI><a href="#[43]">USBWakeUp_IRQHandler</a> from startup_stm32f10x_md.o(.text) referenced from startup_stm32f10x_md.o(RESET)
 <LI><a href="#[44]">main</a> from main.o(.text) referenced from entry7.o(.ARM.Collect$$$$00000007)
 <LI><a href="#[45]">SystemInit</a> from system_stm32f10x.o(.text) referenced from startup_stm32f10x_md.o(.text)
 <LI><a href="#[46]">__main</a> from entry.o(.ARM.Collect$$$$00000000) referenced from startup_stm32f10x_md.o(.text)
 <LI><a href="#[47]">_sgetc</a> from _sgetc.o(.text) referenced from __0sscanf.o(.text)
 <LI><a href="#[48]">_sbackspace</a> from _sgetc.o(.text) referenced from __0sscanf.o(.text)
 <LI><a href="#[49]">_scanf_char_input</a> from scanf_char.o(.text) referenced from scanf_char.o(.text)
 <LI><a href="#[4a]">isspace</a> from isspace_c.o(.text) referenced from scanf_char.o(.text)
 <LI><a href="#[4b]">fputc</a> from usart.o(.text) referenced from printfa.o(i.__0printf)
 <LI><a href="#[4c]">_sputc</a> from printfa.o(i._sputc) referenced from printfa.o(i.__0sprintf)
</UL>
<P>
<H3>
Global Symbols
</H3>
<P><STRONG><a name="[46]"></a>__main</STRONG> (Thumb, 0 bytes, Stack size unknown bytes, entry.o(.ARM.Collect$$$$00000000))
<BR>[Address Reference Count : 1]<UL><LI> startup_stm32f10x_md.o(.text)
</UL>
<P><STRONG><a name="[2f7]"></a>_main_stk</STRONG> (Thumb, 0 bytes, Stack size unknown bytes, entry2.o(.ARM.Collect$$$$00000001))

<P><STRONG><a name="[4d]"></a>_main_scatterload</STRONG> (Thumb, 0 bytes, Stack size unknown bytes, entry5.o(.ARM.Collect$$$$00000004))
<BR><BR>[Calls]<UL><LI><a href="#[4e]">&gt;&gt;</a>&nbsp;&nbsp;&nbsp;__scatterload
</UL>

<P><STRONG><a name="[2e4]"></a>__main_after_scatterload</STRONG> (Thumb, 0 bytes, Stack size unknown bytes, entry5.o(.ARM.Collect$$$$00000004))
<BR><BR>[Called By]<UL><LI><a href="#[4e]">&gt;&gt;</a>&nbsp;&nbsp;&nbsp;__scatterload
</UL>

<P><STRONG><a name="[2f8]"></a>_main_init</STRONG> (Thumb, 0 bytes, Stack size unknown bytes, entry7.o(.ARM.Collect$$$$00000007))

<P><STRONG><a name="[f]"></a>Reset_Handler</STRONG> (Thumb, 8 bytes, Stack size 0 bytes, startup_stm32f10x_md.o(.text))
<BR>[Address Reference Count : 1]<UL><LI> startup_stm32f10x_md.o(RESET)
</UL>
<P><STRONG><a name="[2b]"></a>ADC1_2_IRQHandler</STRONG> (Thumb, 0 bytes, Stack size 0 bytes, startup_stm32f10x_md.o(.text))
<BR><BR>[Calls]<UL><LI><a href="#[2b]">&gt;&gt;</a>&nbsp;&nbsp;&nbsp;ADC1_2_IRQHandler
</UL>
<BR>[Called By]<UL><LI><a href="#[2b]">&gt;&gt;</a>&nbsp;&nbsp;&nbsp;ADC1_2_IRQHandler
</UL>
<BR>[Address Reference Count : 1]<UL><LI> startup_stm32f10x_md.o(RESET)
</UL>
<P><STRONG><a name="[2e]"></a>CAN1_RX1_IRQHandler</STRONG> (Thumb, 0 bytes, Stack size 0 bytes, startup_stm32f10x_md.o(.text))
<BR>[Address Reference Count : 1]<UL><LI> startup_stm32f10x_md.o(RESET)
</UL>
<P><STRONG><a name="[2f]"></a>CAN1_SCE_IRQHandler</STRONG> (Thumb, 0 bytes, Stack size 0 bytes, startup_stm32f10x_md.o(.text))
<BR>[Address Reference Count : 1]<UL><LI> startup_stm32f10x_md.o(RESET)
</UL>
<P><STRONG><a name="[24]"></a>DMA1_Channel1_IRQHandler</STRONG> (Thumb, 0 bytes, Stack size 0 bytes, startup_stm32f10x_md.o(.text))
<BR>[Address Reference Count : 1]<UL><LI> startup_stm32f10x_md.o(RESET)
</UL>
<P><STRONG><a name="[25]"></a>DMA1_Channel2_IRQHandler</STRONG> (Thumb, 0 bytes, Stack size 0 bytes, startup_stm32f10x_md.o(.text))
<BR>[Address Reference Count : 1]<UL><LI> startup_stm32f10x_md.o(RESET)
</UL>
<P><STRONG><a name="[26]"></a>DMA1_Channel3_IRQHandler</STRONG> (Thumb, 0 bytes, Stack size 0 bytes, startup_stm32f10x_md.o(.text))
<BR>[Address Reference Count : 1]<UL><LI> startup_stm32f10x_md.o(RESET)
</UL>
<P><STRONG><a name="[27]"></a>DMA1_Channel4_IRQHandler</STRONG> (Thumb, 0 bytes, Stack size 0 bytes, startup_stm32f10x_md.o(.text))
<BR>[Address Reference Count : 1]<UL><LI> startup_stm32f10x_md.o(RESET)
</UL>
<P><STRONG><a name="[28]"></a>DMA1_Channel5_IRQHandler</STRONG> (Thumb, 0 bytes, Stack size 0 bytes, startup_stm32f10x_md.o(.text))
<BR>[Address Reference Count : 1]<UL><LI> startup_stm32f10x_md.o(RESET)
</UL>
<P><STRONG><a name="[29]"></a>DMA1_Channel6_IRQHandler</STRONG> (Thumb, 0 bytes, Stack size 0 bytes, startup_stm32f10x_md.o(.text))
<BR>[Address Reference Count : 1]<UL><LI> startup_stm32f10x_md.o(RESET)
</UL>
<P><STRONG><a name="[2a]"></a>DMA1_Channel7_IRQHandler</STRONG> (Thumb, 0 bytes, Stack size 0 bytes, startup_stm32f10x_md.o(.text))
<BR>[Address Reference Count : 1]<UL><LI> startup_stm32f10x_md.o(RESET)
</UL>
<P><STRONG><a name="[1f]"></a>EXTI0_IRQHandler</STRONG> (Thumb, 0 bytes, Stack size 0 bytes, startup_stm32f10x_md.o(.text))
<BR>[Address Reference Count : 1]<UL><LI> startup_stm32f10x_md.o(RESET)
</UL>
<P><STRONG><a name="[41]"></a>EXTI15_10_IRQHandler</STRONG> (Thumb, 0 bytes, Stack size 0 bytes, startup_stm32f10x_md.o(.text))
<BR>[Address Reference Count : 1]<UL><LI> startup_stm32f10x_md.o(RESET)
</UL>
<P><STRONG><a name="[20]"></a>EXTI1_IRQHandler</STRONG> (Thumb, 0 bytes, Stack size 0 bytes, startup_stm32f10x_md.o(.text))
<BR>[Address Reference Count : 1]<UL><LI> startup_stm32f10x_md.o(RESET)
</UL>
<P><STRONG><a name="[21]"></a>EXTI2_IRQHandler</STRONG> (Thumb, 0 bytes, Stack size 0 bytes, startup_stm32f10x_md.o(.text))
<BR>[Address Reference Count : 1]<UL><LI> startup_stm32f10x_md.o(RESET)
</UL>
<P><STRONG><a name="[22]"></a>EXTI3_IRQHandler</STRONG> (Thumb, 0 bytes, Stack size 0 bytes, startup_stm32f10x_md.o(.text))
<BR>[Address Reference Count : 1]<UL><LI> startup_stm32f10x_md.o(RESET)
</UL>
<P><STRONG><a name="[23]"></a>EXTI4_IRQHandler</STRONG> (Thumb, 0 bytes, Stack size 0 bytes, startup_stm32f10x_md.o(.text))
<BR>[Address Reference Count : 1]<UL><LI> startup_stm32f10x_md.o(RESET)
</UL>
<P><STRONG><a name="[30]"></a>EXTI9_5_IRQHandler</STRONG> (Thumb, 0 bytes, Stack size 0 bytes, startup_stm32f10x_md.o(.text))
<BR>[Address Reference Count : 1]<UL><LI> startup_stm32f10x_md.o(RESET)
</UL>
<P><STRONG><a name="[1d]"></a>FLASH_IRQHandler</STRONG> (Thumb, 0 bytes, Stack size 0 bytes, startup_stm32f10x_md.o(.text))
<BR>[Address Reference Count : 1]<UL><LI> startup_stm32f10x_md.o(RESET)
</UL>
<P><STRONG><a name="[39]"></a>I2C1_ER_IRQHandler</STRONG> (Thumb, 0 bytes, Stack size 0 bytes, startup_stm32f10x_md.o(.text))
<BR>[Address Reference Count : 1]<UL><LI> startup_stm32f10x_md.o(RESET)
</UL>
<P><STRONG><a name="[38]"></a>I2C1_EV_IRQHandler</STRONG> (Thumb, 0 bytes, Stack size 0 bytes, startup_stm32f10x_md.o(.text))
<BR>[Address Reference Count : 1]<UL><LI> startup_stm32f10x_md.o(RESET)
</UL>
<P><STRONG><a name="[3b]"></a>I2C2_ER_IRQHandler</STRONG> (Thumb, 0 bytes, Stack size 0 bytes, startup_stm32f10x_md.o(.text))
<BR>[Address Reference Count : 1]<UL><LI> startup_stm32f10x_md.o(RESET)
</UL>
<P><STRONG><a name="[3a]"></a>I2C2_EV_IRQHandler</STRONG> (Thumb, 0 bytes, Stack size 0 bytes, startup_stm32f10x_md.o(.text))
<BR>[Address Reference Count : 1]<UL><LI> startup_stm32f10x_md.o(RESET)
</UL>
<P><STRONG><a name="[1a]"></a>PVD_IRQHandler</STRONG> (Thumb, 0 bytes, Stack size 0 bytes, startup_stm32f10x_md.o(.text))
<BR>[Address Reference Count : 1]<UL><LI> startup_stm32f10x_md.o(RESET)
</UL>
<P><STRONG><a name="[1e]"></a>RCC_IRQHandler</STRONG> (Thumb, 0 bytes, Stack size 0 bytes, startup_stm32f10x_md.o(.text))
<BR>[Address Reference Count : 1]<UL><LI> startup_stm32f10x_md.o(RESET)
</UL>
<P><STRONG><a name="[42]"></a>RTCAlarm_IRQHandler</STRONG> (Thumb, 0 bytes, Stack size 0 bytes, startup_stm32f10x_md.o(.text))
<BR>[Address Reference Count : 1]<UL><LI> startup_stm32f10x_md.o(RESET)
</UL>
<P><STRONG><a name="[1c]"></a>RTC_IRQHandler</STRONG> (Thumb, 0 bytes, Stack size 0 bytes, startup_stm32f10x_md.o(.text))
<BR>[Address Reference Count : 1]<UL><LI> startup_stm32f10x_md.o(RESET)
</UL>
<P><STRONG><a name="[3c]"></a>SPI1_IRQHandler</STRONG> (Thumb, 0 bytes, Stack size 0 bytes, startup_stm32f10x_md.o(.text))
<BR>[Address Reference Count : 1]<UL><LI> startup_stm32f10x_md.o(RESET)
</UL>
<P><STRONG><a name="[3d]"></a>SPI2_IRQHandler</STRONG> (Thumb, 0 bytes, Stack size 0 bytes, startup_stm32f10x_md.o(.text))
<BR>[Address Reference Count : 1]<UL><LI> startup_stm32f10x_md.o(RESET)
</UL>
<P><STRONG><a name="[1b]"></a>TAMPER_IRQHandler</STRONG> (Thumb, 0 bytes, Stack size 0 bytes, startup_stm32f10x_md.o(.text))
<BR>[Address Reference Count : 1]<UL><LI> startup_stm32f10x_md.o(RESET)
</UL>
<P><STRONG><a name="[31]"></a>TIM1_BRK_IRQHandler</STRONG> (Thumb, 0 bytes, Stack size 0 bytes, startup_stm32f10x_md.o(.text))
<BR>[Address Reference Count : 1]<UL><LI> startup_stm32f10x_md.o(RESET)
</UL>
<P><STRONG><a name="[34]"></a>TIM1_CC_IRQHandler</STRONG> (Thumb, 0 bytes, Stack size 0 bytes, startup_stm32f10x_md.o(.text))
<BR>[Address Reference Count : 1]<UL><LI> startup_stm32f10x_md.o(RESET)
</UL>
<P><STRONG><a name="[33]"></a>TIM1_TRG_COM_IRQHandler</STRONG> (Thumb, 0 bytes, Stack size 0 bytes, startup_stm32f10x_md.o(.text))
<BR>[Address Reference Count : 1]<UL><LI> startup_stm32f10x_md.o(RESET)
</UL>
<P><STRONG><a name="[32]"></a>TIM1_UP_IRQHandler</STRONG> (Thumb, 0 bytes, Stack size 0 bytes, startup_stm32f10x_md.o(.text))
<BR>[Address Reference Count : 1]<UL><LI> startup_stm32f10x_md.o(RESET)
</UL>
<P><STRONG><a name="[35]"></a>TIM2_IRQHandler</STRONG> (Thumb, 0 bytes, Stack size 0 bytes, startup_stm32f10x_md.o(.text))
<BR>[Address Reference Count : 1]<UL><LI> startup_stm32f10x_md.o(RESET)
</UL>
<P><STRONG><a name="[37]"></a>TIM4_IRQHandler</STRONG> (Thumb, 0 bytes, Stack size 0 bytes, startup_stm32f10x_md.o(.text))
<BR>[Address Reference Count : 1]<UL><LI> startup_stm32f10x_md.o(RESET)
</UL>
<P><STRONG><a name="[40]"></a>USART3_IRQHandler</STRONG> (Thumb, 0 bytes, Stack size 0 bytes, startup_stm32f10x_md.o(.text))
<BR>[Address Reference Count : 1]<UL><LI> startup_stm32f10x_md.o(RESET)
</UL>
<P><STRONG><a name="[43]"></a>USBWakeUp_IRQHandler</STRONG> (Thumb, 0 bytes, Stack size 0 bytes, startup_stm32f10x_md.o(.text))
<BR>[Address Reference Count : 1]<UL><LI> startup_stm32f10x_md.o(RESET)
</UL>
<P><STRONG><a name="[2c]"></a>USB_HP_CAN1_TX_IRQHandler</STRONG> (Thumb, 0 bytes, Stack size 0 bytes, startup_stm32f10x_md.o(.text))
<BR>[Address Reference Count : 1]<UL><LI> startup_stm32f10x_md.o(RESET)
</UL>
<P><STRONG><a name="[2d]"></a>USB_LP_CAN1_RX0_IRQHandler</STRONG> (Thumb, 0 bytes, Stack size 0 bytes, startup_stm32f10x_md.o(.text))
<BR>[Address Reference Count : 1]<UL><LI> startup_stm32f10x_md.o(RESET)
</UL>
<P><STRONG><a name="[19]"></a>WWDG_IRQHandler</STRONG> (Thumb, 0 bytes, Stack size 0 bytes, startup_stm32f10x_md.o(.text))
<BR>[Address Reference Count : 1]<UL><LI> startup_stm32f10x_md.o(RESET)
</UL>
<P><STRONG><a name="[4f]"></a>WarningTagManager</STRONG> (Thumb, 52 bytes, Stack size 8 bytes, main.o(.text))
<BR><BR>[Stack]<UL><LI>Max Depth = 40<LI>Call Chain = WarningTagManager &rArr; SetTextValue &rArr; SendStrings &rArr; SendChar
</UL>
<BR>[Calls]<UL><LI><a href="#[50]">&gt;&gt;</a>&nbsp;&nbsp;&nbsp;SetTextValue
</UL>
<BR>[Called By]<UL><LI><a href="#[13a]">&gt;&gt;</a>&nbsp;&nbsp;&nbsp;NotifyButton
<LI><a href="#[44]">&gt;&gt;</a>&nbsp;&nbsp;&nbsp;main
</UL>

<P><STRONG><a name="[44]"></a>main</STRONG> (Thumb, 558 bytes, Stack size 0 bytes, main.o(.text))
<BR><BR>[Stack]<UL><LI>Max Depth = 712<LI>Call Chain = main &rArr; ProcessMessage &rArr; NotifyWriteFlash &rArr; FactoryCheck &rArr; LoadAllSettingsInFlash &rArr; UseData &rArr; variables_update &rArr; load_company_name &rArr; __0sscanf &rArr; __vfscanf_char &rArr; __vfscanf &rArr; _scanf_real
</UL>
<BR>[Calls]<UL><LI><a href="#[81]">&gt;&gt;</a>&nbsp;&nbsp;&nbsp;task_scheduler
<LI><a href="#[71]">&gt;&gt;</a>&nbsp;&nbsp;&nbsp;take_cmd_pump
<LI><a href="#[52]">&gt;&gt;</a>&nbsp;&nbsp;&nbsp;systicket_init
<LI><a href="#[6a]">&gt;&gt;</a>&nbsp;&nbsp;&nbsp;reset_pump_entrance_pressure_check_startup_monitor
<LI><a href="#[5d]">&gt;&gt;</a>&nbsp;&nbsp;&nbsp;queue_reset
<LI><a href="#[6b]">&gt;&gt;</a>&nbsp;&nbsp;&nbsp;queue_find_cmd
<LI><a href="#[78]">&gt;&gt;</a>&nbsp;&nbsp;&nbsp;pump_pressure_check_startup_monitor
<LI><a href="#[79]">&gt;&gt;</a>&nbsp;&nbsp;&nbsp;pump_entrance_pressure_check_startup_monitor
<LI><a href="#[73]">&gt;&gt;</a>&nbsp;&nbsp;&nbsp;pid_calc
<LI><a href="#[6f]">&gt;&gt;</a>&nbsp;&nbsp;&nbsp;load_err_record
<LI><a href="#[63]">&gt;&gt;</a>&nbsp;&nbsp;&nbsp;delay_ms
<LI><a href="#[60]">&gt;&gt;</a>&nbsp;&nbsp;&nbsp;debugger
<LI><a href="#[72]">&gt;&gt;</a>&nbsp;&nbsp;&nbsp;__aeabi_cfcmpeq
<LI><a href="#[70]">&gt;&gt;</a>&nbsp;&nbsp;&nbsp;UpdateUI
<LI><a href="#[82]">&gt;&gt;</a>&nbsp;&nbsp;&nbsp;UpdateCommData
<LI><a href="#[54]">&gt;&gt;</a>&nbsp;&nbsp;&nbsp;USART2_Config
<LI><a href="#[53]">&gt;&gt;</a>&nbsp;&nbsp;&nbsp;USART1_Config
<LI><a href="#[57]">&gt;&gt;</a>&nbsp;&nbsp;&nbsp;Timerx_Init
<LI><a href="#[5a]">&gt;&gt;</a>&nbsp;&nbsp;&nbsp;TIM3_PWM_Configuration
<LI><a href="#[7d]">&gt;&gt;</a>&nbsp;&nbsp;&nbsp;Status_Scan
<LI><a href="#[5b]">&gt;&gt;</a>&nbsp;&nbsp;&nbsp;Status_GPIO_Config
<LI><a href="#[51]">&gt;&gt;</a>&nbsp;&nbsp;&nbsp;Set_System_Clocks
<LI><a href="#[50]">&gt;&gt;</a>&nbsp;&nbsp;&nbsp;SetTextValue
<LI><a href="#[80]">&gt;&gt;</a>&nbsp;&nbsp;&nbsp;ScheduleUpdate
<LI><a href="#[68]">&gt;&gt;</a>&nbsp;&nbsp;&nbsp;Relay_GPIO_Config
<LI><a href="#[6e]">&gt;&gt;</a>&nbsp;&nbsp;&nbsp;RefreshErrorInfo
<LI><a href="#[76]">&gt;&gt;</a>&nbsp;&nbsp;&nbsp;RealtimeMeasurement
<LI><a href="#[7f]">&gt;&gt;</a>&nbsp;&nbsp;&nbsp;ReadRTC
<LI><a href="#[5c]">&gt;&gt;</a>&nbsp;&nbsp;&nbsp;RS485_Initialization
<LI><a href="#[5e]">&gt;&gt;</a>&nbsp;&nbsp;&nbsp;RCC_GetFlagStatus
<LI><a href="#[58]">&gt;&gt;</a>&nbsp;&nbsp;&nbsp;RCC_Configuration
<LI><a href="#[61]">&gt;&gt;</a>&nbsp;&nbsp;&nbsp;RCC_ClearFlag
<LI><a href="#[74]">&gt;&gt;</a>&nbsp;&nbsp;&nbsp;Pump_Manager
<LI><a href="#[6c]">&gt;&gt;</a>&nbsp;&nbsp;&nbsp;ProcessMessage
<LI><a href="#[7a]">&gt;&gt;</a>&nbsp;&nbsp;&nbsp;PowerUpAutoRunManager
<LI><a href="#[56]">&gt;&gt;</a>&nbsp;&nbsp;&nbsp;NVIC_Configuration2
<LI><a href="#[55]">&gt;&gt;</a>&nbsp;&nbsp;&nbsp;NVIC_Configuration1
<LI><a href="#[6d]">&gt;&gt;</a>&nbsp;&nbsp;&nbsp;InitVisibility
<LI><a href="#[64]">&gt;&gt;</a>&nbsp;&nbsp;&nbsp;IWDG_ReloadCounter
<LI><a href="#[62]">&gt;&gt;</a>&nbsp;&nbsp;&nbsp;IWDG_Config
<LI><a href="#[7e]">&gt;&gt;</a>&nbsp;&nbsp;&nbsp;HeartBeating
<LI><a href="#[59]">&gt;&gt;</a>&nbsp;&nbsp;&nbsp;GPIO_Configuration
<LI><a href="#[75]">&gt;&gt;</a>&nbsp;&nbsp;&nbsp;FatigueCancelMonitorAvf
<LI><a href="#[7c]">&gt;&gt;</a>&nbsp;&nbsp;&nbsp;FatigePumpSwitcher
<LI><a href="#[69]">&gt;&gt;</a>&nbsp;&nbsp;&nbsp;FactoryCheck
<LI><a href="#[7b]">&gt;&gt;</a>&nbsp;&nbsp;&nbsp;FC_Retreator
<LI><a href="#[66]">&gt;&gt;</a>&nbsp;&nbsp;&nbsp;Dac_Config
<LI><a href="#[67]">&gt;&gt;</a>&nbsp;&nbsp;&nbsp;DMA_Configuration
<LI><a href="#[77]">&gt;&gt;</a>&nbsp;&nbsp;&nbsp;ApiCmdExecutor
<LI><a href="#[65]">&gt;&gt;</a>&nbsp;&nbsp;&nbsp;Adc_Configuration
<LI><a href="#[4f]">&gt;&gt;</a>&nbsp;&nbsp;&nbsp;WarningTagManager
<LI><a href="#[5f]">&gt;&gt;</a>&nbsp;&nbsp;&nbsp;__2printf
</UL>
<BR>[Address Reference Count : 1]<UL><LI> entry7.o(.ARM.Collect$$$$00000007)
</UL>
<P><STRONG><a name="[7e]"></a>HeartBeating</STRONG> (Thumb, 16 bytes, Stack size 0 bytes, manual_control.o(.text))
<BR><BR>[Called By]<UL><LI><a href="#[44]">&gt;&gt;</a>&nbsp;&nbsp;&nbsp;main
</UL>

<P><STRONG><a name="[c8]"></a>UnCompressData</STRONG> (Thumb, 36 bytes, Stack size 0 bytes, settings.o(.text))
<BR><BR>[Called By]<UL><LI><a href="#[d8]">&gt;&gt;</a>&nbsp;&nbsp;&nbsp;UseDataTC
<LI><a href="#[c7]">&gt;&gt;</a>&nbsp;&nbsp;&nbsp;UseSettingsInFlash
</UL>

<P><STRONG><a name="[b1]"></a>set_usability</STRONG> (Thumb, 22 bytes, Stack size 0 bytes, settings.o(.text))
<BR><BR>[Called By]<UL><LI><a href="#[b0]">&gt;&gt;</a>&nbsp;&nbsp;&nbsp;variables_update
</UL>

<P><STRONG><a name="[83]"></a>load_company_name</STRONG> (Thumb, 138 bytes, Stack size 104 bytes, settings.o(.text))
<BR><BR>[Stack]<UL><LI>Max Depth = 368<LI>Call Chain = load_company_name &rArr; __0sscanf &rArr; __vfscanf_char &rArr; __vfscanf &rArr; _scanf_real
</UL>
<BR>[Calls]<UL><LI><a href="#[84]">&gt;&gt;</a>&nbsp;&nbsp;&nbsp;STM32_FLASH_Read
<LI><a href="#[50]">&gt;&gt;</a>&nbsp;&nbsp;&nbsp;SetTextValue
<LI><a href="#[87]">&gt;&gt;</a>&nbsp;&nbsp;&nbsp;strcpy
<LI><a href="#[85]">&gt;&gt;</a>&nbsp;&nbsp;&nbsp;strlen
<LI><a href="#[86]">&gt;&gt;</a>&nbsp;&nbsp;&nbsp;__0sscanf
<LI><a href="#[5f]">&gt;&gt;</a>&nbsp;&nbsp;&nbsp;__2printf
</UL>
<BR>[Called By]<UL><LI><a href="#[b0]">&gt;&gt;</a>&nbsp;&nbsp;&nbsp;variables_update
</UL>

<P><STRONG><a name="[88]"></a>load_phone_nbr</STRONG> (Thumb, 212 bytes, Stack size 56 bytes, settings.o(.text))
<BR><BR>[Stack]<UL><LI>Max Depth = 320<LI>Call Chain = load_phone_nbr &rArr; __0sscanf &rArr; __vfscanf_char &rArr; __vfscanf &rArr; _scanf_real
</UL>
<BR>[Calls]<UL><LI><a href="#[50]">&gt;&gt;</a>&nbsp;&nbsp;&nbsp;SetTextValue
<LI><a href="#[87]">&gt;&gt;</a>&nbsp;&nbsp;&nbsp;strcpy
<LI><a href="#[85]">&gt;&gt;</a>&nbsp;&nbsp;&nbsp;strlen
<LI><a href="#[86]">&gt;&gt;</a>&nbsp;&nbsp;&nbsp;__0sscanf
<LI><a href="#[5f]">&gt;&gt;</a>&nbsp;&nbsp;&nbsp;__2printf
</UL>
<BR>[Called By]<UL><LI><a href="#[b0]">&gt;&gt;</a>&nbsp;&nbsp;&nbsp;variables_update
</UL>

<P><STRONG><a name="[8a]"></a>date_init_check</STRONG> (Thumb, 74 bytes, Stack size 0 bytes, settings.o(.text))
<BR><BR>[Called By]<UL><LI><a href="#[89]">&gt;&gt;</a>&nbsp;&nbsp;&nbsp;load_expire_date
</UL>

<P><STRONG><a name="[89]"></a>load_expire_date</STRONG> (Thumb, 192 bytes, Stack size 32 bytes, settings.o(.text))
<BR><BR>[Stack]<UL><LI>Max Depth = 80<LI>Call Chain = load_expire_date &rArr; RefreshButtons &rArr; set_button_visible &rArr; SetControlVisiable &rArr; SendChar
</UL>
<BR>[Calls]<UL><LI><a href="#[8c]">&gt;&gt;</a>&nbsp;&nbsp;&nbsp;SetButtonValue
<LI><a href="#[8d]">&gt;&gt;</a>&nbsp;&nbsp;&nbsp;RefreshButtons
<LI><a href="#[8a]">&gt;&gt;</a>&nbsp;&nbsp;&nbsp;date_init_check
<LI><a href="#[50]">&gt;&gt;</a>&nbsp;&nbsp;&nbsp;SetTextValue
<LI><a href="#[8b]">&gt;&gt;</a>&nbsp;&nbsp;&nbsp;__2sprintf
</UL>
<BR>[Called By]<UL><LI><a href="#[b0]">&gt;&gt;</a>&nbsp;&nbsp;&nbsp;variables_update
</UL>

<P><STRONG><a name="[b5]"></a>load_pw_switches</STRONG> (Thumb, 72 bytes, Stack size 8 bytes, settings.o(.text))
<BR><BR>[Stack]<UL><LI>Max Depth = 8<LI>Call Chain = load_pw_switches
</UL>
<BR>[Called By]<UL><LI><a href="#[b0]">&gt;&gt;</a>&nbsp;&nbsp;&nbsp;variables_update
</UL>

<P><STRONG><a name="[8e]"></a>LoadPowerSavingData</STRONG> (Thumb, 98 bytes, Stack size 16 bytes, settings.o(.text))
<BR><BR>[Stack]<UL><LI>Max Depth = 40<LI>Call Chain = LoadPowerSavingData &rArr; __2printf
</UL>
<BR>[Calls]<UL><LI><a href="#[5f]">&gt;&gt;</a>&nbsp;&nbsp;&nbsp;__2printf
</UL>
<BR>[Called By]<UL><LI><a href="#[b0]">&gt;&gt;</a>&nbsp;&nbsp;&nbsp;variables_update
</UL>

<P><STRONG><a name="[6f]"></a>load_err_record</STRONG> (Thumb, 178 bytes, Stack size 40 bytes, settings.o(.text))
<BR><BR>[Stack]<UL><LI>Max Depth = 152<LI>Call Chain = load_err_record &rArr; show_an_err_record &rArr; SetTextValue &rArr; SendStrings &rArr; SendChar
</UL>
<BR>[Calls]<UL><LI><a href="#[8f]">&gt;&gt;</a>&nbsp;&nbsp;&nbsp;show_an_err_record
<LI><a href="#[84]">&gt;&gt;</a>&nbsp;&nbsp;&nbsp;STM32_FLASH_Read
<LI><a href="#[5f]">&gt;&gt;</a>&nbsp;&nbsp;&nbsp;__2printf
</UL>
<BR>[Called By]<UL><LI><a href="#[44]">&gt;&gt;</a>&nbsp;&nbsp;&nbsp;main
</UL>

<P><STRONG><a name="[90]"></a>save_error</STRONG> (Thumb, 394 bytes, Stack size 32 bytes, settings.o(.text))
<BR><BR>[Stack]<UL><LI>Max Depth = 116<LI>Call Chain = save_error &rArr; STM32_FLASH_Write &rArr; STM32_FLASH_Write_NoCheck &rArr; FLASH_ProgramHalfWord &rArr; FLASH_WaitForLastOperation
</UL>
<BR>[Calls]<UL><LI><a href="#[91]">&gt;&gt;</a>&nbsp;&nbsp;&nbsp;STM32_FLASH_Write
</UL>
<BR>[Called By]<UL><LI><a href="#[1eb]">&gt;&gt;</a>&nbsp;&nbsp;&nbsp;general_recorder
<LI><a href="#[1db]">&gt;&gt;</a>&nbsp;&nbsp;&nbsp;pump_error_recorder
</UL>

<P><STRONG><a name="[92]"></a>SaveDeviceAddress</STRONG> (Thumb, 22 bytes, Stack size 8 bytes, settings.o(.text))
<BR><BR>[Stack]<UL><LI>Max Depth = 92<LI>Call Chain = SaveDeviceAddress &rArr; STM32_FLASH_Write &rArr; STM32_FLASH_Write_NoCheck &rArr; FLASH_ProgramHalfWord &rArr; FLASH_WaitForLastOperation
</UL>
<BR>[Calls]<UL><LI><a href="#[91]">&gt;&gt;</a>&nbsp;&nbsp;&nbsp;STM32_FLASH_Write
</UL>
<BR>[Called By]<UL><LI><a href="#[13a]">&gt;&gt;</a>&nbsp;&nbsp;&nbsp;NotifyButton
<LI><a href="#[e9]">&gt;&gt;</a>&nbsp;&nbsp;&nbsp;FactorySettings
</UL>

<P><STRONG><a name="[93]"></a>SaveUse60Hz</STRONG> (Thumb, 22 bytes, Stack size 16 bytes, settings.o(.text))
<BR><BR>[Stack]<UL><LI>Max Depth = 100<LI>Call Chain = SaveUse60Hz &rArr; STM32_FLASH_Write &rArr; STM32_FLASH_Write_NoCheck &rArr; FLASH_ProgramHalfWord &rArr; FLASH_WaitForLastOperation
</UL>
<BR>[Calls]<UL><LI><a href="#[91]">&gt;&gt;</a>&nbsp;&nbsp;&nbsp;STM32_FLASH_Write
</UL>
<BR>[Called By]<UL><LI><a href="#[e9]">&gt;&gt;</a>&nbsp;&nbsp;&nbsp;FactorySettings
<LI><a href="#[ce]">&gt;&gt;</a>&nbsp;&nbsp;&nbsp;SaveSettingsToFlash
</UL>

<P><STRONG><a name="[94]"></a>SaveCaliCoeffs</STRONG> (Thumb, 34 bytes, Stack size 16 bytes, settings.o(.text))
<BR><BR>[Stack]<UL><LI>Max Depth = 100<LI>Call Chain = SaveCaliCoeffs &rArr; STM32_FLASH_Write &rArr; STM32_FLASH_Write_NoCheck &rArr; FLASH_ProgramHalfWord &rArr; FLASH_WaitForLastOperation
</UL>
<BR>[Calls]<UL><LI><a href="#[91]">&gt;&gt;</a>&nbsp;&nbsp;&nbsp;STM32_FLASH_Write
</UL>
<BR>[Called By]<UL><LI><a href="#[e9]">&gt;&gt;</a>&nbsp;&nbsp;&nbsp;FactorySettings
</UL>

<P><STRONG><a name="[95]"></a>SaveRemoteTargetEnable</STRONG> (Thumb, 22 bytes, Stack size 16 bytes, settings.o(.text))
<BR><BR>[Stack]<UL><LI>Max Depth = 100<LI>Call Chain = SaveRemoteTargetEnable &rArr; STM32_FLASH_Write &rArr; STM32_FLASH_Write_NoCheck &rArr; FLASH_ProgramHalfWord &rArr; FLASH_WaitForLastOperation
</UL>
<BR>[Calls]<UL><LI><a href="#[91]">&gt;&gt;</a>&nbsp;&nbsp;&nbsp;STM32_FLASH_Write
</UL>
<BR>[Called By]<UL><LI><a href="#[f5]">&gt;&gt;</a>&nbsp;&nbsp;&nbsp;SaveScheduleToFlash
<LI><a href="#[e9]">&gt;&gt;</a>&nbsp;&nbsp;&nbsp;FactorySettings
</UL>

<P><STRONG><a name="[96]"></a>SaveUseIoTargetPressure</STRONG> (Thumb, 22 bytes, Stack size 16 bytes, settings.o(.text))
<BR><BR>[Stack]<UL><LI>Max Depth = 100<LI>Call Chain = SaveUseIoTargetPressure &rArr; STM32_FLASH_Write &rArr; STM32_FLASH_Write_NoCheck &rArr; FLASH_ProgramHalfWord &rArr; FLASH_WaitForLastOperation
</UL>
<BR>[Calls]<UL><LI><a href="#[91]">&gt;&gt;</a>&nbsp;&nbsp;&nbsp;STM32_FLASH_Write
</UL>
<BR>[Called By]<UL><LI><a href="#[f5]">&gt;&gt;</a>&nbsp;&nbsp;&nbsp;SaveScheduleToFlash
<LI><a href="#[e9]">&gt;&gt;</a>&nbsp;&nbsp;&nbsp;FactorySettings
</UL>

<P><STRONG><a name="[97]"></a>save_target_locker</STRONG> (Thumb, 22 bytes, Stack size 16 bytes, settings.o(.text))
<BR><BR>[Stack]<UL><LI>Max Depth = 100<LI>Call Chain = save_target_locker &rArr; STM32_FLASH_Write &rArr; STM32_FLASH_Write_NoCheck &rArr; FLASH_ProgramHalfWord &rArr; FLASH_WaitForLastOperation
</UL>
<BR>[Calls]<UL><LI><a href="#[91]">&gt;&gt;</a>&nbsp;&nbsp;&nbsp;STM32_FLASH_Write
</UL>
<BR>[Called By]<UL><LI><a href="#[13a]">&gt;&gt;</a>&nbsp;&nbsp;&nbsp;NotifyButton
<LI><a href="#[e9]">&gt;&gt;</a>&nbsp;&nbsp;&nbsp;FactorySettings
</UL>

<P><STRONG><a name="[98]"></a>save_target_locker_delta</STRONG> (Thumb, 52 bytes, Stack size 16 bytes, settings.o(.text))
<BR><BR>[Stack]<UL><LI>Max Depth = 100<LI>Call Chain = save_target_locker_delta &rArr; STM32_FLASH_Write &rArr; STM32_FLASH_Write_NoCheck &rArr; FLASH_ProgramHalfWord &rArr; FLASH_WaitForLastOperation
</UL>
<BR>[Calls]<UL><LI><a href="#[99]">&gt;&gt;</a>&nbsp;&nbsp;&nbsp;__aeabi_fmul
<LI><a href="#[9a]">&gt;&gt;</a>&nbsp;&nbsp;&nbsp;__aeabi_f2iz
<LI><a href="#[91]">&gt;&gt;</a>&nbsp;&nbsp;&nbsp;STM32_FLASH_Write
<LI><a href="#[5f]">&gt;&gt;</a>&nbsp;&nbsp;&nbsp;__2printf
</UL>
<BR>[Called By]<UL><LI><a href="#[13a]">&gt;&gt;</a>&nbsp;&nbsp;&nbsp;NotifyButton
<LI><a href="#[e9]">&gt;&gt;</a>&nbsp;&nbsp;&nbsp;FactorySettings
</UL>

<P><STRONG><a name="[9b]"></a>save_speed_up_factor_value</STRONG> (Thumb, 38 bytes, Stack size 16 bytes, settings.o(.text))
<BR><BR>[Stack]<UL><LI>Max Depth = 100<LI>Call Chain = save_speed_up_factor_value &rArr; STM32_FLASH_Write &rArr; STM32_FLASH_Write_NoCheck &rArr; FLASH_ProgramHalfWord &rArr; FLASH_WaitForLastOperation
</UL>
<BR>[Calls]<UL><LI><a href="#[99]">&gt;&gt;</a>&nbsp;&nbsp;&nbsp;__aeabi_fmul
<LI><a href="#[9a]">&gt;&gt;</a>&nbsp;&nbsp;&nbsp;__aeabi_f2iz
<LI><a href="#[91]">&gt;&gt;</a>&nbsp;&nbsp;&nbsp;STM32_FLASH_Write
</UL>
<BR>[Called By]<UL><LI><a href="#[e9]">&gt;&gt;</a>&nbsp;&nbsp;&nbsp;FactorySettings
<LI><a href="#[9c]">&gt;&gt;</a>&nbsp;&nbsp;&nbsp;save_speed_up_factor
</UL>

<P><STRONG><a name="[9c]"></a>save_speed_up_factor</STRONG> (Thumb, 12 bytes, Stack size 8 bytes, settings.o(.text))
<BR><BR>[Stack]<UL><LI>Max Depth = 108<LI>Call Chain = save_speed_up_factor &rArr; save_speed_up_factor_value &rArr; STM32_FLASH_Write &rArr; STM32_FLASH_Write_NoCheck &rArr; FLASH_ProgramHalfWord &rArr; FLASH_WaitForLastOperation
</UL>
<BR>[Calls]<UL><LI><a href="#[9b]">&gt;&gt;</a>&nbsp;&nbsp;&nbsp;save_speed_up_factor_value
</UL>
<BR>[Called By]<UL><LI><a href="#[ce]">&gt;&gt;</a>&nbsp;&nbsp;&nbsp;SaveSettingsToFlash
</UL>

<P><STRONG><a name="[9d]"></a>save_pump_cancel_freq</STRONG> (Thumb, 28 bytes, Stack size 16 bytes, settings.o(.text))
<BR><BR>[Stack]<UL><LI>Max Depth = 100<LI>Call Chain = save_pump_cancel_freq &rArr; STM32_FLASH_Write &rArr; STM32_FLASH_Write_NoCheck &rArr; FLASH_ProgramHalfWord &rArr; FLASH_WaitForLastOperation
</UL>
<BR>[Calls]<UL><LI><a href="#[91]">&gt;&gt;</a>&nbsp;&nbsp;&nbsp;STM32_FLASH_Write
</UL>
<BR>[Called By]<UL><LI><a href="#[e9]">&gt;&gt;</a>&nbsp;&nbsp;&nbsp;FactorySettings
</UL>

<P><STRONG><a name="[9e]"></a>save_pump_max_freq</STRONG> (Thumb, 58 bytes, Stack size 16 bytes, settings.o(.text))
<BR><BR>[Stack]<UL><LI>Max Depth = 100<LI>Call Chain = save_pump_max_freq &rArr; STM32_FLASH_Write &rArr; STM32_FLASH_Write_NoCheck &rArr; FLASH_ProgramHalfWord &rArr; FLASH_WaitForLastOperation
</UL>
<BR>[Calls]<UL><LI><a href="#[99]">&gt;&gt;</a>&nbsp;&nbsp;&nbsp;__aeabi_fmul
<LI><a href="#[9a]">&gt;&gt;</a>&nbsp;&nbsp;&nbsp;__aeabi_f2iz
<LI><a href="#[91]">&gt;&gt;</a>&nbsp;&nbsp;&nbsp;STM32_FLASH_Write
</UL>
<BR>[Called By]<UL><LI><a href="#[e9]">&gt;&gt;</a>&nbsp;&nbsp;&nbsp;FactorySettings
</UL>

<P><STRONG><a name="[9f]"></a>save_avf_mode</STRONG> (Thumb, 28 bytes, Stack size 16 bytes, settings.o(.text), UNUSED)
<BR><BR>[Calls]<UL><LI><a href="#[91]">&gt;&gt;</a>&nbsp;&nbsp;&nbsp;STM32_FLASH_Write
</UL>

<P><STRONG><a name="[a0]"></a>load_target_locker</STRONG> (Thumb, 50 bytes, Stack size 8 bytes, settings.o(.text))
<BR><BR>[Stack]<UL><LI>Max Depth = 32<LI>Call Chain = load_target_locker &rArr; __2printf
</UL>
<BR>[Calls]<UL><LI><a href="#[84]">&gt;&gt;</a>&nbsp;&nbsp;&nbsp;STM32_FLASH_Read
<LI><a href="#[5f]">&gt;&gt;</a>&nbsp;&nbsp;&nbsp;__2printf
</UL>
<BR>[Called By]<UL><LI><a href="#[b0]">&gt;&gt;</a>&nbsp;&nbsp;&nbsp;variables_update
</UL>

<P><STRONG><a name="[a1]"></a>load_pump_temp_setting</STRONG> (Thumb, 446 bytes, Stack size 80 bytes, settings.o(.text))
<BR><BR>[Stack]<UL><LI>Max Depth = 184<LI>Call Chain = load_pump_temp_setting &rArr; __aeabi_dadd &rArr; _double_epilogue &rArr; _double_round
</UL>
<BR>[Calls]<UL><LI><a href="#[a2]">&gt;&gt;</a>&nbsp;&nbsp;&nbsp;__aeabi_ui2d
<LI><a href="#[a8]">&gt;&gt;</a>&nbsp;&nbsp;&nbsp;__aeabi_i2d
<LI><a href="#[99]">&gt;&gt;</a>&nbsp;&nbsp;&nbsp;__aeabi_fmul
<LI><a href="#[a6]">&gt;&gt;</a>&nbsp;&nbsp;&nbsp;__aeabi_f2d
<LI><a href="#[a3]">&gt;&gt;</a>&nbsp;&nbsp;&nbsp;__aeabi_ddiv
<LI><a href="#[a4]">&gt;&gt;</a>&nbsp;&nbsp;&nbsp;__aeabi_dadd
<LI><a href="#[a5]">&gt;&gt;</a>&nbsp;&nbsp;&nbsp;__aeabi_d2f
<LI><a href="#[a9]">&gt;&gt;</a>&nbsp;&nbsp;&nbsp;__aeabi_cdrcmple
<LI><a href="#[a7]">&gt;&gt;</a>&nbsp;&nbsp;&nbsp;__aeabi_cdcmple
<LI><a href="#[8c]">&gt;&gt;</a>&nbsp;&nbsp;&nbsp;SetButtonValue
<LI><a href="#[84]">&gt;&gt;</a>&nbsp;&nbsp;&nbsp;STM32_FLASH_Read
<LI><a href="#[63]">&gt;&gt;</a>&nbsp;&nbsp;&nbsp;delay_ms
<LI><a href="#[50]">&gt;&gt;</a>&nbsp;&nbsp;&nbsp;SetTextValue
<LI><a href="#[8b]">&gt;&gt;</a>&nbsp;&nbsp;&nbsp;__2sprintf
<LI><a href="#[5f]">&gt;&gt;</a>&nbsp;&nbsp;&nbsp;__2printf
</UL>
<BR>[Called By]<UL><LI><a href="#[e7]">&gt;&gt;</a>&nbsp;&nbsp;&nbsp;LoadAllSettingsInFlash
</UL>

<P><STRONG><a name="[aa]"></a>save_pump_temp_setting</STRONG> (Thumb, 594 bytes, Stack size 40 bytes, settings.o(.text))
<BR><BR>[Stack]<UL><LI>Max Depth = 124<LI>Call Chain = save_pump_temp_setting &rArr; STM32_FLASH_Write &rArr; STM32_FLASH_Write_NoCheck &rArr; FLASH_ProgramHalfWord &rArr; FLASH_WaitForLastOperation
</UL>
<BR>[Calls]<UL><LI><a href="#[ab]">&gt;&gt;</a>&nbsp;&nbsp;&nbsp;__aeabi_ui2f
<LI><a href="#[ac]">&gt;&gt;</a>&nbsp;&nbsp;&nbsp;__aeabi_frsub
<LI><a href="#[99]">&gt;&gt;</a>&nbsp;&nbsp;&nbsp;__aeabi_fmul
<LI><a href="#[9a]">&gt;&gt;</a>&nbsp;&nbsp;&nbsp;__aeabi_f2iz
<LI><a href="#[a6]">&gt;&gt;</a>&nbsp;&nbsp;&nbsp;__aeabi_f2d
<LI><a href="#[ad]">&gt;&gt;</a>&nbsp;&nbsp;&nbsp;__aeabi_cfcmple
<LI><a href="#[91]">&gt;&gt;</a>&nbsp;&nbsp;&nbsp;STM32_FLASH_Write
<LI><a href="#[5f]">&gt;&gt;</a>&nbsp;&nbsp;&nbsp;__2printf
</UL>
<BR>[Called By]<UL><LI><a href="#[13a]">&gt;&gt;</a>&nbsp;&nbsp;&nbsp;NotifyButton
<LI><a href="#[ae]">&gt;&gt;</a>&nbsp;&nbsp;&nbsp;save_pump_temp_setting_default
</UL>

<P><STRONG><a name="[ae]"></a>save_pump_temp_setting_default</STRONG> (Thumb, 48 bytes, Stack size 8 bytes, settings.o(.text))
<BR><BR>[Stack]<UL><LI>Max Depth = 132<LI>Call Chain = save_pump_temp_setting_default &rArr; save_pump_temp_setting &rArr; STM32_FLASH_Write &rArr; STM32_FLASH_Write_NoCheck &rArr; FLASH_ProgramHalfWord &rArr; FLASH_WaitForLastOperation
</UL>
<BR>[Calls]<UL><LI><a href="#[aa]">&gt;&gt;</a>&nbsp;&nbsp;&nbsp;save_pump_temp_setting
</UL>
<BR>[Called By]<UL><LI><a href="#[e9]">&gt;&gt;</a>&nbsp;&nbsp;&nbsp;FactorySettings
</UL>

<P><STRONG><a name="[af]"></a>save_remote_target_default</STRONG> (Thumb, 22 bytes, Stack size 8 bytes, settings.o(.text))
<BR><BR>[Stack]<UL><LI>Max Depth = 92<LI>Call Chain = save_remote_target_default &rArr; STM32_FLASH_Write &rArr; STM32_FLASH_Write_NoCheck &rArr; FLASH_ProgramHalfWord &rArr; FLASH_WaitForLastOperation
</UL>
<BR>[Calls]<UL><LI><a href="#[91]">&gt;&gt;</a>&nbsp;&nbsp;&nbsp;STM32_FLASH_Write
</UL>
<BR>[Called By]<UL><LI><a href="#[e9]">&gt;&gt;</a>&nbsp;&nbsp;&nbsp;FactorySettings
</UL>

<P><STRONG><a name="[b0]"></a>variables_update</STRONG> (Thumb, 1622 bytes, Stack size 48 bytes, settings.o(.text))
<BR><BR>[Stack]<UL><LI>Max Depth = 416<LI>Call Chain = variables_update &rArr; load_company_name &rArr; __0sscanf &rArr; __vfscanf_char &rArr; __vfscanf &rArr; _scanf_real
</UL>
<BR>[Calls]<UL><LI><a href="#[a2]">&gt;&gt;</a>&nbsp;&nbsp;&nbsp;__aeabi_ui2d
<LI><a href="#[b2]">&gt;&gt;</a>&nbsp;&nbsp;&nbsp;__aeabi_i2f
<LI><a href="#[a8]">&gt;&gt;</a>&nbsp;&nbsp;&nbsp;__aeabi_i2d
<LI><a href="#[a6]">&gt;&gt;</a>&nbsp;&nbsp;&nbsp;__aeabi_f2d
<LI><a href="#[b3]">&gt;&gt;</a>&nbsp;&nbsp;&nbsp;__aeabi_drsub
<LI><a href="#[a3]">&gt;&gt;</a>&nbsp;&nbsp;&nbsp;__aeabi_ddiv
<LI><a href="#[a5]">&gt;&gt;</a>&nbsp;&nbsp;&nbsp;__aeabi_d2f
<LI><a href="#[b4]">&gt;&gt;</a>&nbsp;&nbsp;&nbsp;SetBias
<LI><a href="#[8d]">&gt;&gt;</a>&nbsp;&nbsp;&nbsp;RefreshButtons
<LI><a href="#[a0]">&gt;&gt;</a>&nbsp;&nbsp;&nbsp;load_target_locker
<LI><a href="#[8e]">&gt;&gt;</a>&nbsp;&nbsp;&nbsp;LoadPowerSavingData
<LI><a href="#[b5]">&gt;&gt;</a>&nbsp;&nbsp;&nbsp;load_pw_switches
<LI><a href="#[89]">&gt;&gt;</a>&nbsp;&nbsp;&nbsp;load_expire_date
<LI><a href="#[88]">&gt;&gt;</a>&nbsp;&nbsp;&nbsp;load_phone_nbr
<LI><a href="#[83]">&gt;&gt;</a>&nbsp;&nbsp;&nbsp;load_company_name
<LI><a href="#[b1]">&gt;&gt;</a>&nbsp;&nbsp;&nbsp;set_usability
<LI><a href="#[5f]">&gt;&gt;</a>&nbsp;&nbsp;&nbsp;__2printf
</UL>
<BR>[Called By]<UL><LI><a href="#[da]">&gt;&gt;</a>&nbsp;&nbsp;&nbsp;UseData
<LI><a href="#[c7]">&gt;&gt;</a>&nbsp;&nbsp;&nbsp;UseSettingsInFlash
</UL>

<P><STRONG><a name="[b6]"></a>controls_update_SCREEN_SCREEN_SETTING</STRONG> (Thumb, 64 bytes, Stack size 16 bytes, settings.o(.text))
<BR><BR>[Stack]<UL><LI>Max Depth = 48<LI>Call Chain = controls_update_SCREEN_SCREEN_SETTING &rArr; SetPowerSaving &rArr; SendChar
</UL>
<BR>[Calls]<UL><LI><a href="#[b7]">&gt;&gt;</a>&nbsp;&nbsp;&nbsp;SetPowerSaving
<LI><a href="#[8c]">&gt;&gt;</a>&nbsp;&nbsp;&nbsp;SetButtonValue
<LI><a href="#[50]">&gt;&gt;</a>&nbsp;&nbsp;&nbsp;SetTextValue
<LI><a href="#[8b]">&gt;&gt;</a>&nbsp;&nbsp;&nbsp;__2sprintf
</UL>
<BR>[Called By]<UL><LI><a href="#[c6]">&gt;&gt;</a>&nbsp;&nbsp;&nbsp;controls_update
</UL>

<P><STRONG><a name="[b8]"></a>controls_update_SCREEN_PUMP_GROUPING</STRONG> (Thumb, 866 bytes, Stack size 16 bytes, settings.o(.text))
<BR><BR>[Stack]<UL><LI>Max Depth = 48<LI>Call Chain = controls_update_SCREEN_PUMP_GROUPING &rArr; SetTextValue &rArr; SendStrings &rArr; SendChar
</UL>
<BR>[Calls]<UL><LI><a href="#[b9]">&gt;&gt;</a>&nbsp;&nbsp;&nbsp;SetControlVisiable
<LI><a href="#[8c]">&gt;&gt;</a>&nbsp;&nbsp;&nbsp;SetButtonValue
<LI><a href="#[63]">&gt;&gt;</a>&nbsp;&nbsp;&nbsp;delay_ms
<LI><a href="#[50]">&gt;&gt;</a>&nbsp;&nbsp;&nbsp;SetTextValue
<LI><a href="#[8b]">&gt;&gt;</a>&nbsp;&nbsp;&nbsp;__2sprintf
<LI><a href="#[5f]">&gt;&gt;</a>&nbsp;&nbsp;&nbsp;__2printf
</UL>
<BR>[Called By]<UL><LI><a href="#[c6]">&gt;&gt;</a>&nbsp;&nbsp;&nbsp;controls_update
<LI><a href="#[161]">&gt;&gt;</a>&nbsp;&nbsp;&nbsp;AnswerApiSetNonNeagtive
</UL>

<P><STRONG><a name="[ba]"></a>controls_update_SCREEN_OUTLET_SENSOR</STRONG> (Thumb, 272 bytes, Stack size 24 bytes, settings.o(.text))
<BR><BR>[Stack]<UL><LI>Max Depth = 56<LI>Call Chain = controls_update_SCREEN_OUTLET_SENSOR &rArr; SetTextValue &rArr; SendStrings &rArr; SendChar
</UL>
<BR>[Calls]<UL><LI><a href="#[a6]">&gt;&gt;</a>&nbsp;&nbsp;&nbsp;__aeabi_f2d
<LI><a href="#[8c]">&gt;&gt;</a>&nbsp;&nbsp;&nbsp;SetButtonValue
<LI><a href="#[50]">&gt;&gt;</a>&nbsp;&nbsp;&nbsp;SetTextValue
<LI><a href="#[8b]">&gt;&gt;</a>&nbsp;&nbsp;&nbsp;__2sprintf
<LI><a href="#[5f]">&gt;&gt;</a>&nbsp;&nbsp;&nbsp;__2printf
</UL>
<BR>[Called By]<UL><LI><a href="#[c6]">&gt;&gt;</a>&nbsp;&nbsp;&nbsp;controls_update
</UL>

<P><STRONG><a name="[bb]"></a>controls_update_SCREEN_ENTRANCE_SENSOR</STRONG> (Thumb, 318 bytes, Stack size 24 bytes, settings.o(.text))
<BR><BR>[Stack]<UL><LI>Max Depth = 56<LI>Call Chain = controls_update_SCREEN_ENTRANCE_SENSOR &rArr; SetTextValue &rArr; SendStrings &rArr; SendChar
</UL>
<BR>[Calls]<UL><LI><a href="#[a6]">&gt;&gt;</a>&nbsp;&nbsp;&nbsp;__aeabi_f2d
<LI><a href="#[8c]">&gt;&gt;</a>&nbsp;&nbsp;&nbsp;SetButtonValue
<LI><a href="#[50]">&gt;&gt;</a>&nbsp;&nbsp;&nbsp;SetTextValue
<LI><a href="#[8b]">&gt;&gt;</a>&nbsp;&nbsp;&nbsp;__2sprintf
</UL>
<BR>[Called By]<UL><LI><a href="#[c6]">&gt;&gt;</a>&nbsp;&nbsp;&nbsp;controls_update
</UL>

<P><STRONG><a name="[bc]"></a>controls_update_SCREEN_ENTRANCE_SENSOR0</STRONG> (Thumb, 602 bytes, Stack size 24 bytes, settings.o(.text))
<BR><BR>[Stack]<UL><LI>Max Depth = 56<LI>Call Chain = controls_update_SCREEN_ENTRANCE_SENSOR0 &rArr; SetTextValue &rArr; SendStrings &rArr; SendChar
</UL>
<BR>[Calls]<UL><LI><a href="#[bd]">&gt;&gt;</a>&nbsp;&nbsp;&nbsp;SetProgressValue
<LI><a href="#[8c]">&gt;&gt;</a>&nbsp;&nbsp;&nbsp;SetButtonValue
<LI><a href="#[50]">&gt;&gt;</a>&nbsp;&nbsp;&nbsp;SetTextValue
<LI><a href="#[8b]">&gt;&gt;</a>&nbsp;&nbsp;&nbsp;__2sprintf
<LI><a href="#[5f]">&gt;&gt;</a>&nbsp;&nbsp;&nbsp;__2printf
</UL>
<BR>[Called By]<UL><LI><a href="#[c6]">&gt;&gt;</a>&nbsp;&nbsp;&nbsp;controls_update
</UL>

<P><STRONG><a name="[be]"></a>controls_update_SCREEN_ENTRANCE_SENSOR2</STRONG> (Thumb, 178 bytes, Stack size 32 bytes, settings.o(.text))
<BR><BR>[Stack]<UL><LI>Max Depth = 104<LI>Call Chain = controls_update_SCREEN_ENTRANCE_SENSOR2 &rArr; __aeabi_ui2d &rArr; _double_epilogue &rArr; _double_round
</UL>
<BR>[Calls]<UL><LI><a href="#[a2]">&gt;&gt;</a>&nbsp;&nbsp;&nbsp;__aeabi_ui2d
<LI><a href="#[a8]">&gt;&gt;</a>&nbsp;&nbsp;&nbsp;__aeabi_i2d
<LI><a href="#[a6]">&gt;&gt;</a>&nbsp;&nbsp;&nbsp;__aeabi_f2d
<LI><a href="#[a3]">&gt;&gt;</a>&nbsp;&nbsp;&nbsp;__aeabi_ddiv
<LI><a href="#[a5]">&gt;&gt;</a>&nbsp;&nbsp;&nbsp;__aeabi_d2f
<LI><a href="#[8c]">&gt;&gt;</a>&nbsp;&nbsp;&nbsp;SetButtonValue
<LI><a href="#[50]">&gt;&gt;</a>&nbsp;&nbsp;&nbsp;SetTextValue
<LI><a href="#[8b]">&gt;&gt;</a>&nbsp;&nbsp;&nbsp;__2sprintf
</UL>
<BR>[Called By]<UL><LI><a href="#[c6]">&gt;&gt;</a>&nbsp;&nbsp;&nbsp;controls_update
</UL>

<P><STRONG><a name="[bf]"></a>controls_update_SCREEN_PUMP_SWITCH_CONDTION</STRONG> (Thumb, 516 bytes, Stack size 40 bytes, settings.o(.text))
<BR><BR>[Stack]<UL><LI>Max Depth = 112<LI>Call Chain = controls_update_SCREEN_PUMP_SWITCH_CONDTION &rArr; __aeabi_ui2d &rArr; _double_epilogue &rArr; _double_round
</UL>
<BR>[Calls]<UL><LI><a href="#[a2]">&gt;&gt;</a>&nbsp;&nbsp;&nbsp;__aeabi_ui2d
<LI><a href="#[a6]">&gt;&gt;</a>&nbsp;&nbsp;&nbsp;__aeabi_f2d
<LI><a href="#[a3]">&gt;&gt;</a>&nbsp;&nbsp;&nbsp;__aeabi_ddiv
<LI><a href="#[a5]">&gt;&gt;</a>&nbsp;&nbsp;&nbsp;__aeabi_d2f
<LI><a href="#[8c]">&gt;&gt;</a>&nbsp;&nbsp;&nbsp;SetButtonValue
<LI><a href="#[50]">&gt;&gt;</a>&nbsp;&nbsp;&nbsp;SetTextValue
<LI><a href="#[8b]">&gt;&gt;</a>&nbsp;&nbsp;&nbsp;__2sprintf
</UL>
<BR>[Called By]<UL><LI><a href="#[c6]">&gt;&gt;</a>&nbsp;&nbsp;&nbsp;controls_update
</UL>

<P><STRONG><a name="[c0]"></a>controls_update_SCREEN_SLEEP_SETTING</STRONG> (Thumb, 422 bytes, Stack size 40 bytes, settings.o(.text))
<BR><BR>[Stack]<UL><LI>Max Depth = 112<LI>Call Chain = controls_update_SCREEN_SLEEP_SETTING &rArr; __aeabi_ui2d &rArr; _double_epilogue &rArr; _double_round
</UL>
<BR>[Calls]<UL><LI><a href="#[a2]">&gt;&gt;</a>&nbsp;&nbsp;&nbsp;__aeabi_ui2d
<LI><a href="#[a6]">&gt;&gt;</a>&nbsp;&nbsp;&nbsp;__aeabi_f2d
<LI><a href="#[a3]">&gt;&gt;</a>&nbsp;&nbsp;&nbsp;__aeabi_ddiv
<LI><a href="#[a5]">&gt;&gt;</a>&nbsp;&nbsp;&nbsp;__aeabi_d2f
<LI><a href="#[8c]">&gt;&gt;</a>&nbsp;&nbsp;&nbsp;SetButtonValue
<LI><a href="#[50]">&gt;&gt;</a>&nbsp;&nbsp;&nbsp;SetTextValue
<LI><a href="#[8b]">&gt;&gt;</a>&nbsp;&nbsp;&nbsp;__2sprintf
</UL>
<BR>[Called By]<UL><LI><a href="#[c6]">&gt;&gt;</a>&nbsp;&nbsp;&nbsp;controls_update
</UL>

<P><STRONG><a name="[c1]"></a>controls_update_SCREEN_POWER_UP_SETTING</STRONG> (Thumb, 206 bytes, Stack size 32 bytes, settings.o(.text))
<BR><BR>[Stack]<UL><LI>Max Depth = 64<LI>Call Chain = controls_update_SCREEN_POWER_UP_SETTING &rArr; SetTextValue &rArr; SendStrings &rArr; SendChar
</UL>
<BR>[Calls]<UL><LI><a href="#[a6]">&gt;&gt;</a>&nbsp;&nbsp;&nbsp;__aeabi_f2d
<LI><a href="#[b9]">&gt;&gt;</a>&nbsp;&nbsp;&nbsp;SetControlVisiable
<LI><a href="#[c2]">&gt;&gt;</a>&nbsp;&nbsp;&nbsp;SetControlEnable
<LI><a href="#[8c]">&gt;&gt;</a>&nbsp;&nbsp;&nbsp;SetButtonValue
<LI><a href="#[50]">&gt;&gt;</a>&nbsp;&nbsp;&nbsp;SetTextValue
<LI><a href="#[8b]">&gt;&gt;</a>&nbsp;&nbsp;&nbsp;__2sprintf
</UL>
<BR>[Called By]<UL><LI><a href="#[c6]">&gt;&gt;</a>&nbsp;&nbsp;&nbsp;controls_update
</UL>

<P><STRONG><a name="[c3]"></a>controls_update_SCREEN_VALVE_CONTROL</STRONG> (Thumb, 166 bytes, Stack size 48 bytes, settings.o(.text))
<BR><BR>[Stack]<UL><LI>Max Depth = 120<LI>Call Chain = controls_update_SCREEN_VALVE_CONTROL &rArr; __aeabi_ui2d &rArr; _double_epilogue &rArr; _double_round
</UL>
<BR>[Calls]<UL><LI><a href="#[a2]">&gt;&gt;</a>&nbsp;&nbsp;&nbsp;__aeabi_ui2d
<LI><a href="#[a6]">&gt;&gt;</a>&nbsp;&nbsp;&nbsp;__aeabi_f2d
<LI><a href="#[a3]">&gt;&gt;</a>&nbsp;&nbsp;&nbsp;__aeabi_ddiv
<LI><a href="#[a5]">&gt;&gt;</a>&nbsp;&nbsp;&nbsp;__aeabi_d2f
<LI><a href="#[8c]">&gt;&gt;</a>&nbsp;&nbsp;&nbsp;SetButtonValue
<LI><a href="#[50]">&gt;&gt;</a>&nbsp;&nbsp;&nbsp;SetTextValue
<LI><a href="#[8b]">&gt;&gt;</a>&nbsp;&nbsp;&nbsp;__2sprintf
</UL>
<BR>[Called By]<UL><LI><a href="#[c6]">&gt;&gt;</a>&nbsp;&nbsp;&nbsp;controls_update
</UL>

<P><STRONG><a name="[c4]"></a>controls_update_SCREEN_VALVE_CONTROL1</STRONG> (Thumb, 118 bytes, Stack size 40 bytes, settings.o(.text))
<BR><BR>[Stack]<UL><LI>Max Depth = 112<LI>Call Chain = controls_update_SCREEN_VALVE_CONTROL1 &rArr; __aeabi_ui2d &rArr; _double_epilogue &rArr; _double_round
</UL>
<BR>[Calls]<UL><LI><a href="#[a2]">&gt;&gt;</a>&nbsp;&nbsp;&nbsp;__aeabi_ui2d
<LI><a href="#[a6]">&gt;&gt;</a>&nbsp;&nbsp;&nbsp;__aeabi_f2d
<LI><a href="#[a3]">&gt;&gt;</a>&nbsp;&nbsp;&nbsp;__aeabi_ddiv
<LI><a href="#[a5]">&gt;&gt;</a>&nbsp;&nbsp;&nbsp;__aeabi_d2f
<LI><a href="#[50]">&gt;&gt;</a>&nbsp;&nbsp;&nbsp;SetTextValue
<LI><a href="#[8b]">&gt;&gt;</a>&nbsp;&nbsp;&nbsp;__2sprintf
</UL>
<BR>[Called By]<UL><LI><a href="#[c6]">&gt;&gt;</a>&nbsp;&nbsp;&nbsp;controls_update
</UL>

<P><STRONG><a name="[c5]"></a>controls_update_SCREEN_PID_SETTING</STRONG> (Thumb, 202 bytes, Stack size 56 bytes, settings.o(.text))
<BR><BR>[Stack]<UL><LI>Max Depth = 128<LI>Call Chain = controls_update_SCREEN_PID_SETTING &rArr; __aeabi_ui2d &rArr; _double_epilogue &rArr; _double_round
</UL>
<BR>[Calls]<UL><LI><a href="#[a2]">&gt;&gt;</a>&nbsp;&nbsp;&nbsp;__aeabi_ui2d
<LI><a href="#[a6]">&gt;&gt;</a>&nbsp;&nbsp;&nbsp;__aeabi_f2d
<LI><a href="#[a3]">&gt;&gt;</a>&nbsp;&nbsp;&nbsp;__aeabi_ddiv
<LI><a href="#[a5]">&gt;&gt;</a>&nbsp;&nbsp;&nbsp;__aeabi_d2f
<LI><a href="#[8c]">&gt;&gt;</a>&nbsp;&nbsp;&nbsp;SetButtonValue
<LI><a href="#[50]">&gt;&gt;</a>&nbsp;&nbsp;&nbsp;SetTextValue
<LI><a href="#[8b]">&gt;&gt;</a>&nbsp;&nbsp;&nbsp;__2sprintf
</UL>
<BR>[Called By]<UL><LI><a href="#[c6]">&gt;&gt;</a>&nbsp;&nbsp;&nbsp;controls_update
</UL>

<P><STRONG><a name="[c6]"></a>controls_update</STRONG> (Thumb, 118 bytes, Stack size 8 bytes, settings.o(.text))
<BR><BR>[Stack]<UL><LI>Max Depth = 136<LI>Call Chain = controls_update &rArr; controls_update_SCREEN_PID_SETTING &rArr; __aeabi_ui2d &rArr; _double_epilogue &rArr; _double_round
</UL>
<BR>[Calls]<UL><LI><a href="#[c5]">&gt;&gt;</a>&nbsp;&nbsp;&nbsp;controls_update_SCREEN_PID_SETTING
<LI><a href="#[c4]">&gt;&gt;</a>&nbsp;&nbsp;&nbsp;controls_update_SCREEN_VALVE_CONTROL1
<LI><a href="#[c3]">&gt;&gt;</a>&nbsp;&nbsp;&nbsp;controls_update_SCREEN_VALVE_CONTROL
<LI><a href="#[c1]">&gt;&gt;</a>&nbsp;&nbsp;&nbsp;controls_update_SCREEN_POWER_UP_SETTING
<LI><a href="#[c0]">&gt;&gt;</a>&nbsp;&nbsp;&nbsp;controls_update_SCREEN_SLEEP_SETTING
<LI><a href="#[bf]">&gt;&gt;</a>&nbsp;&nbsp;&nbsp;controls_update_SCREEN_PUMP_SWITCH_CONDTION
<LI><a href="#[be]">&gt;&gt;</a>&nbsp;&nbsp;&nbsp;controls_update_SCREEN_ENTRANCE_SENSOR2
<LI><a href="#[bc]">&gt;&gt;</a>&nbsp;&nbsp;&nbsp;controls_update_SCREEN_ENTRANCE_SENSOR0
<LI><a href="#[bb]">&gt;&gt;</a>&nbsp;&nbsp;&nbsp;controls_update_SCREEN_ENTRANCE_SENSOR
<LI><a href="#[ba]">&gt;&gt;</a>&nbsp;&nbsp;&nbsp;controls_update_SCREEN_OUTLET_SENSOR
<LI><a href="#[b8]">&gt;&gt;</a>&nbsp;&nbsp;&nbsp;controls_update_SCREEN_PUMP_GROUPING
<LI><a href="#[b6]">&gt;&gt;</a>&nbsp;&nbsp;&nbsp;controls_update_SCREEN_SCREEN_SETTING
<LI><a href="#[5f]">&gt;&gt;</a>&nbsp;&nbsp;&nbsp;__2printf
</UL>
<BR>[Called By]<UL><LI><a href="#[da]">&gt;&gt;</a>&nbsp;&nbsp;&nbsp;UseData
<LI><a href="#[c7]">&gt;&gt;</a>&nbsp;&nbsp;&nbsp;UseSettingsInFlash
</UL>

<P><STRONG><a name="[c7]"></a>UseSettingsInFlash</STRONG> (Thumb, 530 bytes, Stack size 56 bytes, settings.o(.text))
<BR><BR>[Stack]<UL><LI>Max Depth = 472<LI>Call Chain = UseSettingsInFlash &rArr; variables_update &rArr; load_company_name &rArr; __0sscanf &rArr; __vfscanf_char &rArr; __vfscanf &rArr; _scanf_real
</UL>
<BR>[Calls]<UL><LI><a href="#[a8]">&gt;&gt;</a>&nbsp;&nbsp;&nbsp;__aeabi_i2d
<LI><a href="#[a6]">&gt;&gt;</a>&nbsp;&nbsp;&nbsp;__aeabi_f2d
<LI><a href="#[a3]">&gt;&gt;</a>&nbsp;&nbsp;&nbsp;__aeabi_ddiv
<LI><a href="#[a5]">&gt;&gt;</a>&nbsp;&nbsp;&nbsp;__aeabi_d2f
<LI><a href="#[cc]">&gt;&gt;</a>&nbsp;&nbsp;&nbsp;UpdatScheduleCell
<LI><a href="#[cb]">&gt;&gt;</a>&nbsp;&nbsp;&nbsp;BatchSetText
<LI><a href="#[ca]">&gt;&gt;</a>&nbsp;&nbsp;&nbsp;BatchSetButtonValue
<LI><a href="#[c9]">&gt;&gt;</a>&nbsp;&nbsp;&nbsp;BatchBegin
<LI><a href="#[c6]">&gt;&gt;</a>&nbsp;&nbsp;&nbsp;controls_update
<LI><a href="#[b0]">&gt;&gt;</a>&nbsp;&nbsp;&nbsp;variables_update
<LI><a href="#[c8]">&gt;&gt;</a>&nbsp;&nbsp;&nbsp;UnCompressData
<LI><a href="#[8b]">&gt;&gt;</a>&nbsp;&nbsp;&nbsp;__2sprintf
</UL>
<BR>[Called By]<UL><LI><a href="#[146]">&gt;&gt;</a>&nbsp;&nbsp;&nbsp;NotifyReadFlash
</UL>

<P><STRONG><a name="[cd]"></a>SavePowerSavingData</STRONG> (Thumb, 30 bytes, Stack size 8 bytes, settings.o(.text))
<BR><BR>[Stack]<UL><LI>Max Depth = 92<LI>Call Chain = SavePowerSavingData &rArr; STM32_FLASH_Write &rArr; STM32_FLASH_Write_NoCheck &rArr; FLASH_ProgramHalfWord &rArr; FLASH_WaitForLastOperation
</UL>
<BR>[Calls]<UL><LI><a href="#[91]">&gt;&gt;</a>&nbsp;&nbsp;&nbsp;STM32_FLASH_Write
</UL>
<BR>[Called By]<UL><LI><a href="#[ce]">&gt;&gt;</a>&nbsp;&nbsp;&nbsp;SaveSettingsToFlash
</UL>

<P><STRONG><a name="[ce]"></a>SaveSettingsToFlash</STRONG> (Thumb, 2080 bytes, Stack size 56 bytes, settings.o(.text))
<BR><BR>[Stack]<UL><LI>Max Depth = 164<LI>Call Chain = SaveSettingsToFlash &rArr; save_speed_up_factor &rArr; save_speed_up_factor_value &rArr; STM32_FLASH_Write &rArr; STM32_FLASH_Write_NoCheck &rArr; FLASH_ProgramHalfWord &rArr; FLASH_WaitForLastOperation
</UL>
<BR>[Calls]<UL><LI><a href="#[99]">&gt;&gt;</a>&nbsp;&nbsp;&nbsp;__aeabi_fmul
<LI><a href="#[9a]">&gt;&gt;</a>&nbsp;&nbsp;&nbsp;__aeabi_f2iz
<LI><a href="#[a6]">&gt;&gt;</a>&nbsp;&nbsp;&nbsp;__aeabi_f2d
<LI><a href="#[ad]">&gt;&gt;</a>&nbsp;&nbsp;&nbsp;__aeabi_cfcmple
<LI><a href="#[cf]">&gt;&gt;</a>&nbsp;&nbsp;&nbsp;WriteUserFlash
<LI><a href="#[91]">&gt;&gt;</a>&nbsp;&nbsp;&nbsp;STM32_FLASH_Write
<LI><a href="#[cd]">&gt;&gt;</a>&nbsp;&nbsp;&nbsp;SavePowerSavingData
<LI><a href="#[9c]">&gt;&gt;</a>&nbsp;&nbsp;&nbsp;save_speed_up_factor
<LI><a href="#[93]">&gt;&gt;</a>&nbsp;&nbsp;&nbsp;SaveUse60Hz
<LI><a href="#[5f]">&gt;&gt;</a>&nbsp;&nbsp;&nbsp;__2printf
</UL>
<BR>[Called By]<UL><LI><a href="#[13a]">&gt;&gt;</a>&nbsp;&nbsp;&nbsp;NotifyButton
<LI><a href="#[162]">&gt;&gt;</a>&nbsp;&nbsp;&nbsp;AnswerApiSetSmallPumpOn
<LI><a href="#[161]">&gt;&gt;</a>&nbsp;&nbsp;&nbsp;AnswerApiSetNonNeagtive
<LI><a href="#[153]">&gt;&gt;</a>&nbsp;&nbsp;&nbsp;save_pump_pointer
</UL>

<P><STRONG><a name="[d0]"></a>SavePW_ErrIndex</STRONG> (Thumb, 28 bytes, Stack size 16 bytes, settings.o(.text))
<BR><BR>[Stack]<UL><LI>Max Depth = 100<LI>Call Chain = SavePW_ErrIndex &rArr; STM32_FLASH_Write &rArr; STM32_FLASH_Write_NoCheck &rArr; FLASH_ProgramHalfWord &rArr; FLASH_WaitForLastOperation
</UL>
<BR>[Calls]<UL><LI><a href="#[91]">&gt;&gt;</a>&nbsp;&nbsp;&nbsp;STM32_FLASH_Write
</UL>
<BR>[Called By]<UL><LI><a href="#[12c]">&gt;&gt;</a>&nbsp;&nbsp;&nbsp;NotifyText
</UL>

<P><STRONG><a name="[d1]"></a>SaveCompanyName</STRONG> (Thumb, 74 bytes, Stack size 64 bytes, settings.o(.text))
<BR><BR>[Stack]<UL><LI>Max Depth = 148<LI>Call Chain = SaveCompanyName &rArr; STM32_FLASH_Write &rArr; STM32_FLASH_Write_NoCheck &rArr; FLASH_ProgramHalfWord &rArr; FLASH_WaitForLastOperation
</UL>
<BR>[Calls]<UL><LI><a href="#[91]">&gt;&gt;</a>&nbsp;&nbsp;&nbsp;STM32_FLASH_Write
<LI><a href="#[87]">&gt;&gt;</a>&nbsp;&nbsp;&nbsp;strcpy
<LI><a href="#[85]">&gt;&gt;</a>&nbsp;&nbsp;&nbsp;strlen
<LI><a href="#[d2]">&gt;&gt;</a>&nbsp;&nbsp;&nbsp;strcat
<LI><a href="#[5f]">&gt;&gt;</a>&nbsp;&nbsp;&nbsp;__2printf
</UL>
<BR>[Called By]<UL><LI><a href="#[12c]">&gt;&gt;</a>&nbsp;&nbsp;&nbsp;NotifyText
<LI><a href="#[e9]">&gt;&gt;</a>&nbsp;&nbsp;&nbsp;FactorySettings
</UL>

<P><STRONG><a name="[d3]"></a>SavePhoneNbr</STRONG> (Thumb, 76 bytes, Stack size 32 bytes, settings.o(.text))
<BR><BR>[Stack]<UL><LI>Max Depth = 116<LI>Call Chain = SavePhoneNbr &rArr; STM32_FLASH_Write &rArr; STM32_FLASH_Write_NoCheck &rArr; FLASH_ProgramHalfWord &rArr; FLASH_WaitForLastOperation
</UL>
<BR>[Calls]<UL><LI><a href="#[91]">&gt;&gt;</a>&nbsp;&nbsp;&nbsp;STM32_FLASH_Write
<LI><a href="#[87]">&gt;&gt;</a>&nbsp;&nbsp;&nbsp;strcpy
<LI><a href="#[85]">&gt;&gt;</a>&nbsp;&nbsp;&nbsp;strlen
<LI><a href="#[d2]">&gt;&gt;</a>&nbsp;&nbsp;&nbsp;strcat
<LI><a href="#[5f]">&gt;&gt;</a>&nbsp;&nbsp;&nbsp;__2printf
</UL>
<BR>[Called By]<UL><LI><a href="#[12c]">&gt;&gt;</a>&nbsp;&nbsp;&nbsp;NotifyText
</UL>

<P><STRONG><a name="[d5]"></a>is_leap_year</STRONG> (Thumb, 54 bytes, Stack size 0 bytes, settings.o(.text))
<BR><BR>[Called By]<UL><LI><a href="#[d4]">&gt;&gt;</a>&nbsp;&nbsp;&nbsp;DateCorrection
</UL>

<P><STRONG><a name="[d6]"></a>is_big_month</STRONG> (Thumb, 42 bytes, Stack size 12 bytes, settings.o(.text))
<BR><BR>[Stack]<UL><LI>Max Depth = 12<LI>Call Chain = is_big_month
</UL>
<BR>[Called By]<UL><LI><a href="#[d4]">&gt;&gt;</a>&nbsp;&nbsp;&nbsp;DateCorrection
</UL>

<P><STRONG><a name="[d4]"></a>DateCorrection</STRONG> (Thumb, 88 bytes, Stack size 8 bytes, settings.o(.text))
<BR><BR>[Stack]<UL><LI>Max Depth = 20<LI>Call Chain = DateCorrection &rArr; is_big_month
</UL>
<BR>[Calls]<UL><LI><a href="#[d6]">&gt;&gt;</a>&nbsp;&nbsp;&nbsp;is_big_month
<LI><a href="#[d5]">&gt;&gt;</a>&nbsp;&nbsp;&nbsp;is_leap_year
</UL>
<BR>[Called By]<UL><LI><a href="#[13a]">&gt;&gt;</a>&nbsp;&nbsp;&nbsp;NotifyButton
</UL>

<P><STRONG><a name="[d7]"></a>SaveExpireDate</STRONG> (Thumb, 76 bytes, Stack size 32 bytes, settings.o(.text))
<BR><BR>[Stack]<UL><LI>Max Depth = 116<LI>Call Chain = SaveExpireDate &rArr; STM32_FLASH_Write &rArr; STM32_FLASH_Write_NoCheck &rArr; FLASH_ProgramHalfWord &rArr; FLASH_WaitForLastOperation
</UL>
<BR>[Calls]<UL><LI><a href="#[91]">&gt;&gt;</a>&nbsp;&nbsp;&nbsp;STM32_FLASH_Write
</UL>
<BR>[Called By]<UL><LI><a href="#[13a]">&gt;&gt;</a>&nbsp;&nbsp;&nbsp;NotifyButton
</UL>

<P><STRONG><a name="[d8]"></a>UseDataTC</STRONG> (Thumb, 482 bytes, Stack size 56 bytes, settings.o(.text))
<BR><BR>[Stack]<UL><LI>Max Depth = 128<LI>Call Chain = UseDataTC &rArr; __aeabi_i2d &rArr; _double_epilogue &rArr; _double_round
</UL>
<BR>[Calls]<UL><LI><a href="#[a8]">&gt;&gt;</a>&nbsp;&nbsp;&nbsp;__aeabi_i2d
<LI><a href="#[a6]">&gt;&gt;</a>&nbsp;&nbsp;&nbsp;__aeabi_f2d
<LI><a href="#[a3]">&gt;&gt;</a>&nbsp;&nbsp;&nbsp;__aeabi_ddiv
<LI><a href="#[a5]">&gt;&gt;</a>&nbsp;&nbsp;&nbsp;__aeabi_d2f
<LI><a href="#[d9]">&gt;&gt;</a>&nbsp;&nbsp;&nbsp;__aeabi_cfrcmple
<LI><a href="#[cc]">&gt;&gt;</a>&nbsp;&nbsp;&nbsp;UpdatScheduleCell
<LI><a href="#[84]">&gt;&gt;</a>&nbsp;&nbsp;&nbsp;STM32_FLASH_Read
<LI><a href="#[cb]">&gt;&gt;</a>&nbsp;&nbsp;&nbsp;BatchSetText
<LI><a href="#[ca]">&gt;&gt;</a>&nbsp;&nbsp;&nbsp;BatchSetButtonValue
<LI><a href="#[c9]">&gt;&gt;</a>&nbsp;&nbsp;&nbsp;BatchBegin
<LI><a href="#[c8]">&gt;&gt;</a>&nbsp;&nbsp;&nbsp;UnCompressData
<LI><a href="#[8b]">&gt;&gt;</a>&nbsp;&nbsp;&nbsp;__2sprintf
</UL>
<BR>[Called By]<UL><LI><a href="#[e7]">&gt;&gt;</a>&nbsp;&nbsp;&nbsp;LoadAllSettingsInFlash
</UL>

<P><STRONG><a name="[da]"></a>UseData</STRONG> (Thumb, 28 bytes, Stack size 16 bytes, settings.o(.text))
<BR><BR>[Stack]<UL><LI>Max Depth = 432<LI>Call Chain = UseData &rArr; variables_update &rArr; load_company_name &rArr; __0sscanf &rArr; __vfscanf_char &rArr; __vfscanf &rArr; _scanf_real
</UL>
<BR>[Calls]<UL><LI><a href="#[c6]">&gt;&gt;</a>&nbsp;&nbsp;&nbsp;controls_update
<LI><a href="#[b0]">&gt;&gt;</a>&nbsp;&nbsp;&nbsp;variables_update
<LI><a href="#[63]">&gt;&gt;</a>&nbsp;&nbsp;&nbsp;delay_ms
</UL>
<BR>[Called By]<UL><LI><a href="#[e7]">&gt;&gt;</a>&nbsp;&nbsp;&nbsp;LoadAllSettingsInFlash
</UL>

<P><STRONG><a name="[db]"></a>load_pid_target_delta</STRONG> (Thumb, 180 bytes, Stack size 24 bytes, settings.o(.text))
<BR><BR>[Stack]<UL><LI>Max Depth = 128<LI>Call Chain = load_pid_target_delta &rArr; __aeabi_dmul &rArr; _double_epilogue &rArr; _double_round
</UL>
<BR>[Calls]<UL><LI><a href="#[a2]">&gt;&gt;</a>&nbsp;&nbsp;&nbsp;__aeabi_ui2d
<LI><a href="#[dc]">&gt;&gt;</a>&nbsp;&nbsp;&nbsp;__aeabi_dmul
<LI><a href="#[a5]">&gt;&gt;</a>&nbsp;&nbsp;&nbsp;__aeabi_d2f
<LI><a href="#[84]">&gt;&gt;</a>&nbsp;&nbsp;&nbsp;STM32_FLASH_Read
</UL>
<BR>[Called By]<UL><LI><a href="#[e7]">&gt;&gt;</a>&nbsp;&nbsp;&nbsp;LoadAllSettingsInFlash
</UL>

<P><STRONG><a name="[dd]"></a>load_device_address</STRONG> (Thumb, 22 bytes, Stack size 8 bytes, settings.o(.text))
<BR><BR>[Stack]<UL><LI>Max Depth = 20<LI>Call Chain = load_device_address &rArr; STM32_FLASH_Read
</UL>
<BR>[Calls]<UL><LI><a href="#[84]">&gt;&gt;</a>&nbsp;&nbsp;&nbsp;STM32_FLASH_Read
</UL>
<BR>[Called By]<UL><LI><a href="#[e7]">&gt;&gt;</a>&nbsp;&nbsp;&nbsp;LoadAllSettingsInFlash
</UL>

<P><STRONG><a name="[de]"></a>load_use60hz</STRONG> (Thumb, 76 bytes, Stack size 8 bytes, settings.o(.text))
<BR><BR>[Stack]<UL><LI>Max Depth = 32<LI>Call Chain = load_use60hz &rArr; __2printf
</UL>
<BR>[Calls]<UL><LI><a href="#[84]">&gt;&gt;</a>&nbsp;&nbsp;&nbsp;STM32_FLASH_Read
<LI><a href="#[5f]">&gt;&gt;</a>&nbsp;&nbsp;&nbsp;__2printf
</UL>
<BR>[Called By]<UL><LI><a href="#[e7]">&gt;&gt;</a>&nbsp;&nbsp;&nbsp;LoadAllSettingsInFlash
</UL>

<P><STRONG><a name="[df]"></a>load_avf_mode</STRONG> (Thumb, 58 bytes, Stack size 8 bytes, settings.o(.text))
<BR><BR>[Stack]<UL><LI>Max Depth = 32<LI>Call Chain = load_avf_mode &rArr; __2printf
</UL>
<BR>[Calls]<UL><LI><a href="#[84]">&gt;&gt;</a>&nbsp;&nbsp;&nbsp;STM32_FLASH_Read
<LI><a href="#[5f]">&gt;&gt;</a>&nbsp;&nbsp;&nbsp;__2printf
</UL>
<BR>[Called By]<UL><LI><a href="#[e7]">&gt;&gt;</a>&nbsp;&nbsp;&nbsp;LoadAllSettingsInFlash
</UL>

<P><STRONG><a name="[e0]"></a>load_pump_cancel_freq</STRONG> (Thumb, 58 bytes, Stack size 8 bytes, settings.o(.text))
<BR><BR>[Stack]<UL><LI>Max Depth = 32<LI>Call Chain = load_pump_cancel_freq &rArr; __2printf
</UL>
<BR>[Calls]<UL><LI><a href="#[84]">&gt;&gt;</a>&nbsp;&nbsp;&nbsp;STM32_FLASH_Read
<LI><a href="#[5f]">&gt;&gt;</a>&nbsp;&nbsp;&nbsp;__2printf
</UL>
<BR>[Called By]<UL><LI><a href="#[e7]">&gt;&gt;</a>&nbsp;&nbsp;&nbsp;LoadAllSettingsInFlash
</UL>

<P><STRONG><a name="[e1]"></a>load_outlet_pressure_cali_coeff</STRONG> (Thumb, 96 bytes, Stack size 24 bytes, settings.o(.text))
<BR><BR>[Stack]<UL><LI>Max Depth = 96<LI>Call Chain = load_outlet_pressure_cali_coeff &rArr; __aeabi_ui2d &rArr; _double_epilogue &rArr; _double_round
</UL>
<BR>[Calls]<UL><LI><a href="#[a2]">&gt;&gt;</a>&nbsp;&nbsp;&nbsp;__aeabi_ui2d
<LI><a href="#[a6]">&gt;&gt;</a>&nbsp;&nbsp;&nbsp;__aeabi_f2d
<LI><a href="#[a3]">&gt;&gt;</a>&nbsp;&nbsp;&nbsp;__aeabi_ddiv
<LI><a href="#[a5]">&gt;&gt;</a>&nbsp;&nbsp;&nbsp;__aeabi_d2f
<LI><a href="#[84]">&gt;&gt;</a>&nbsp;&nbsp;&nbsp;STM32_FLASH_Read
<LI><a href="#[5f]">&gt;&gt;</a>&nbsp;&nbsp;&nbsp;__2printf
</UL>
<BR>[Called By]<UL><LI><a href="#[e7]">&gt;&gt;</a>&nbsp;&nbsp;&nbsp;LoadAllSettingsInFlash
</UL>

<P><STRONG><a name="[e2]"></a>load_entrance_pressure_cali_coeff</STRONG> (Thumb, 96 bytes, Stack size 24 bytes, settings.o(.text))
<BR><BR>[Stack]<UL><LI>Max Depth = 96<LI>Call Chain = load_entrance_pressure_cali_coeff &rArr; __aeabi_ui2d &rArr; _double_epilogue &rArr; _double_round
</UL>
<BR>[Calls]<UL><LI><a href="#[a2]">&gt;&gt;</a>&nbsp;&nbsp;&nbsp;__aeabi_ui2d
<LI><a href="#[a6]">&gt;&gt;</a>&nbsp;&nbsp;&nbsp;__aeabi_f2d
<LI><a href="#[a3]">&gt;&gt;</a>&nbsp;&nbsp;&nbsp;__aeabi_ddiv
<LI><a href="#[a5]">&gt;&gt;</a>&nbsp;&nbsp;&nbsp;__aeabi_d2f
<LI><a href="#[84]">&gt;&gt;</a>&nbsp;&nbsp;&nbsp;STM32_FLASH_Read
<LI><a href="#[5f]">&gt;&gt;</a>&nbsp;&nbsp;&nbsp;__2printf
</UL>
<BR>[Called By]<UL><LI><a href="#[e7]">&gt;&gt;</a>&nbsp;&nbsp;&nbsp;LoadAllSettingsInFlash
</UL>

<P><STRONG><a name="[e3]"></a>load_remote_target_enable</STRONG> (Thumb, 58 bytes, Stack size 8 bytes, settings.o(.text))
<BR><BR>[Stack]<UL><LI>Max Depth = 32<LI>Call Chain = load_remote_target_enable &rArr; __2printf
</UL>
<BR>[Calls]<UL><LI><a href="#[84]">&gt;&gt;</a>&nbsp;&nbsp;&nbsp;STM32_FLASH_Read
<LI><a href="#[5f]">&gt;&gt;</a>&nbsp;&nbsp;&nbsp;__2printf
</UL>
<BR>[Called By]<UL><LI><a href="#[e7]">&gt;&gt;</a>&nbsp;&nbsp;&nbsp;LoadAllSettingsInFlash
</UL>

<P><STRONG><a name="[e4]"></a>load_use_io_target_pressure</STRONG> (Thumb, 58 bytes, Stack size 8 bytes, settings.o(.text))
<BR><BR>[Stack]<UL><LI>Max Depth = 32<LI>Call Chain = load_use_io_target_pressure &rArr; __2printf
</UL>
<BR>[Calls]<UL><LI><a href="#[84]">&gt;&gt;</a>&nbsp;&nbsp;&nbsp;STM32_FLASH_Read
<LI><a href="#[5f]">&gt;&gt;</a>&nbsp;&nbsp;&nbsp;__2printf
</UL>
<BR>[Called By]<UL><LI><a href="#[e7]">&gt;&gt;</a>&nbsp;&nbsp;&nbsp;LoadAllSettingsInFlash
</UL>

<P><STRONG><a name="[e5]"></a>load_speed_up_factor</STRONG> (Thumb, 96 bytes, Stack size 24 bytes, settings.o(.text))
<BR><BR>[Stack]<UL><LI>Max Depth = 96<LI>Call Chain = load_speed_up_factor &rArr; __aeabi_ui2d &rArr; _double_epilogue &rArr; _double_round
</UL>
<BR>[Calls]<UL><LI><a href="#[a2]">&gt;&gt;</a>&nbsp;&nbsp;&nbsp;__aeabi_ui2d
<LI><a href="#[a6]">&gt;&gt;</a>&nbsp;&nbsp;&nbsp;__aeabi_f2d
<LI><a href="#[a3]">&gt;&gt;</a>&nbsp;&nbsp;&nbsp;__aeabi_ddiv
<LI><a href="#[a5]">&gt;&gt;</a>&nbsp;&nbsp;&nbsp;__aeabi_d2f
<LI><a href="#[84]">&gt;&gt;</a>&nbsp;&nbsp;&nbsp;STM32_FLASH_Read
<LI><a href="#[5f]">&gt;&gt;</a>&nbsp;&nbsp;&nbsp;__2printf
</UL>
<BR>[Called By]<UL><LI><a href="#[e7]">&gt;&gt;</a>&nbsp;&nbsp;&nbsp;LoadAllSettingsInFlash
</UL>

<P><STRONG><a name="[e6]"></a>load_pump_max_freq</STRONG> (Thumb, 120 bytes, Stack size 24 bytes, settings.o(.text))
<BR><BR>[Stack]<UL><LI>Max Depth = 96<LI>Call Chain = load_pump_max_freq &rArr; __aeabi_i2d &rArr; _double_epilogue &rArr; _double_round
</UL>
<BR>[Calls]<UL><LI><a href="#[ab]">&gt;&gt;</a>&nbsp;&nbsp;&nbsp;__aeabi_ui2f
<LI><a href="#[a8]">&gt;&gt;</a>&nbsp;&nbsp;&nbsp;__aeabi_i2d
<LI><a href="#[a6]">&gt;&gt;</a>&nbsp;&nbsp;&nbsp;__aeabi_f2d
<LI><a href="#[a3]">&gt;&gt;</a>&nbsp;&nbsp;&nbsp;__aeabi_ddiv
<LI><a href="#[a5]">&gt;&gt;</a>&nbsp;&nbsp;&nbsp;__aeabi_d2f
<LI><a href="#[ad]">&gt;&gt;</a>&nbsp;&nbsp;&nbsp;__aeabi_cfcmple
<LI><a href="#[84]">&gt;&gt;</a>&nbsp;&nbsp;&nbsp;STM32_FLASH_Read
<LI><a href="#[5f]">&gt;&gt;</a>&nbsp;&nbsp;&nbsp;__2printf
</UL>
<BR>[Called By]<UL><LI><a href="#[e7]">&gt;&gt;</a>&nbsp;&nbsp;&nbsp;LoadAllSettingsInFlash
</UL>

<P><STRONG><a name="[e7]"></a>LoadAllSettingsInFlash</STRONG> (Thumb, 1080 bytes, Stack size 208 bytes, settings.o(.text))
<BR><BR>[Stack]<UL><LI>Max Depth = 640<LI>Call Chain = LoadAllSettingsInFlash &rArr; UseData &rArr; variables_update &rArr; load_company_name &rArr; __0sscanf &rArr; __vfscanf_char &rArr; __vfscanf &rArr; _scanf_real
</UL>
<BR>[Calls]<UL><LI><a href="#[a6]">&gt;&gt;</a>&nbsp;&nbsp;&nbsp;__aeabi_f2d
<LI><a href="#[84]">&gt;&gt;</a>&nbsp;&nbsp;&nbsp;STM32_FLASH_Read
<LI><a href="#[e6]">&gt;&gt;</a>&nbsp;&nbsp;&nbsp;load_pump_max_freq
<LI><a href="#[e5]">&gt;&gt;</a>&nbsp;&nbsp;&nbsp;load_speed_up_factor
<LI><a href="#[e4]">&gt;&gt;</a>&nbsp;&nbsp;&nbsp;load_use_io_target_pressure
<LI><a href="#[e3]">&gt;&gt;</a>&nbsp;&nbsp;&nbsp;load_remote_target_enable
<LI><a href="#[e2]">&gt;&gt;</a>&nbsp;&nbsp;&nbsp;load_entrance_pressure_cali_coeff
<LI><a href="#[e1]">&gt;&gt;</a>&nbsp;&nbsp;&nbsp;load_outlet_pressure_cali_coeff
<LI><a href="#[e0]">&gt;&gt;</a>&nbsp;&nbsp;&nbsp;load_pump_cancel_freq
<LI><a href="#[df]">&gt;&gt;</a>&nbsp;&nbsp;&nbsp;load_avf_mode
<LI><a href="#[de]">&gt;&gt;</a>&nbsp;&nbsp;&nbsp;load_use60hz
<LI><a href="#[dd]">&gt;&gt;</a>&nbsp;&nbsp;&nbsp;load_device_address
<LI><a href="#[db]">&gt;&gt;</a>&nbsp;&nbsp;&nbsp;load_pid_target_delta
<LI><a href="#[da]">&gt;&gt;</a>&nbsp;&nbsp;&nbsp;UseData
<LI><a href="#[d8]">&gt;&gt;</a>&nbsp;&nbsp;&nbsp;UseDataTC
<LI><a href="#[a1]">&gt;&gt;</a>&nbsp;&nbsp;&nbsp;load_pump_temp_setting
<LI><a href="#[50]">&gt;&gt;</a>&nbsp;&nbsp;&nbsp;SetTextValue
<LI><a href="#[64]">&gt;&gt;</a>&nbsp;&nbsp;&nbsp;IWDG_ReloadCounter
<LI><a href="#[8b]">&gt;&gt;</a>&nbsp;&nbsp;&nbsp;__2sprintf
<LI><a href="#[5f]">&gt;&gt;</a>&nbsp;&nbsp;&nbsp;__2printf
</UL>
<BR>[Called By]<UL><LI><a href="#[146]">&gt;&gt;</a>&nbsp;&nbsp;&nbsp;NotifyReadFlash
<LI><a href="#[69]">&gt;&gt;</a>&nbsp;&nbsp;&nbsp;FactoryCheck
</UL>

<P><STRONG><a name="[e8]"></a>user_kw_melt_down</STRONG> (Thumb, 20 bytes, Stack size 16 bytes, settings.o(.text))
<BR><BR>[Stack]<UL><LI>Max Depth = 100<LI>Call Chain = user_kw_melt_down &rArr; STM32_FLASH_Write &rArr; STM32_FLASH_Write_NoCheck &rArr; FLASH_ProgramHalfWord &rArr; FLASH_WaitForLastOperation
</UL>
<BR>[Calls]<UL><LI><a href="#[91]">&gt;&gt;</a>&nbsp;&nbsp;&nbsp;STM32_FLASH_Write
</UL>
<BR>[Called By]<UL><LI><a href="#[e9]">&gt;&gt;</a>&nbsp;&nbsp;&nbsp;FactorySettings
</UL>

<P><STRONG><a name="[e9]"></a>FactorySettings</STRONG> (Thumb, 140 bytes, Stack size 192 bytes, settings.o(.text))
<BR><BR>[Stack]<UL><LI>Max Depth = 340<LI>Call Chain = FactorySettings &rArr; SaveCompanyName &rArr; STM32_FLASH_Write &rArr; STM32_FLASH_Write_NoCheck &rArr; FLASH_ProgramHalfWord &rArr; FLASH_WaitForLastOperation
</UL>
<BR>[Calls]<UL><LI><a href="#[ea]">&gt;&gt;</a>&nbsp;&nbsp;&nbsp;clear_error
<LI><a href="#[91]">&gt;&gt;</a>&nbsp;&nbsp;&nbsp;STM32_FLASH_Write
<LI><a href="#[e8]">&gt;&gt;</a>&nbsp;&nbsp;&nbsp;user_kw_melt_down
<LI><a href="#[d1]">&gt;&gt;</a>&nbsp;&nbsp;&nbsp;SaveCompanyName
<LI><a href="#[af]">&gt;&gt;</a>&nbsp;&nbsp;&nbsp;save_remote_target_default
<LI><a href="#[ae]">&gt;&gt;</a>&nbsp;&nbsp;&nbsp;save_pump_temp_setting_default
<LI><a href="#[9e]">&gt;&gt;</a>&nbsp;&nbsp;&nbsp;save_pump_max_freq
<LI><a href="#[9d]">&gt;&gt;</a>&nbsp;&nbsp;&nbsp;save_pump_cancel_freq
<LI><a href="#[9b]">&gt;&gt;</a>&nbsp;&nbsp;&nbsp;save_speed_up_factor_value
<LI><a href="#[98]">&gt;&gt;</a>&nbsp;&nbsp;&nbsp;save_target_locker_delta
<LI><a href="#[97]">&gt;&gt;</a>&nbsp;&nbsp;&nbsp;save_target_locker
<LI><a href="#[96]">&gt;&gt;</a>&nbsp;&nbsp;&nbsp;SaveUseIoTargetPressure
<LI><a href="#[95]">&gt;&gt;</a>&nbsp;&nbsp;&nbsp;SaveRemoteTargetEnable
<LI><a href="#[94]">&gt;&gt;</a>&nbsp;&nbsp;&nbsp;SaveCaliCoeffs
<LI><a href="#[93]">&gt;&gt;</a>&nbsp;&nbsp;&nbsp;SaveUse60Hz
<LI><a href="#[92]">&gt;&gt;</a>&nbsp;&nbsp;&nbsp;SaveDeviceAddress
</UL>
<BR>[Called By]<UL><LI><a href="#[146]">&gt;&gt;</a>&nbsp;&nbsp;&nbsp;NotifyReadFlash
<LI><a href="#[13a]">&gt;&gt;</a>&nbsp;&nbsp;&nbsp;NotifyButton
<LI><a href="#[69]">&gt;&gt;</a>&nbsp;&nbsp;&nbsp;FactoryCheck
<LI><a href="#[163]">&gt;&gt;</a>&nbsp;&nbsp;&nbsp;AnswerApiSetFactoryValues
</UL>

<P><STRONG><a name="[eb]"></a>PinChecker</STRONG> (Thumb, 60 bytes, Stack size 8 bytes, settings.o(.text))
<BR><BR>[Stack]<UL><LI>Max Depth = 32<LI>Call Chain = PinChecker &rArr; SetButtonValue &rArr; SendChar
</UL>
<BR>[Calls]<UL><LI><a href="#[8c]">&gt;&gt;</a>&nbsp;&nbsp;&nbsp;SetButtonValue
<LI><a href="#[63]">&gt;&gt;</a>&nbsp;&nbsp;&nbsp;delay_ms
</UL>
<BR>[Called By]<UL><LI><a href="#[ec]">&gt;&gt;</a>&nbsp;&nbsp;&nbsp;UseBKG_SettingsInFlash
</UL>

<P><STRONG><a name="[ec]"></a>UseBKG_SettingsInFlash</STRONG> (Thumb, 216 bytes, Stack size 8 bytes, settings.o(.text))
<BR><BR>[Stack]<UL><LI>Max Depth = 40<LI>Call Chain = UseBKG_SettingsInFlash &rArr; PinChecker &rArr; SetButtonValue &rArr; SendChar
</UL>
<BR>[Calls]<UL><LI><a href="#[eb]">&gt;&gt;</a>&nbsp;&nbsp;&nbsp;PinChecker
<LI><a href="#[5f]">&gt;&gt;</a>&nbsp;&nbsp;&nbsp;__2printf
</UL>
<BR>[Called By]<UL><LI><a href="#[146]">&gt;&gt;</a>&nbsp;&nbsp;&nbsp;NotifyReadFlash
<LI><a href="#[69]">&gt;&gt;</a>&nbsp;&nbsp;&nbsp;FactoryCheck
</UL>

<P><STRONG><a name="[69]"></a>FactoryCheck</STRONG> (Thumb, 116 bytes, Stack size 16 bytes, settings.o(.text))
<BR><BR>[Stack]<UL><LI>Max Depth = 656<LI>Call Chain = FactoryCheck &rArr; LoadAllSettingsInFlash &rArr; UseData &rArr; variables_update &rArr; load_company_name &rArr; __0sscanf &rArr; __vfscanf_char &rArr; __vfscanf &rArr; _scanf_real
</UL>
<BR>[Calls]<UL><LI><a href="#[84]">&gt;&gt;</a>&nbsp;&nbsp;&nbsp;STM32_FLASH_Read
<LI><a href="#[ec]">&gt;&gt;</a>&nbsp;&nbsp;&nbsp;UseBKG_SettingsInFlash
<LI><a href="#[e9]">&gt;&gt;</a>&nbsp;&nbsp;&nbsp;FactorySettings
<LI><a href="#[e7]">&gt;&gt;</a>&nbsp;&nbsp;&nbsp;LoadAllSettingsInFlash
<LI><a href="#[5f]">&gt;&gt;</a>&nbsp;&nbsp;&nbsp;__2printf
</UL>
<BR>[Called By]<UL><LI><a href="#[147]">&gt;&gt;</a>&nbsp;&nbsp;&nbsp;NotifyWriteFlash
<LI><a href="#[44]">&gt;&gt;</a>&nbsp;&nbsp;&nbsp;main
</UL>

<P><STRONG><a name="[ed]"></a>WritePinToFlash</STRONG> (Thumb, 44 bytes, Stack size 8 bytes, settings.o(.text))
<BR><BR>[Stack]<UL><LI>Max Depth = 92<LI>Call Chain = WritePinToFlash &rArr; STM32_FLASH_Write &rArr; STM32_FLASH_Write_NoCheck &rArr; FLASH_ProgramHalfWord &rArr; FLASH_WaitForLastOperation
</UL>
<BR>[Calls]<UL><LI><a href="#[91]">&gt;&gt;</a>&nbsp;&nbsp;&nbsp;STM32_FLASH_Write
</UL>
<BR>[Called By]<UL><LI><a href="#[119]">&gt;&gt;</a>&nbsp;&nbsp;&nbsp;PinMonitor
</UL>

<P><STRONG><a name="[ee]"></a>WriteFactoryPinToFlash</STRONG> (Thumb, 64 bytes, Stack size 8 bytes, settings.o(.text))
<BR><BR>[Stack]<UL><LI>Max Depth = 92<LI>Call Chain = WriteFactoryPinToFlash &rArr; STM32_FLASH_Write &rArr; STM32_FLASH_Write_NoCheck &rArr; FLASH_ProgramHalfWord &rArr; FLASH_WaitForLastOperation
</UL>
<BR>[Calls]<UL><LI><a href="#[91]">&gt;&gt;</a>&nbsp;&nbsp;&nbsp;STM32_FLASH_Write
</UL>
<BR>[Called By]<UL><LI><a href="#[119]">&gt;&gt;</a>&nbsp;&nbsp;&nbsp;PinMonitor
</UL>

<P><STRONG><a name="[141]"></a>nbr_of_enabled_pump</STRONG> (Thumb, 24 bytes, Stack size 0 bytes, settings.o(.text))
<BR><BR>[Called By]<UL><LI><a href="#[13a]">&gt;&gt;</a>&nbsp;&nbsp;&nbsp;NotifyButton
</UL>

<P><STRONG><a name="[ef]"></a>ExpireDateManager</STRONG> (Thumb, 850 bytes, Stack size 80 bytes, settings.o(.text))
<BR><BR>[Stack]<UL><LI>Max Depth = 396<LI>Call Chain = ExpireDateManager &rArr; Start_Stopper &rArr; RefreshErrorInfo &rArr; pump_error_recorder &rArr; save_error &rArr; STM32_FLASH_Write &rArr; STM32_FLASH_Write_NoCheck &rArr; FLASH_ProgramHalfWord &rArr; FLASH_WaitForLastOperation
</UL>
<BR>[Calls]<UL><LI><a href="#[f0]">&gt;&gt;</a>&nbsp;&nbsp;&nbsp;UpdateRTC
<LI><a href="#[f1]">&gt;&gt;</a>&nbsp;&nbsp;&nbsp;TrialTimeOut
<LI><a href="#[f2]">&gt;&gt;</a>&nbsp;&nbsp;&nbsp;Start_Stopper
<LI><a href="#[b9]">&gt;&gt;</a>&nbsp;&nbsp;&nbsp;SetControlVisiable
<LI><a href="#[8d]">&gt;&gt;</a>&nbsp;&nbsp;&nbsp;RefreshButtons
<LI><a href="#[f3]">&gt;&gt;</a>&nbsp;&nbsp;&nbsp;EscapeSleeper
<LI><a href="#[63]">&gt;&gt;</a>&nbsp;&nbsp;&nbsp;delay_ms
<LI><a href="#[50]">&gt;&gt;</a>&nbsp;&nbsp;&nbsp;SetTextValue
<LI><a href="#[8b]">&gt;&gt;</a>&nbsp;&nbsp;&nbsp;__2sprintf
<LI><a href="#[5f]">&gt;&gt;</a>&nbsp;&nbsp;&nbsp;__2printf
</UL>
<BR>[Called By]<UL><LI><a href="#[143]">&gt;&gt;</a>&nbsp;&nbsp;&nbsp;NotifyReadRTC
<LI><a href="#[13a]">&gt;&gt;</a>&nbsp;&nbsp;&nbsp;NotifyButton
<LI><a href="#[76]">&gt;&gt;</a>&nbsp;&nbsp;&nbsp;RealtimeMeasurement
</UL>

<P><STRONG><a name="[78]"></a>pump_pressure_check_startup_monitor</STRONG> (Thumb, 42 bytes, Stack size 0 bytes, time_control.o(.text))
<BR><BR>[Called By]<UL><LI><a href="#[44]">&gt;&gt;</a>&nbsp;&nbsp;&nbsp;main
</UL>

<P><STRONG><a name="[1a5]"></a>reset_pump_pressure_check_startup_monitor</STRONG> (Thumb, 12 bytes, Stack size 0 bytes, time_control.o(.text))
<BR><BR>[Called By]<UL><LI><a href="#[1a4]">&gt;&gt;</a>&nbsp;&nbsp;&nbsp;fc_full_empty_radar
</UL>

<P><STRONG><a name="[f4]"></a>get_entrance_LP_protection_delay</STRONG> (Thumb, 20 bytes, Stack size 0 bytes, time_control.o(.text))
<BR><BR>[Called By]<UL><LI><a href="#[79]">&gt;&gt;</a>&nbsp;&nbsp;&nbsp;pump_entrance_pressure_check_startup_monitor
</UL>

<P><STRONG><a name="[79]"></a>pump_entrance_pressure_check_startup_monitor</STRONG> (Thumb, 46 bytes, Stack size 4 bytes, time_control.o(.text))
<BR><BR>[Stack]<UL><LI>Max Depth = 4<LI>Call Chain = pump_entrance_pressure_check_startup_monitor
</UL>
<BR>[Calls]<UL><LI><a href="#[f4]">&gt;&gt;</a>&nbsp;&nbsp;&nbsp;get_entrance_LP_protection_delay
</UL>
<BR>[Called By]<UL><LI><a href="#[44]">&gt;&gt;</a>&nbsp;&nbsp;&nbsp;main
</UL>

<P><STRONG><a name="[6a]"></a>reset_pump_entrance_pressure_check_startup_monitor</STRONG> (Thumb, 12 bytes, Stack size 0 bytes, time_control.o(.text))
<BR><BR>[Called By]<UL><LI><a href="#[44]">&gt;&gt;</a>&nbsp;&nbsp;&nbsp;main
<LI><a href="#[1ee]">&gt;&gt;</a>&nbsp;&nbsp;&nbsp;event_monitor
<LI><a href="#[1d3]">&gt;&gt;</a>&nbsp;&nbsp;&nbsp;entrance_pressure_restore_from_low_dual
<LI><a href="#[1d2]">&gt;&gt;</a>&nbsp;&nbsp;&nbsp;entrance_pressure_low_dual
<LI><a href="#[1d1]">&gt;&gt;</a>&nbsp;&nbsp;&nbsp;entrance_pressure_restore_from_low
</UL>

<P><STRONG><a name="[2f9]"></a>ReadScheduleCell</STRONG> (Thumb, 14 bytes, Stack size 0 bytes, time_control.o(.text), UNUSED)

<P><STRONG><a name="[cc]"></a>UpdatScheduleCell</STRONG> (Thumb, 14 bytes, Stack size 8 bytes, time_control.o(.text))
<BR><BR>[Stack]<UL><LI>Max Depth = 8<LI>Call Chain = UpdatScheduleCell
</UL>
<BR>[Called By]<UL><LI><a href="#[13a]">&gt;&gt;</a>&nbsp;&nbsp;&nbsp;NotifyButton
<LI><a href="#[12c]">&gt;&gt;</a>&nbsp;&nbsp;&nbsp;NotifyText
<LI><a href="#[d8]">&gt;&gt;</a>&nbsp;&nbsp;&nbsp;UseDataTC
<LI><a href="#[c7]">&gt;&gt;</a>&nbsp;&nbsp;&nbsp;UseSettingsInFlash
</UL>

<P><STRONG><a name="[f6]"></a>CompressData</STRONG> (Thumb, 34 bytes, Stack size 8 bytes, time_control.o(.text))
<BR><BR>[Stack]<UL><LI>Max Depth = 8<LI>Call Chain = CompressData
</UL>
<BR>[Called By]<UL><LI><a href="#[f5]">&gt;&gt;</a>&nbsp;&nbsp;&nbsp;SaveScheduleToFlash
<LI><a href="#[156]">&gt;&gt;</a>&nbsp;&nbsp;&nbsp;AnswerApiReadErrors
<LI><a href="#[3]">&gt;&gt;</a>&nbsp;&nbsp;&nbsp;update_comm_data3
</UL>

<P><STRONG><a name="[f5]"></a>SaveScheduleToFlash</STRONG> (Thumb, 336 bytes, Stack size 72 bytes, time_control.o(.text))
<BR><BR>[Stack]<UL><LI>Max Depth = 172<LI>Call Chain = SaveScheduleToFlash &rArr; SaveUseIoTargetPressure &rArr; STM32_FLASH_Write &rArr; STM32_FLASH_Write_NoCheck &rArr; FLASH_ProgramHalfWord &rArr; FLASH_WaitForLastOperation
</UL>
<BR>[Calls]<UL><LI><a href="#[f6]">&gt;&gt;</a>&nbsp;&nbsp;&nbsp;CompressData
<LI><a href="#[99]">&gt;&gt;</a>&nbsp;&nbsp;&nbsp;__aeabi_fmul
<LI><a href="#[9a]">&gt;&gt;</a>&nbsp;&nbsp;&nbsp;__aeabi_f2iz
<LI><a href="#[91]">&gt;&gt;</a>&nbsp;&nbsp;&nbsp;STM32_FLASH_Write
<LI><a href="#[96]">&gt;&gt;</a>&nbsp;&nbsp;&nbsp;SaveUseIoTargetPressure
<LI><a href="#[95]">&gt;&gt;</a>&nbsp;&nbsp;&nbsp;SaveRemoteTargetEnable
</UL>
<BR>[Called By]<UL><LI><a href="#[13a]">&gt;&gt;</a>&nbsp;&nbsp;&nbsp;NotifyButton
<LI><a href="#[160]">&gt;&gt;</a>&nbsp;&nbsp;&nbsp;AnswerApiWriteDefaultPressure
</UL>

<P><STRONG><a name="[2fa]"></a>weekday_selected</STRONG> (Thumb, 26 bytes, Stack size 0 bytes, time_control.o(.text), UNUSED)

<P><STRONG><a name="[13c]"></a>check_schedule_ok</STRONG> (Thumb, 98 bytes, Stack size 20 bytes, time_control.o(.text))
<BR><BR>[Stack]<UL><LI>Max Depth = 20<LI>Call Chain = check_schedule_ok
</UL>
<BR>[Called By]<UL><LI><a href="#[13a]">&gt;&gt;</a>&nbsp;&nbsp;&nbsp;NotifyButton
</UL>

<P><STRONG><a name="[f7]"></a>time_window_expired</STRONG> (Thumb, 54 bytes, Stack size 16 bytes, time_control.o(.text))
<BR><BR>[Stack]<UL><LI>Max Depth = 40<LI>Call Chain = time_window_expired &rArr; __2printf
</UL>
<BR>[Calls]<UL><LI><a href="#[5f]">&gt;&gt;</a>&nbsp;&nbsp;&nbsp;__2printf
</UL>
<BR>[Called By]<UL><LI><a href="#[f8]">&gt;&gt;</a>&nbsp;&nbsp;&nbsp;load_next_time_window
</UL>

<P><STRONG><a name="[f8]"></a>load_next_time_window</STRONG> (Thumb, 152 bytes, Stack size 8 bytes, time_control.o(.text))
[...]
<BR><BR>[Stack]<UL><LI>Max Depth = 40<LI>Call Chain = _dsqrt &rArr; _double_round
</UL>
<BR>[Calls]<UL><LI><a href="#[2e0]">&gt;&gt;</a>&nbsp;&nbsp;&nbsp;__aeabi_llsr
<LI><a href="#[2df]">&gt;&gt;</a>&nbsp;&nbsp;&nbsp;_double_round
</UL>
<BR>[Called By]<UL><LI><a href="#[2f4]">&gt;&gt;</a>&nbsp;&nbsp;&nbsp;sqrt
</UL>

<P><STRONG><a name="[2e5]"></a>__ctype_lookup</STRONG> (Thumb, 34 bytes, Stack size 0 bytes, ctype_c.o(.text))
<BR><BR>[Called By]<UL><LI><a href="#[4a]">&gt;&gt;</a>&nbsp;&nbsp;&nbsp;isspace
</UL>

<P><STRONG><a name="[3aa]"></a>__decompress</STRONG> (Thumb, 0 bytes, Stack size unknown bytes, __dclz77c.o(.text), UNUSED)

<P><STRONG><a name="[3ab]"></a>__decompress2</STRONG> (Thumb, 96 bytes, Stack size unknown bytes, __dclz77c.o(.text), UNUSED)

<P><STRONG><a name="[2e9]"></a>__0printf</STRONG> (Thumb, 22 bytes, Stack size 24 bytes, printfa.o(i.__0printf), UNUSED)
<BR><BR>[Calls]<UL><LI><a href="#[2ea]">&gt;&gt;</a>&nbsp;&nbsp;&nbsp;_printf_core
</UL>

<P><STRONG><a name="[3ac]"></a>__1printf</STRONG> (Thumb, 0 bytes, Stack size 24 bytes, printfa.o(i.__0printf), UNUSED)

<P><STRONG><a name="[5f]"></a>__2printf</STRONG> (Thumb, 0 bytes, Stack size 24 bytes, printfa.o(i.__0printf))
<BR><BR>[Stack]<UL><LI>Max Depth = 24<LI>Call Chain = __2printf
</UL>
<BR>[Called By]<UL><LI><a href="#[13e]">&gt;&gt;</a>&nbsp;&nbsp;&nbsp;start_mod_1_2
<LI><a href="#[144]">&gt;&gt;</a>&nbsp;&nbsp;&nbsp;PumpMileageMonitor
<LI><a href="#[147]">&gt;&gt;</a>&nbsp;&nbsp;&nbsp;NotifyWriteFlash
<LI><a href="#[143]">&gt;&gt;</a>&nbsp;&nbsp;&nbsp;NotifyReadRTC
<LI><a href="#[13a]">&gt;&gt;</a>&nbsp;&nbsp;&nbsp;NotifyButton
<LI><a href="#[12c]">&gt;&gt;</a>&nbsp;&nbsp;&nbsp;NotifyText
<LI><a href="#[12b]">&gt;&gt;</a>&nbsp;&nbsp;&nbsp;NotifySelector
<LI><a href="#[125]">&gt;&gt;</a>&nbsp;&nbsp;&nbsp;ButtonUsabilityManager
<LI><a href="#[124]">&gt;&gt;</a>&nbsp;&nbsp;&nbsp;SetButtonUsability
<LI><a href="#[11e]">&gt;&gt;</a>&nbsp;&nbsp;&nbsp;display_int
<LI><a href="#[119]">&gt;&gt;</a>&nbsp;&nbsp;&nbsp;PinMonitor
<LI><a href="#[106]">&gt;&gt;</a>&nbsp;&nbsp;&nbsp;target_locker_manager
<LI><a href="#[f7]">&gt;&gt;</a>&nbsp;&nbsp;&nbsp;time_window_expired
<LI><a href="#[8f]">&gt;&gt;</a>&nbsp;&nbsp;&nbsp;show_an_err_record
<LI><a href="#[f2]">&gt;&gt;</a>&nbsp;&nbsp;&nbsp;Start_Stopper
<LI><a href="#[ef]">&gt;&gt;</a>&nbsp;&nbsp;&nbsp;ExpireDateManager
<LI><a href="#[ec]">&gt;&gt;</a>&nbsp;&nbsp;&nbsp;UseBKG_SettingsInFlash
<LI><a href="#[e7]">&gt;&gt;</a>&nbsp;&nbsp;&nbsp;LoadAllSettingsInFlash
<LI><a href="#[e6]">&gt;&gt;</a>&nbsp;&nbsp;&nbsp;load_pump_max_freq
<LI><a href="#[e5]">&gt;&gt;</a>&nbsp;&nbsp;&nbsp;load_speed_up_factor
<LI><a href="#[e4]">&gt;&gt;</a>&nbsp;&nbsp;&nbsp;load_use_io_target_pressure
<LI><a href="#[e3]">&gt;&gt;</a>&nbsp;&nbsp;&nbsp;load_remote_target_enable
<LI><a href="#[e2]">&gt;&gt;</a>&nbsp;&nbsp;&nbsp;load_entrance_pressure_cali_coeff
<LI><a href="#[e1]">&gt;&gt;</a>&nbsp;&nbsp;&nbsp;load_outlet_pressure_cali_coeff
<LI><a href="#[e0]">&gt;&gt;</a>&nbsp;&nbsp;&nbsp;load_pump_cancel_freq
<LI><a href="#[df]">&gt;&gt;</a>&nbsp;&nbsp;&nbsp;load_avf_mode
<LI><a href="#[de]">&gt;&gt;</a>&nbsp;&nbsp;&nbsp;load_use60hz
<LI><a href="#[d3]">&gt;&gt;</a>&nbsp;&nbsp;&nbsp;SavePhoneNbr
<LI><a href="#[d1]">&gt;&gt;</a>&nbsp;&nbsp;&nbsp;SaveCompanyName
<LI><a href="#[ce]">&gt;&gt;</a>&nbsp;&nbsp;&nbsp;SaveSettingsToFlash
<LI><a href="#[c6]">&gt;&gt;</a>&nbsp;&nbsp;&nbsp;controls_update
<LI><a href="#[bc]">&gt;&gt;</a>&nbsp;&nbsp;&nbsp;controls_update_SCREEN_ENTRANCE_SENSOR0
<LI><a href="#[ba]">&gt;&gt;</a>&nbsp;&nbsp;&nbsp;controls_update_SCREEN_OUTLET_SENSOR
<LI><a href="#[b8]">&gt;&gt;</a>&nbsp;&nbsp;&nbsp;controls_update_SCREEN_PUMP_GROUPING
<LI><a href="#[b0]">&gt;&gt;</a>&nbsp;&nbsp;&nbsp;variables_update
<LI><a href="#[aa]">&gt;&gt;</a>&nbsp;&nbsp;&nbsp;save_pump_temp_setting
<LI><a href="#[a1]">&gt;&gt;</a>&nbsp;&nbsp;&nbsp;load_pump_temp_setting
<LI><a href="#[a0]">&gt;&gt;</a>&nbsp;&nbsp;&nbsp;load_target_locker
<LI><a href="#[98]">&gt;&gt;</a>&nbsp;&nbsp;&nbsp;save_target_locker_delta
<LI><a href="#[8e]">&gt;&gt;</a>&nbsp;&nbsp;&nbsp;LoadPowerSavingData
<LI><a href="#[88]">&gt;&gt;</a>&nbsp;&nbsp;&nbsp;load_phone_nbr
<LI><a href="#[83]">&gt;&gt;</a>&nbsp;&nbsp;&nbsp;load_company_name
<LI><a href="#[6f]">&gt;&gt;</a>&nbsp;&nbsp;&nbsp;load_err_record
<LI><a href="#[6e]">&gt;&gt;</a>&nbsp;&nbsp;&nbsp;RefreshErrorInfo
<LI><a href="#[74]">&gt;&gt;</a>&nbsp;&nbsp;&nbsp;Pump_Manager
<LI><a href="#[7a]">&gt;&gt;</a>&nbsp;&nbsp;&nbsp;PowerUpAutoRunManager
<LI><a href="#[7c]">&gt;&gt;</a>&nbsp;&nbsp;&nbsp;FatigePumpSwitcher
<LI><a href="#[69]">&gt;&gt;</a>&nbsp;&nbsp;&nbsp;FactoryCheck
<LI><a href="#[44]">&gt;&gt;</a>&nbsp;&nbsp;&nbsp;main
<LI><a href="#[1ee]">&gt;&gt;</a>&nbsp;&nbsp;&nbsp;event_monitor
<LI><a href="#[1eb]">&gt;&gt;</a>&nbsp;&nbsp;&nbsp;general_recorder
<LI><a href="#[1e9]">&gt;&gt;</a>&nbsp;&nbsp;&nbsp;remote_start_stop
<LI><a href="#[1e7]">&gt;&gt;</a>&nbsp;&nbsp;&nbsp;pump6_error
<LI><a href="#[1e6]">&gt;&gt;</a>&nbsp;&nbsp;&nbsp;pump5_error
<LI><a href="#[1e4]">&gt;&gt;</a>&nbsp;&nbsp;&nbsp;pump3_error
<LI><a href="#[1e1]">&gt;&gt;</a>&nbsp;&nbsp;&nbsp;pump_error
<LI><a href="#[1da]">&gt;&gt;</a>&nbsp;&nbsp;&nbsp;bomb_checker
<LI><a href="#[1d2]">&gt;&gt;</a>&nbsp;&nbsp;&nbsp;entrance_pressure_low_dual
<LI><a href="#[1d1]">&gt;&gt;</a>&nbsp;&nbsp;&nbsp;entrance_pressure_restore_from_low
<LI><a href="#[1d0]">&gt;&gt;</a>&nbsp;&nbsp;&nbsp;entrance_pressure_low
<LI><a href="#[1ce]">&gt;&gt;</a>&nbsp;&nbsp;&nbsp;WaterLevelMonitor
<LI><a href="#[1cc]">&gt;&gt;</a>&nbsp;&nbsp;&nbsp;outlet_pressure_restore_from_high
<LI><a href="#[1ca]">&gt;&gt;</a>&nbsp;&nbsp;&nbsp;outlet_pressure_high
<LI><a href="#[1c1]">&gt;&gt;</a>&nbsp;&nbsp;&nbsp;wake_up_watchdog
<LI><a href="#[1b9]">&gt;&gt;</a>&nbsp;&nbsp;&nbsp;refresh_focused_ind_for_wake_up
<LI><a href="#[1b3]">&gt;&gt;</a>&nbsp;&nbsp;&nbsp;UseSparePump
<LI><a href="#[1b0]">&gt;&gt;</a>&nbsp;&nbsp;&nbsp;start_fatige_switching
<LI><a href="#[1ae]">&gt;&gt;</a>&nbsp;&nbsp;&nbsp;start_fatige_switching_avf
<LI><a href="#[1a8]">&gt;&gt;</a>&nbsp;&nbsp;&nbsp;stop_manager
<LI><a href="#[1a7]">&gt;&gt;</a>&nbsp;&nbsp;&nbsp;end_of_stopper_watchdog
<LI><a href="#[1a6]">&gt;&gt;</a>&nbsp;&nbsp;&nbsp;fc_manager
<LI><a href="#[1a4]">&gt;&gt;</a>&nbsp;&nbsp;&nbsp;fc_full_empty_radar
<LI><a href="#[1a2]">&gt;&gt;</a>&nbsp;&nbsp;&nbsp;pump_canceling_monitor
<LI><a href="#[1a1]">&gt;&gt;</a>&nbsp;&nbsp;&nbsp;execute_pump_canceling
<LI><a href="#[1a0]">&gt;&gt;</a>&nbsp;&nbsp;&nbsp;pump_adding_monitor
<LI><a href="#[19c]">&gt;&gt;</a>&nbsp;&nbsp;&nbsp;SetFocus
<LI><a href="#[197]">&gt;&gt;</a>&nbsp;&nbsp;&nbsp;use_new_pump
<LI><a href="#[191]">&gt;&gt;</a>&nbsp;&nbsp;&nbsp;cancel_a_pump
<LI><a href="#[190]">&gt;&gt;</a>&nbsp;&nbsp;&nbsp;find_the_pump_to_be_canceled_avf_mode
<LI><a href="#[18e]">&gt;&gt;</a>&nbsp;&nbsp;&nbsp;find_the_pump_to_be_canceled
<LI><a href="#[187]">&gt;&gt;</a>&nbsp;&nbsp;&nbsp;pid_calc_core
<LI><a href="#[183]">&gt;&gt;</a>&nbsp;&nbsp;&nbsp;use_new_bucket
<LI><a href="#[180]">&gt;&gt;</a>&nbsp;&nbsp;&nbsp;load_new_bucket
<LI><a href="#[17e]">&gt;&gt;</a>&nbsp;&nbsp;&nbsp;FatigeSwitchManager
<LI><a href="#[179]">&gt;&gt;</a>&nbsp;&nbsp;&nbsp;AddPumpSwitchManager
<LI><a href="#[2d0]">&gt;&gt;</a>&nbsp;&nbsp;&nbsp;modbus_cmd_processor
</UL>

<P><STRONG><a name="[3ad]"></a>__c89printf</STRONG> (Thumb, 0 bytes, Stack size 24 bytes, printfa.o(i.__0printf), UNUSED)

<P><STRONG><a name="[3ae]"></a>printf</STRONG> (Thumb, 0 bytes, Stack size 24 bytes, printfa.o(i.__0printf), UNUSED)

<P><STRONG><a name="[2eb]"></a>__0sprintf</STRONG> (Thumb, 34 bytes, Stack size 24 bytes, printfa.o(i.__0sprintf), UNUSED)
<BR><BR>[Calls]<UL><LI><a href="#[4c]">&gt;&gt;</a>&nbsp;&nbsp;&nbsp;_sputc
<LI><a href="#[2ea]">&gt;&gt;</a>&nbsp;&nbsp;&nbsp;_printf_core
</UL>

<P><STRONG><a name="[3af]"></a>__1sprintf</STRONG> (Thumb, 0 bytes, Stack size 24 bytes, printfa.o(i.__0sprintf), UNUSED)

<P><STRONG><a name="[8b]"></a>__2sprintf</STRONG> (Thumb, 0 bytes, Stack size 24 bytes, printfa.o(i.__0sprintf))
<BR><BR>[Stack]<UL><LI>Max Depth = 24<LI>Call Chain = __2sprintf
</UL>
<BR>[Called By]<UL><LI><a href="#[148]">&gt;&gt;</a>&nbsp;&nbsp;&nbsp;NotifyTouchXY
<LI><a href="#[13a]">&gt;&gt;</a>&nbsp;&nbsp;&nbsp;NotifyButton
<LI><a href="#[12c]">&gt;&gt;</a>&nbsp;&nbsp;&nbsp;NotifyText
<LI><a href="#[126]">&gt;&gt;</a>&nbsp;&nbsp;&nbsp;RefreshDateControls
<LI><a href="#[11d]">&gt;&gt;</a>&nbsp;&nbsp;&nbsp;ShowCurrentPassWord
<LI><a href="#[11c]">&gt;&gt;</a>&nbsp;&nbsp;&nbsp;debugger_clean
<LI><a href="#[105]">&gt;&gt;</a>&nbsp;&nbsp;&nbsp;data2string
<LI><a href="#[fa]">&gt;&gt;</a>&nbsp;&nbsp;&nbsp;PidSetTargetPressure
<LI><a href="#[f9]">&gt;&gt;</a>&nbsp;&nbsp;&nbsp;ShowTargetPressure
<LI><a href="#[8f]">&gt;&gt;</a>&nbsp;&nbsp;&nbsp;show_an_err_record
<LI><a href="#[ef]">&gt;&gt;</a>&nbsp;&nbsp;&nbsp;ExpireDateManager
<LI><a href="#[e7]">&gt;&gt;</a>&nbsp;&nbsp;&nbsp;LoadAllSettingsInFlash
<LI><a href="#[d8]">&gt;&gt;</a>&nbsp;&nbsp;&nbsp;UseDataTC
<LI><a href="#[c7]">&gt;&gt;</a>&nbsp;&nbsp;&nbsp;UseSettingsInFlash
<LI><a href="#[c5]">&gt;&gt;</a>&nbsp;&nbsp;&nbsp;controls_update_SCREEN_PID_SETTING
<LI><a href="#[c4]">&gt;&gt;</a>&nbsp;&nbsp;&nbsp;controls_update_SCREEN_VALVE_CONTROL1
<LI><a href="#[c3]">&gt;&gt;</a>&nbsp;&nbsp;&nbsp;controls_update_SCREEN_VALVE_CONTROL
<LI><a href="#[c1]">&gt;&gt;</a>&nbsp;&nbsp;&nbsp;controls_update_SCREEN_POWER_UP_SETTING
<LI><a href="#[c0]">&gt;&gt;</a>&nbsp;&nbsp;&nbsp;controls_update_SCREEN_SLEEP_SETTING
<LI><a href="#[bf]">&gt;&gt;</a>&nbsp;&nbsp;&nbsp;controls_update_SCREEN_PUMP_SWITCH_CONDTION
<LI><a href="#[be]">&gt;&gt;</a>&nbsp;&nbsp;&nbsp;controls_update_SCREEN_ENTRANCE_SENSOR2
<LI><a href="#[bc]">&gt;&gt;</a>&nbsp;&nbsp;&nbsp;controls_update_SCREEN_ENTRANCE_SENSOR0
<LI><a href="#[bb]">&gt;&gt;</a>&nbsp;&nbsp;&nbsp;controls_update_SCREEN_ENTRANCE_SENSOR
<LI><a href="#[ba]">&gt;&gt;</a>&nbsp;&nbsp;&nbsp;controls_update_SCREEN_OUTLET_SENSOR
<LI><a href="#[b8]">&gt;&gt;</a>&nbsp;&nbsp;&nbsp;controls_update_SCREEN_PUMP_GROUPING
<LI><a href="#[b6]">&gt;&gt;</a>&nbsp;&nbsp;&nbsp;controls_update_SCREEN_SCREEN_SETTING
<LI><a href="#[a1]">&gt;&gt;</a>&nbsp;&nbsp;&nbsp;load_pump_temp_setting
<LI><a href="#[89]">&gt;&gt;</a>&nbsp;&nbsp;&nbsp;load_expire_date
<LI><a href="#[60]">&gt;&gt;</a>&nbsp;&nbsp;&nbsp;debugger
<LI><a href="#[6e]">&gt;&gt;</a>&nbsp;&nbsp;&nbsp;RefreshErrorInfo
<LI><a href="#[75]">&gt;&gt;</a>&nbsp;&nbsp;&nbsp;FatigueCancelMonitorAvf
<LI><a href="#[1ee]">&gt;&gt;</a>&nbsp;&nbsp;&nbsp;event_monitor
<LI><a href="#[1eb]">&gt;&gt;</a>&nbsp;&nbsp;&nbsp;general_recorder
<LI><a href="#[1db]">&gt;&gt;</a>&nbsp;&nbsp;&nbsp;pump_error_recorder
<LI><a href="#[16f]">&gt;&gt;</a>&nbsp;&nbsp;&nbsp;show_frequency_for_pump
<LI><a href="#[154]">&gt;&gt;</a>&nbsp;&nbsp;&nbsp;execute_cmd
<LI><a href="#[222]">&gt;&gt;</a>&nbsp;&nbsp;&nbsp;SendStringsWithSplitter
</UL>

<P><STRONG><a name="[3b0]"></a>__c89sprintf</STRONG> (Thumb, 0 bytes, Stack size 24 bytes, printfa.o(i.__0sprintf), UNUSED)

<P><STRONG><a name="[3b1]"></a>sprintf</STRONG> (Thumb, 0 bytes, Stack size 24 bytes, printfa.o(i.__0sprintf), UNUSED)

<P><STRONG><a name="[2f6]"></a>__ARM_fpclassify</STRONG> (Thumb, 40 bytes, Stack size 0 bytes, fpclassify.o(i.__ARM_fpclassify))
<BR><BR>[Called By]<UL><LI><a href="#[12e]">&gt;&gt;</a>&nbsp;&nbsp;&nbsp;pow
</UL>

<P><STRONG><a name="[2ec]"></a>__kernel_poly</STRONG> (Thumb, 170 bytes, Stack size 24 bytes, poly.o(i.__kernel_poly))
<BR><BR>[Stack]<UL><LI>Max Depth = 128<LI>Call Chain = __kernel_poly &rArr; __aeabi_dmul &rArr; _double_epilogue &rArr; _double_round
</UL>
<BR>[Calls]<UL><LI><a href="#[dc]">&gt;&gt;</a>&nbsp;&nbsp;&nbsp;__aeabi_dmul
<LI><a href="#[a4]">&gt;&gt;</a>&nbsp;&nbsp;&nbsp;__aeabi_dadd
</UL>
<BR>[Called By]<UL><LI><a href="#[12e]">&gt;&gt;</a>&nbsp;&nbsp;&nbsp;pow
</UL>

<P><STRONG><a name="[2ed]"></a>__mathlib_dbl_underflow</STRONG> (Thumb, 10 bytes, Stack size 0 bytes, dunder.o(i.__mathlib_dbl_underflow))
<BR><BR>[Stack]<UL><LI>Max Depth = 16<LI>Call Chain = __mathlib_dbl_underflow &rArr; scalbn
</UL>
<BR>[Calls]<UL><LI><a href="#[2ee]">&gt;&gt;</a>&nbsp;&nbsp;&nbsp;scalbn
</UL>
<BR>[Called By]<UL><LI><a href="#[12e]">&gt;&gt;</a>&nbsp;&nbsp;&nbsp;pow
</UL>

<P><STRONG><a name="[3b2]"></a>__scatterload_copy</STRONG> (Thumb, 14 bytes, Stack size unknown bytes, handlers.o(i.__scatterload_copy), UNUSED)

<P><STRONG><a name="[3b3]"></a>__scatterload_null</STRONG> (Thumb, 2 bytes, Stack size unknown bytes, handlers.o(i.__scatterload_null), UNUSED)

<P><STRONG><a name="[3b4]"></a>__scatterload_zeroinit</STRONG> (Thumb, 14 bytes, Stack size unknown bytes, handlers.o(i.__scatterload_zeroinit), UNUSED)

<P><STRONG><a name="[2f3]"></a>__set_errno</STRONG> (Thumb, 6 bytes, Stack size 0 bytes, errno.o(i.__set_errno))
<BR><BR>[Called By]<UL><LI><a href="#[12e]">&gt;&gt;</a>&nbsp;&nbsp;&nbsp;pow
<LI><a href="#[2f4]">&gt;&gt;</a>&nbsp;&nbsp;&nbsp;sqrt
</UL>

<P><STRONG><a name="[12e]"></a>pow</STRONG> (Thumb, 2510 bytes, Stack size 112 bytes, pow.o(i.pow))
<BR><BR>[Stack]<UL><LI>Max Depth = 240<LI>Call Chain = pow &rArr; __kernel_poly &rArr; __aeabi_dmul &rArr; _double_epilogue &rArr; _double_round
</UL>
<BR>[Calls]<UL><LI><a href="#[a8]">&gt;&gt;</a>&nbsp;&nbsp;&nbsp;__aeabi_i2d
<LI><a href="#[b3]">&gt;&gt;</a>&nbsp;&nbsp;&nbsp;__aeabi_drsub
<LI><a href="#[dc]">&gt;&gt;</a>&nbsp;&nbsp;&nbsp;__aeabi_dmul
<LI><a href="#[a3]">&gt;&gt;</a>&nbsp;&nbsp;&nbsp;__aeabi_ddiv
<LI><a href="#[a4]">&gt;&gt;</a>&nbsp;&nbsp;&nbsp;__aeabi_dadd
<LI><a href="#[a9]">&gt;&gt;</a>&nbsp;&nbsp;&nbsp;__aeabi_cdrcmple
<LI><a href="#[189]">&gt;&gt;</a>&nbsp;&nbsp;&nbsp;__aeabi_dsub
<LI><a href="#[2ee]">&gt;&gt;</a>&nbsp;&nbsp;&nbsp;scalbn
<LI><a href="#[2f5]">&gt;&gt;</a>&nbsp;&nbsp;&nbsp;__ARM_scalbn
<LI><a href="#[2f3]">&gt;&gt;</a>&nbsp;&nbsp;&nbsp;__set_errno
<LI><a href="#[2f4]">&gt;&gt;</a>&nbsp;&nbsp;&nbsp;sqrt
<LI><a href="#[2ec]">&gt;&gt;</a>&nbsp;&nbsp;&nbsp;__kernel_poly
<LI><a href="#[2f6]">&gt;&gt;</a>&nbsp;&nbsp;&nbsp;__ARM_fpclassify
<LI><a href="#[2ed]">&gt;&gt;</a>&nbsp;&nbsp;&nbsp;__mathlib_dbl_underflow
</UL>
<BR>[Called By]<UL><LI><a href="#[12c]">&gt;&gt;</a>&nbsp;&nbsp;&nbsp;NotifyText
</UL>

<P><STRONG><a name="[2f4]"></a>sqrt</STRONG> (Thumb, 74 bytes, Stack size 24 bytes, sqrt.o(i.sqrt))
<BR><BR>[Stack]<UL><LI>Max Depth = 64<LI>Call Chain = sqrt &rArr; _dsqrt &rArr; _double_round
</UL>
<BR>[Calls]<UL><LI><a href="#[2f3]">&gt;&gt;</a>&nbsp;&nbsp;&nbsp;__set_errno
<LI><a href="#[2e8]">&gt;&gt;</a>&nbsp;&nbsp;&nbsp;_dsqrt
</UL>
<BR>[Called By]<UL><LI><a href="#[12e]">&gt;&gt;</a>&nbsp;&nbsp;&nbsp;pow
</UL>
<P>
<H3>
Local Symbols
</H3>
<P><STRONG><a name="[211]"></a>TI4_Config</STRONG> (Thumb, 118 bytes, Stack size 20 bytes, stm32f10x_tim.o(.text), UNUSED)
<BR><BR>[Called By]<UL><LI><a href="#[20a]">&gt;&gt;</a>&nbsp;&nbsp;&nbsp;TIM_ICInit
</UL>

<P><STRONG><a name="[20f]"></a>TI3_Config</STRONG> (Thumb, 114 bytes, Stack size 20 bytes, stm32f10x_tim.o(.text), UNUSED)
<BR><BR>[Called By]<UL><LI><a href="#[20a]">&gt;&gt;</a>&nbsp;&nbsp;&nbsp;TIM_ICInit
</UL>

<P><STRONG><a name="[20d]"></a>TI2_Config</STRONG> (Thumb, 118 bytes, Stack size 20 bytes, stm32f10x_tim.o(.text), UNUSED)
<BR><BR>[Called By]<UL><LI><a href="#[216]">&gt;&gt;</a>&nbsp;&nbsp;&nbsp;TIM_TIxExternalClockConfig
<LI><a href="#[213]">&gt;&gt;</a>&nbsp;&nbsp;&nbsp;TIM_PWMIConfig
<LI><a href="#[20a]">&gt;&gt;</a>&nbsp;&nbsp;&nbsp;TIM_ICInit
</UL>

<P><STRONG><a name="[20b]"></a>TI1_Config</STRONG> (Thumb, 106 bytes, Stack size 20 bytes, stm32f10x_tim.o(.text), UNUSED)
<BR><BR>[Called By]<UL><LI><a href="#[216]">&gt;&gt;</a>&nbsp;&nbsp;&nbsp;TIM_TIxExternalClockConfig
<LI><a href="#[213]">&gt;&gt;</a>&nbsp;&nbsp;&nbsp;TIM_PWMIConfig
<LI><a href="#[20a]">&gt;&gt;</a>&nbsp;&nbsp;&nbsp;TIM_ICInit
</UL>

<P><STRONG><a name="[21e]"></a>SetSysClockTo72</STRONG> (Thumb, 192 bytes, Stack size 0 bytes, system_stm32f10x.o(.text))
<BR><BR>[Called By]<UL><LI><a href="#[21d]">&gt;&gt;</a>&nbsp;&nbsp;&nbsp;SetSysClock
</UL>

<P><STRONG><a name="[21d]"></a>SetSysClock</STRONG> (Thumb, 8 bytes, Stack size 8 bytes, system_stm32f10x.o(.text))
<BR><BR>[Stack]<UL><LI>Max Depth = 8<LI>Call Chain = SetSysClock
</UL>
<BR>[Calls]<UL><LI><a href="#[21e]">&gt;&gt;</a>&nbsp;&nbsp;&nbsp;SetSysClockTo72
</UL>
<BR>[Called By]<UL><LI><a href="#[45]">&gt;&gt;</a>&nbsp;&nbsp;&nbsp;SystemInit
</UL>

<P><STRONG><a name="[21f]"></a>queue_pop</STRONG> (Thumb, 48 bytes, Stack size 0 bytes, cmd_queue.o(.text))
<BR><BR>[Called By]<UL><LI><a href="#[6b]">&gt;&gt;</a>&nbsp;&nbsp;&nbsp;queue_find_cmd
</UL>

<P><STRONG><a name="[220]"></a>queue_size</STRONG> (Thumb, 30 bytes, Stack size 0 bytes, cmd_queue.o(.text))
<BR><BR>[Called By]<UL><LI><a href="#[6b]">&gt;&gt;</a>&nbsp;&nbsp;&nbsp;queue_find_cmd
</UL>

<P><STRONG><a name="[2c7]"></a>AddCRC16</STRONG> (Thumb, 72 bytes, Stack size 20 bytes, api_comm.o(.text))
<BR><BR>[Stack]<UL><LI>Max Depth = 20<LI>Call Chain = AddCRC16
</UL>
<BR>[Called By]<UL><LI><a href="#[2ca]">&gt;&gt;</a>&nbsp;&nbsp;&nbsp;ModBusSendDataBlock
<LI><a href="#[2c9]">&gt;&gt;</a>&nbsp;&nbsp;&nbsp;ModBusSendData
<LI><a href="#[2c6]">&gt;&gt;</a>&nbsp;&nbsp;&nbsp;ModBusCheckCRC16
</UL>

<P><STRONG><a name="[2ef]"></a>_fp_digits</STRONG> (Thumb, 318 bytes, Stack size 56 bytes, printfa.o(i._fp_digits), UNUSED)
<BR><BR>[Calls]<UL><LI><a href="#[dc]">&gt;&gt;</a>&nbsp;&nbsp;&nbsp;__aeabi_dmul
<LI><a href="#[a3]">&gt;&gt;</a>&nbsp;&nbsp;&nbsp;__aeabi_ddiv
<LI><a href="#[a4]">&gt;&gt;</a>&nbsp;&nbsp;&nbsp;__aeabi_dadd
<LI><a href="#[a9]">&gt;&gt;</a>&nbsp;&nbsp;&nbsp;__aeabi_cdrcmple
<LI><a href="#[2e1]">&gt;&gt;</a>&nbsp;&nbsp;&nbsp;__aeabi_uldivmod
<LI><a href="#[2e3]">&gt;&gt;</a>&nbsp;&nbsp;&nbsp;__aeabi_d2ulz
</UL>
<BR>[Called By]<UL><LI><a href="#[2ea]">&gt;&gt;</a>&nbsp;&nbsp;&nbsp;_printf_core
</UL>

<P><STRONG><a name="[2ea]"></a>_printf_core</STRONG> (Thumb, 1734 bytes, Stack size 136 bytes, printfa.o(i._printf_core), UNUSED)
<BR><BR>[Calls]<UL><LI><a href="#[2e1]">&gt;&gt;</a>&nbsp;&nbsp;&nbsp;__aeabi_uldivmod
<LI><a href="#[2f2]">&gt;&gt;</a>&nbsp;&nbsp;&nbsp;__aeabi_uidivmod
<LI><a href="#[2f0]">&gt;&gt;</a>&nbsp;&nbsp;&nbsp;_printf_pre_padding
<LI><a href="#[2f1]">&gt;&gt;</a>&nbsp;&nbsp;&nbsp;_printf_post_padding
<LI><a href="#[2ef]">&gt;&gt;</a>&nbsp;&nbsp;&nbsp;_fp_digits
</UL>
<BR>[Called By]<UL><LI><a href="#[2eb]">&gt;&gt;</a>&nbsp;&nbsp;&nbsp;__0sprintf
<LI><a href="#[2e9]">&gt;&gt;</a>&nbsp;&nbsp;&nbsp;__0printf
</UL>

<P><STRONG><a name="[2f1]"></a>_printf_post_padding</STRONG> (Thumb, 38 bytes, Stack size 24 bytes, printfa.o(i._printf_post_padding), UNUSED)
<BR><BR>[Called By]<UL><LI><a href="#[2ea]">&gt;&gt;</a>&nbsp;&nbsp;&nbsp;_printf_core
</UL>

<P><STRONG><a name="[2f0]"></a>_printf_pre_padding</STRONG> (Thumb, 46 bytes, Stack size 24 bytes, printfa.o(i._printf_pre_padding), UNUSED)
<BR><BR>[Called By]<UL><LI><a href="#[2ea]">&gt;&gt;</a>&nbsp;&nbsp;&nbsp;_printf_core
</UL>

<P><STRONG><a name="[4c]"></a>_sputc</STRONG> (Thumb, 10 bytes, Stack size 0 bytes, printfa.o(i._sputc))
<BR><BR>[Called By]<UL><LI><a href="#[2eb]">&gt;&gt;</a>&nbsp;&nbsp;&nbsp;__0sprintf
</UL>
<BR>[Address Reference Count : 1]<UL><LI> printfa.o(i.__0sprintf)
</UL>
<P><STRONG><a name="[2d7]"></a>_fp_value</STRONG> (Thumb, 272 bytes, Stack size 56 bytes, scanf_fp.o(.text), UNUSED)
<BR><BR>[Calls]<UL><LI><a href="#[dc]">&gt;&gt;</a>&nbsp;&nbsp;&nbsp;__aeabi_dmul
<LI><a href="#[a3]">&gt;&gt;</a>&nbsp;&nbsp;&nbsp;__aeabi_ddiv
<LI><a href="#[2d8]">&gt;&gt;</a>&nbsp;&nbsp;&nbsp;__aeabi_ul2d
</UL>
<BR>[Called By]<UL><LI><a href="#[2d9]">&gt;&gt;</a>&nbsp;&nbsp;&nbsp;_scanf_really_real
</UL>

<P><STRONG><a name="[49]"></a>_scanf_char_input</STRONG> (Thumb, 12 bytes, Stack size 0 bytes, scanf_char.o(.text))
<BR>[Address Reference Count : 1]<UL><LI> scanf_char.o(.text)
</UL><P>
<H3>
Undefined Global Symbols
</H3><HR></body></html>
