ARM Linker, 4.1 [Build 481] [Standard]

==============================================================================

Section Cross References

    startup_stm32f10x_md.o(RESET) refers to startup_stm32f10x_md.o(STACK) for __initial_sp
    startup_stm32f10x_md.o(RESET) refers to startup_stm32f10x_md.o(.text) for Reset_Handler
    startup_stm32f10x_md.o(RESET) refers to stm32f10x_it.o(.text) for NMI_Handler
    startup_stm32f10x_md.o(.text) refers to system_stm32f10x.o(.text) for SystemInit
    startup_stm32f10x_md.o(.text) refers to entry.o(.ARM.Collect$$$$00000000) for __main
    main.o(.text) refers to hmi_driver.o(.text) for SetTextValue
    main.o(.text) refers to hw_config.o(.text) for Set_System_Clocks
    main.o(.text) refers to ulitity.o(.text) for systicket_init
    main.o(.text) refers to usart.o(.text) for USART1_Config
    main.o(.text) refers to error_handle.o(.text) for Status_GPIO_Config
    main.o(.text) refers to api_comm.o(.text) for RS485_Initialization
    main.o(.text) refers to cmd_queue.o(.text) for queue_reset
    main.o(.text) refers to stm32f10x_rcc.o(.text) for RCC_GetFlagStatus
    main.o(.text) refers to printfa.o(i.__0printf) for __2printf
    main.o(.text) refers to security.o(.text) for debugger
    main.o(.text) refers to stm32f10x_iwdg.o(.text) for IWDG_ReloadCounter
    main.o(.text) refers to adc.o(.text) for Adc_Configuration
    main.o(.text) refers to dac.o(.text) for Dac_Config
    main.o(.text) refers to relays.o(.text) for Relay_GPIO_Config
    main.o(.text) refers to settings.o(.text) for FactoryCheck
    main.o(.text) refers to time_control.o(.text) for reset_pump_entrance_pressure_check_startup_monitor
    main.o(.text) refers to userinterface.o(.text) for ProcessMessage
    main.o(.text) refers to ui_controls.o(.text) for InitVisibility
    main.o(.text) refers to pump_running.o(.text) for take_cmd_pump
    main.o(.text) refers to cfcmple.o(.text) for __aeabi_cfcmpeq
    main.o(.text) refers to measurement.o(.text) for RealtimeMeasurement
    main.o(.text) refers to manual_control.o(.text) for HeartBeating
    main.o(.text) refers to main.o(.data) for cnt
    main.o(.text) refers to time_control.o(.data) for schedule_loaded
    main.o(.text) refers to error_handle.o(.data) for error_occured
    main.o(.text) refers to main.o(.bss) for cmd_buffer
    main.o(.text) refers to pump_running.o(.data) for Tartget_Pressure
    main.o(.text) refers to measurement.o(.data) for OutletRealTimePressure
    main.o(.text) refers to settings.o(.data) for SettingsLoaded
    settings.o(.text) refers to _scanf_str.o(.text) for _scanf_string
    settings.o(.text) refers to stm32_flash.o(.text) for STM32_FLASH_Read
    settings.o(.text) refers to hmi_driver.o(.text) for SetTextValue
    settings.o(.text) refers to strlen.o(.text) for strlen
    settings.o(.text) refers to printfa.o(i.__0printf) for __2printf
    settings.o(.text) refers to __0sscanf.o(.text) for __0sscanf
    settings.o(.text) refers to strcpy.o(.text) for strcpy
    settings.o(.text) refers to printfa.o(i.__0sprintf) for __2sprintf
    settings.o(.text) refers to ui_controls.o(.text) for RefreshButtons
    settings.o(.text) refers to error_handle.o(.text) for show_an_err_record
    settings.o(.text) refers to pump_running.o(.data) for pump_enable_tbl
    settings.o(.text) refers to settings.o(.bss) for CompanyName
    settings.o(.text) refers to settings.o(.data) for StopDate
    settings.o(.text) refers to security.o(.data) for Pin_Enabled
    settings.o(.text) refers to userinterface.o(.data) for BL_Control_Enable
    settings.o(.text) refers to fmul.o(.text) for __aeabi_fmul
    settings.o(.text) refers to ffixi.o(.text) for __aeabi_f2iz
    settings.o(.text) refers to ulitity.o(.text) for delay_ms
    settings.o(.text) refers to dfltui.o(.text) for __aeabi_ui2d
    settings.o(.text) refers to ddiv.o(.text) for __aeabi_ddiv
    settings.o(.text) refers to dadd.o(.text) for __aeabi_dadd
    settings.o(.text) refers to d2f.o(.text) for __aeabi_d2f
    settings.o(.text) refers to f2d.o(.text) for __aeabi_f2d
    settings.o(.text) refers to cdcmple.o(.text) for __aeabi_cdcmple
    settings.o(.text) refers to dflti.o(.text) for __aeabi_i2d
    settings.o(.text) refers to cdrcmple.o(.text) for __aeabi_cdrcmple
    settings.o(.text) refers to api_comm.o(.data) for DeviceAddress
    settings.o(.text) refers to measurement.o(.data) for TargetLockerTiming
    settings.o(.text) refers to measurement.o(.bss) for phy_quantities_bias
    settings.o(.text) refers to ffltui.o(.text) for __aeabi_ui2f
    settings.o(.text) refers to fadd.o(.text) for __aeabi_frsub
    settings.o(.text) refers to cfcmple.o(.text) for __aeabi_cfcmple
    settings.o(.text) refers to fflti.o(.text) for __aeabi_i2f
    settings.o(.text) refers to measurement.o(.text) for SetBias
    settings.o(.text) refers to settings.o(.constdata) for .constdata
    settings.o(.text) refers to userinterface.o(.bss) for Entrance_sensor0
[...]
    RCC_MCOConfig                            0x08011097   Thumb Code     6  stm32f10x_rcc.o(.text)
    RCC_ClearFlag                            0x0801109d   Thumb Code    14  stm32f10x_rcc.o(.text)
    RCC_GetITStatus                          0x080110ab   Thumb Code    20  stm32f10x_rcc.o(.text)
    RCC_ClearITPendingBit                    0x080110bf   Thumb Code     6  stm32f10x_rcc.o(.text)
    TIM_DeInit                               0x080110f9   Thumb Code   424  stm32f10x_tim.o(.text)
    TIM_TimeBaseInit                         0x080112a1   Thumb Code   122  stm32f10x_tim.o(.text)
    TIM_OC1Init                              0x0801131b   Thumb Code   132  stm32f10x_tim.o(.text)
    TIM_OC2Init                              0x0801139f   Thumb Code   146  stm32f10x_tim.o(.text)
    TIM_OC3Init                              0x08011431   Thumb Code   142  stm32f10x_tim.o(.text)
    TIM_OC4Init                              0x080114bf   Thumb Code   172  stm32f10x_tim.o(.text)
    TIM_SetIC4Prescaler                      0x0801156b   Thumb Code    22  stm32f10x_tim.o(.text)
    TIM_SetIC3Prescaler                      0x080115f7   Thumb Code    18  stm32f10x_tim.o(.text)
    TIM_SetIC2Prescaler                      0x0801167b   Thumb Code    22  stm32f10x_tim.o(.text)
    TIM_SetIC1Prescaler                      0x08011707   Thumb Code    18  stm32f10x_tim.o(.text)
    TIM_ICInit                               0x08011783   Thumb Code   150  stm32f10x_tim.o(.text)
    TIM_PWMIConfig                           0x08011819   Thumb Code   124  stm32f10x_tim.o(.text)
    TIM_BDTRConfig                           0x08011895   Thumb Code    32  stm32f10x_tim.o(.text)
    TIM_TimeBaseStructInit                   0x080118b5   Thumb Code    18  stm32f10x_tim.o(.text)
    TIM_OCStructInit                         0x080118c7   Thumb Code    20  stm32f10x_tim.o(.text)
    TIM_ICStructInit                         0x080118db   Thumb Code    18  stm32f10x_tim.o(.text)
    TIM_BDTRStructInit                       0x080118ed   Thumb Code    18  stm32f10x_tim.o(.text)
    TIM_Cmd                                  0x080118ff   Thumb Code    24  stm32f10x_tim.o(.text)
    TIM_CtrlPWMOutputs                       0x08011917   Thumb Code    52  stm32f10x_tim.o(.text)
    TIM_ITConfig                             0x0801194b   Thumb Code    24  stm32f10x_tim.o(.text)
    TIM_GenerateEvent                        0x08011963   Thumb Code     4  stm32f10x_tim.o(.text)
    TIM_DMAConfig                            0x08011967   Thumb Code    10  stm32f10x_tim.o(.text)
    TIM_DMACmd                               0x08011971   Thumb Code    24  stm32f10x_tim.o(.text)
    TIM_InternalClockConfig                  0x08011989   Thumb Code    12  stm32f10x_tim.o(.text)
    TIM_SelectInputTrigger                   0x08011995   Thumb Code    18  stm32f10x_tim.o(.text)
    TIM_ITRxExternalClockConfig              0x080119a7   Thumb Code    24  stm32f10x_tim.o(.text)
    TIM_TIxExternalClockConfig               0x080119bf   Thumb Code    62  stm32f10x_tim.o(.text)
    TIM_ETRConfig                            0x080119fd   Thumb Code    24  stm32f10x_tim.o(.text)
    TIM_ETRClockMode1Config                  0x08011a15   Thumb Code    54  stm32f10x_tim.o(.text)
    TIM_ETRClockMode2Config                  0x08011a4b   Thumb Code    32  stm32f10x_tim.o(.text)
    TIM_PrescalerConfig                      0x08011a6b   Thumb Code     6  stm32f10x_tim.o(.text)
    TIM_CounterModeConfig                    0x08011a71   Thumb Code    18  stm32f10x_tim.o(.text)
    TIM_EncoderInterfaceConfig               0x08011a83   Thumb Code    62  stm32f10x_tim.o(.text)
    TIM_ForcedOC1Config                      0x08011ac1   Thumb Code    18  stm32f10x_tim.o(.text)
    TIM_ForcedOC2Config                      0x08011ad3   Thumb Code    22  stm32f10x_tim.o(.text)
    TIM_ForcedOC3Config                      0x08011ae9   Thumb Code    18  stm32f10x_tim.o(.text)
    TIM_ForcedOC4Config                      0x08011afb   Thumb Code    22  stm32f10x_tim.o(.text)
    TIM_ARRPreloadConfig                     0x08011b11   Thumb Code    24  stm32f10x_tim.o(.text)
    TIM_SelectCOM                            0x08011b29   Thumb Code    24  stm32f10x_tim.o(.text)
    TIM_SelectCCDMA                          0x08011b41   Thumb Code    24  stm32f10x_tim.o(.text)
    TIM_CCPreloadControl                     0x08011b59   Thumb Code    24  stm32f10x_tim.o(.text)
    TIM_OC1PreloadConfig                     0x08011b71   Thumb Code    18  stm32f10x_tim.o(.text)
    TIM_OC2PreloadConfig                     0x08011b83   Thumb Code    22  stm32f10x_tim.o(.text)
    TIM_OC3PreloadConfig                     0x08011b99   Thumb Code    18  stm32f10x_tim.o(.text)
    TIM_OC4PreloadConfig                     0x08011bab   Thumb Code    22  stm32f10x_tim.o(.text)
    TIM_OC1FastConfig                        0x08011bc1   Thumb Code    18  stm32f10x_tim.o(.text)
    TIM_OC2FastConfig                        0x08011bd3   Thumb Code    22  stm32f10x_tim.o(.text)
    TIM_OC3FastConfig                        0x08011be9   Thumb Code    18  stm32f10x_tim.o(.text)
    TIM_OC4FastConfig                        0x08011bfb   Thumb Code    22  stm32f10x_tim.o(.text)
    TIM_ClearOC1Ref                          0x08011c11   Thumb Code    18  stm32f10x_tim.o(.text)
    TIM_ClearOC2Ref                          0x08011c23   Thumb Code    20  stm32f10x_tim.o(.text)
    TIM_ClearOC3Ref                          0x08011c37   Thumb Code    18  stm32f10x_tim.o(.text)
    TIM_ClearOC4Ref                          0x08011c49   Thumb Code    20  stm32f10x_tim.o(.text)
    TIM_OC1PolarityConfig                    0x08011c5d   Thumb Code    18  stm32f10x_tim.o(.text)
    TIM_OC1NPolarityConfig                   0x08011c6f   Thumb Code    18  stm32f10x_tim.o(.text)
    TIM_OC2PolarityConfig                    0x08011c81   Thumb Code    22  stm32f10x_tim.o(.text)
    TIM_OC2NPolarityConfig                   0x08011c97   Thumb Code    22  stm32f10x_tim.o(.text)
    TIM_OC3PolarityConfig                    0x08011cad   Thumb Code    22  stm32f10x_tim.o(.text)
    TIM_OC3NPolarityConfig                   0x08011cc3   Thumb Code    22  stm32f10x_tim.o(.text)
    TIM_OC4PolarityConfig                    0x08011cd9   Thumb Code    22  stm32f10x_tim.o(.text)
    TIM_CCxCmd                               0x08011cef   Thumb Code    34  stm32f10x_tim.o(.text)
    TIM_CCxNCmd                              0x08011d11   Thumb Code    34  stm32f10x_tim.o(.text)
    TIM_SelectOCxM                           0x08011d33   Thumb Code    82  stm32f10x_tim.o(.text)
    TIM_UpdateDisableConfig                  0x08011d85   Thumb Code    24  stm32f10x_tim.o(.text)
    TIM_UpdateRequestConfig                  0x08011d9d   Thumb Code    24  stm32f10x_tim.o(.text)
    TIM_SelectHallSensor                     0x08011db5   Thumb Code    24  stm32f10x_tim.o(.text)
    TIM_SelectOnePulseMode                   0x08011dcd   Thumb Code    18  stm32f10x_tim.o(.text)
    TIM_SelectOutputTrigger                  0x08011ddf   Thumb Code    18  stm32f10x_tim.o(.text)
    TIM_SelectSlaveMode                      0x08011df1   Thumb Code    18  stm32f10x_tim.o(.text)
    TIM_SelectMasterSlaveMode                0x08011e03   Thumb Code    18  stm32f10x_tim.o(.text)
    TIM_SetCounter                           0x08011e15   Thumb Code     4  stm32f10x_tim.o(.text)
    TIM_SetAutoreload                        0x08011e19   Thumb Code     4  stm32f10x_tim.o(.text)
    TIM_SetCompare1                          0x08011e1d   Thumb Code     4  stm32f10x_tim.o(.text)
    TIM_SetCompare2                          0x08011e21   Thumb Code     4  stm32f10x_tim.o(.text)
    TIM_SetCompare3                          0x08011e25   Thumb Code     4  stm32f10x_tim.o(.text)
    TIM_SetCompare4                          0x08011e29   Thumb Code     6  stm32f10x_tim.o(.text)
    TIM_SetClockDivision                     0x08011e2f   Thumb Code    18  stm32f10x_tim.o(.text)
    TIM_GetCapture1                          0x08011e41   Thumb Code     6  stm32f10x_tim.o(.text)
    TIM_GetCapture2                          0x08011e47   Thumb Code     6  stm32f10x_tim.o(.text)
    TIM_GetCapture3                          0x08011e4d   Thumb Code     6  stm32f10x_tim.o(.text)
    TIM_GetCapture4                          0x08011e53   Thumb Code     8  stm32f10x_tim.o(.text)
    TIM_GetCounter                           0x08011e5b   Thumb Code     6  stm32f10x_tim.o(.text)
    TIM_GetPrescaler                         0x08011e61   Thumb Code     6  stm32f10x_tim.o(.text)
    TIM_GetFlagStatus                        0x08011e67   Thumb Code    18  stm32f10x_tim.o(.text)
    TIM_ClearFlag                            0x08011e79   Thumb Code     6  stm32f10x_tim.o(.text)
    TIM_GetITStatus                          0x08011e7f   Thumb Code    34  stm32f10x_tim.o(.text)
    TIM_ClearITPendingBit                    0x08011ea1   Thumb Code     6  stm32f10x_tim.o(.text)
    USART_DeInit                             0x08011ea9   Thumb Code   134  stm32f10x_usart.o(.text)
    USART_Init                               0x08011f2f   Thumb Code   210  stm32f10x_usart.o(.text)
    USART_StructInit                         0x08012001   Thumb Code    24  stm32f10x_usart.o(.text)
    USART_ClockInit                          0x08012019   Thumb Code    34  stm32f10x_usart.o(.text)
    USART_ClockStructInit                    0x0801203b   Thumb Code    12  stm32f10x_usart.o(.text)
    USART_Cmd                                0x08012047   Thumb Code    24  stm32f10x_usart.o(.text)
    USART_ITConfig                           0x0801205f   Thumb Code    74  stm32f10x_usart.o(.text)
    USART_DMACmd                             0x080120a9   Thumb Code    24  stm32f10x_usart.o(.text)
    USART_SetAddress                         0x080120c1   Thumb Code    18  stm32f10x_usart.o(.text)
    USART_WakeUpConfig                       0x080120d3   Thumb Code    18  stm32f10x_usart.o(.text)
    USART_ReceiverWakeUpCmd                  0x080120e5   Thumb Code    24  stm32f10x_usart.o(.text)
    USART_LINBreakDetectLengthConfig         0x080120fd   Thumb Code    18  stm32f10x_usart.o(.text)
    USART_LINCmd                             0x0801210f   Thumb Code    24  stm32f10x_usart.o(.text)
    USART_SendData                           0x08012127   Thumb Code     8  stm32f10x_usart.o(.text)
    USART_ReceiveData                        0x0801212f   Thumb Code    10  stm32f10x_usart.o(.text)
    USART_SendBreak                          0x08012139   Thumb Code    10  stm32f10x_usart.o(.text)
    USART_SetGuardTime                       0x08012143   Thumb Code    16  stm32f10x_usart.o(.text)
    USART_SetPrescaler                       0x08012153   Thumb Code    16  stm32f10x_usart.o(.text)
    USART_SmartCardCmd                       0x08012163   Thumb Code    24  stm32f10x_usart.o(.text)
    USART_SmartCardNACKCmd                   0x0801217b   Thumb Code    24  stm32f10x_usart.o(.text)
    USART_HalfDuplexCmd                      0x08012193   Thumb Code    24  stm32f10x_usart.o(.text)
    USART_OverSampling8Cmd                   0x080121ab   Thumb Code    22  stm32f10x_usart.o(.text)
    USART_OneBitMethodCmd                    0x080121c1   Thumb Code    24  stm32f10x_usart.o(.text)
    USART_IrDAConfig                         0x080121d9   Thumb Code    18  stm32f10x_usart.o(.text)
    USART_IrDACmd                            0x080121eb   Thumb Code    24  stm32f10x_usart.o(.text)
    USART_GetFlagStatus                      0x08012203   Thumb Code    26  stm32f10x_usart.o(.text)
    USART_ClearFlag                          0x0801221d   Thumb Code    18  stm32f10x_usart.o(.text)
    USART_GetITStatus                        0x0801222f   Thumb Code    84  stm32f10x_usart.o(.text)
    USART_ClearITPendingBit                  0x08012283   Thumb Code    50  stm32f10x_usart.o(.text)
    SystemInit                               0x0801237d   Thumb Code    78  system_stm32f10x.o(.text)
    SystemCoreClockUpdate                    0x080123cb   Thumb Code   142  system_stm32f10x.o(.text)
    queue_reset                              0x0801247d   Thumb Code    18  cmd_queue.o(.text)
    queue_push                               0x0801248f   Thumb Code    44  cmd_queue.o(.text)
    queue_find_cmd                           0x08012509   Thumb Code   136  cmd_queue.o(.text)
    DelayMS                                  0x0801259d   Thumb Code    24  hmi_driver.o(.text)
    SendStrings                              0x080125b5   Thumb Code    22  hmi_driver.o(.text)
    SendStringsWithSplitter                  0x080125cb   Thumb Code    60  hmi_driver.o(.text)
    SendNU8                                  0x08012607   Thumb Code    26  hmi_driver.o(.text)
    SendNU16                                 0x08012621   Thumb Code    40  hmi_driver.o(.text)
    SetHandShake                             0x08012649   Thumb Code    40  hmi_driver.o(.text)
    SetFcolor                                0x08012671   Thumb Code    54  hmi_driver.o(.text)
    SetBcolor                                0x080126a7   Thumb Code    54  hmi_driver.o(.text)
    ColorPicker                              0x080126dd   Thumb Code    76  hmi_driver.o(.text)
    GUI_CleanScreen                          0x08012729   Thumb Code    40  hmi_driver.o(.text)
    SetTextSpace                             0x08012751   Thumb Code    56  hmi_driver.o(.text)
    SetFont_Region                           0x08012789   Thumb Code    76  hmi_driver.o(.text)
    SetFilterColor                           0x080127d5   Thumb Code    68  hmi_driver.o(.text)
    DisText                                  0x08012819   Thumb Code    98  hmi_driver.o(.text)
    DisCursor                                0x0801287b   Thumb Code    98  hmi_driver.o(.text)
    DisFull_Image                            0x080128dd   Thumb Code    62  hmi_driver.o(.text)
    DisArea_Image                            0x0801291b   Thumb Code    94  hmi_driver.o(.text)
    DisCut_Image                             0x08012979   Thumb Code   174  hmi_driver.o(.text)
    DisFlashImage                            0x08012a27   Thumb Code   104  hmi_driver.o(.text)
    GUI_Dot                                  0x08012a8f   Thumb Code    68  hmi_driver.o(.text)
    GUI_Line                                 0x08012ad3   Thumb Code   100  hmi_driver.o(.text)
    GUI_ConDots                              0x08012b37   Thumb Code    62  hmi_driver.o(.text)
    GUI_ConSpaceDots                         0x08012b75   Thumb Code    84  hmi_driver.o(.text)
    GUI_FcolorConOffsetDots                  0x08012bc9   Thumb Code    84  hmi_driver.o(.text)
    GUI_BcolorConOffsetDots                  0x08012c1d   Thumb Code    84  hmi_driver.o(.text)
    SetPowerSaving                           0x08012c71   Thumb Code    82  hmi_driver.o(.text)
    GUI_FcolorConDots                        0x08012cc3   Thumb Code    54  hmi_driver.o(.text)
    GUI_BcolorConDots                        0x08012cf9   Thumb Code    54  hmi_driver.o(.text)
    GUI_Circle                               0x08012d2f   Thumb Code    82  hmi_driver.o(.text)
    GUI_CircleFill                           0x08012d81   Thumb Code    82  hmi_driver.o(.text)
    GUI_Arc                                  0x08012dd3   Thumb Code   120  hmi_driver.o(.text)
    GUI_Rectangle                            0x08012e4b   Thumb Code   100  hmi_driver.o(.text)
    GUI_RectangleFill                        0x08012eaf   Thumb Code   100  hmi_driver.o(.text)
    GUI_Ellipse                              0x08012f13   Thumb Code   100  hmi_driver.o(.text)
    GUI_EllipseFill                          0x08012f77   Thumb Code   100  hmi_driver.o(.text)
    SetBackLight                             0x08012fdb   Thumb Code    48  hmi_driver.o(.text)
    SetBuzzer                                0x0801300b   Thumb Code    48  hmi_driver.o(.text)
    GUI_AreaInycolor                         0x0801303b   Thumb Code   100  hmi_driver.o(.text)
    SetTouchPaneOption                       0x0801309f   Thumb Code    92  hmi_driver.o(.text)
    CalibrateTouchPane                       0x080130fb   Thumb Code    40  hmi_driver.o(.text)
    TestTouchPane                            0x08013123   Thumb Code    40  hmi_driver.o(.text)
    LockDeviceConfig                         0x0801314b   Thumb Code    64  hmi_driver.o(.text)
    UnlockDeviceConfig                       0x0801318b   Thumb Code    64  hmi_driver.o(.text)
    SetCommBps                               0x080131cb   Thumb Code    48  hmi_driver.o(.text)
    WriteLayer                               0x080131fb   Thumb Code    48  hmi_driver.o(.text)
    DisplyLayer                              0x0801322b   Thumb Code    48  hmi_driver.o(.text)
    CopyLayer                                0x0801325b   Thumb Code    56  hmi_driver.o(.text)
    ClearLayer                               0x08013293   Thumb Code    48  hmi_driver.o(.text)
    GUI_DispRTC                              0x080132c3   Thumb Code   118  hmi_driver.o(.text)
    WriteUserFlash                           0x08013339   Thumb Code    82  hmi_driver.o(.text)
    ReadUserFlash                            0x0801338b   Thumb Code    84  hmi_driver.o(.text)
    GetScreen                                0x080133df   Thumb Code    48  hmi_driver.o(.text)
    SetScreen                                0x0801340f   Thumb Code    60  hmi_driver.o(.text)
    SetScreenUpdateEnable                    0x0801344b   Thumb Code    48  hmi_driver.o(.text)
    SetControlFocus                          0x0801347b   Thumb Code    82  hmi_driver.o(.text)
    SetControlVisiable                       0x080134cd   Thumb Code    82  hmi_driver.o(.text)
    SetControlEnable                         0x0801351f   Thumb Code    82  hmi_driver.o(.text)
    SetButtonValue                           0x08013571   Thumb Code    82  hmi_driver.o(.text)
    SetTextValue                             0x080135c3   Thumb Code    82  hmi_driver.o(.text)
    SetTextInt32                             0x08013615   Thumb Code   140  hmi_driver.o(.text)
    SetTextFloat                             0x080136a1   Thumb Code   140  hmi_driver.o(.text)
    SetProgressValue                         0x0801372d   Thumb Code   104  hmi_driver.o(.text)
    SetMeterValue                            0x08013795   Thumb Code   104  hmi_driver.o(.text)
    Set_picMeterValue                        0x080137fd   Thumb Code    88  hmi_driver.o(.text)
    SetSliderValue                           0x08013855   Thumb Code   104  hmi_driver.o(.text)
    SetSelectorValue                         0x080138bd   Thumb Code    82  hmi_driver.o(.text)
    GetControlValue                          0x0801390f   Thumb Code    74  hmi_driver.o(.text)
    AnimationStart                           0x08013959   Thumb Code    74  hmi_driver.o(.text)
    AnimationStop                            0x080139a3   Thumb Code    74  hmi_driver.o(.text)
    AnimationPause                           0x080139ed   Thumb Code    74  hmi_driver.o(.text)
    AnimationPlayFrame                       0x08013a37   Thumb Code    82  hmi_driver.o(.text)
    AnimationPlayPrev                        0x08013a89   Thumb Code    74  hmi_driver.o(.text)
    AnimationPlayNext                        0x08013ad3   Thumb Code    74  hmi_driver.o(.text)
    GraphChannelAdd                          0x08013b1d   Thumb Code   100  hmi_driver.o(.text)
    GraphChannelDel                          0x08013b81   Thumb Code    82  hmi_driver.o(.text)
    GraphChannelDataAdd                      0x08013bd3   Thumb Code   110  hmi_driver.o(.text)
    GraphChannelDataClear                    0x08013c41   Thumb Code    82  hmi_driver.o(.text)
    GraphSetViewport                         0x08013c93   Thumb Code   144  hmi_driver.o(.text)
    BatchBegin                               0x08013d23   Thumb Code    36  hmi_driver.o(.text)
    BatchSetButtonValue                      0x08013d47   Thumb Code    38  hmi_driver.o(.text)
    BatchSetProgressValue                    0x08013d6d   Thumb Code    60  hmi_driver.o(.text)
    BatchSetSliderValue                      0x08013da9   Thumb Code    60  hmi_driver.o(.text)
    BatchSetMeterValue                       0x08013de5   Thumb Code    60  hmi_driver.o(.text)
    GetStringLen                             0x08013e21   Thumb Code    18  hmi_driver.o(.text)
    BatchSetText                             0x08013e33   Thumb Code    56  hmi_driver.o(.text)
    BatchSetFrame                            0x08013e6b   Thumb Code    44  hmi_driver.o(.text)
    BatchSetVisible                          0x08013e97   Thumb Code    32  hmi_driver.o(.text)
    BatchSetEnable                           0x08013eb7   Thumb Code    32  hmi_driver.o(.text)
    BatchEnd                                 0x08013ed7   Thumb Code    28  hmi_driver.o(.text)
    SeTimer                                  0x08013ef3   Thumb Code   104  hmi_driver.o(.text)
    StartTimer                               0x08013f5b   Thumb Code    74  hmi_driver.o(.text)
    StopTimer                                0x08013fa5   Thumb Code    74  hmi_driver.o(.text)
    PauseTimer                               0x08013fef   Thumb Code    74  hmi_driver.o(.text)
    SetControlBackColor                      0x08014039   Thumb Code    88  hmi_driver.o(.text)
    SetControlForeColor                      0x08014091   Thumb Code    88  hmi_driver.o(.text)
    ShowPopupMenu                            0x080140e9   Thumb Code   100  hmi_driver.o(.text)
    ShowKeyboard                             0x0801414d   Thumb Code   104  hmi_driver.o(.text)
    SetLanguage                              0x080141b5   Thumb Code    68  hmi_driver.o(.text)
    FlashBeginSaveControl                    0x080141f9   Thumb Code    82  hmi_driver.o(.text)
    FlashSaveControl                         0x0801424b   Thumb Code    32  hmi_driver.o(.text)
    FlashEndSaveControl                      0x0801426b   Thumb Code    28  hmi_driver.o(.text)
    FlashRestoreControl                      0x08014287   Thumb Code   106  hmi_driver.o(.text)
    HistoryGraph_SetValueInt8                0x080142f1   Thumb Code    90  hmi_driver.o(.text)
    HistoryGraph_SetValueInt16               0x0801434b   Thumb Code    90  hmi_driver.o(.text)
    HistoryGraph_SetValueInt32               0x080143a5   Thumb Code   138  hmi_driver.o(.text)
    HistoryGraph_SetValueFloat               0x0801442f   Thumb Code   128  hmi_driver.o(.text)
    HistoryGraph_EnableSampling              0x080144af   Thumb Code    82  hmi_driver.o(.text)
    HistoryGraph_ShowChannel                 0x08014501   Thumb Code    94  hmi_driver.o(.text)
    HistoryGraph_SetTimeLength               0x0801455f   Thumb Code    94  hmi_driver.o(.text)
    HistoryGraph_SetTimeFullScreen           0x080145bd   Thumb Code    80  hmi_driver.o(.text)
    HistoryGraph_SetTimeZoom                 0x0801460d   Thumb Code   132  hmi_driver.o(.text)
    Record_SetEvent                          0x08014691   Thumb Code   126  hmi_driver.o(.text)
    Record_ResetEvent                        0x0801470f   Thumb Code   126  hmi_driver.o(.text)
    Record_Add                               0x0801478d   Thumb Code    82  hmi_driver.o(.text)
    Record_Add_Byte                          0x080147df   Thumb Code    90  hmi_driver.o(.text)
    Record_Clear                             0x08014839   Thumb Code    74  hmi_driver.o(.text)
    Record_SetOffset                         0x08014883   Thumb Code    88  hmi_driver.o(.text)
    Record_GetCount                          0x080148db   Thumb Code    74  hmi_driver.o(.text)
    ReadRTC                                  0x08014925   Thumb Code    40  hmi_driver.o(.text)
    PlayMusic                                0x0801494d   Thumb Code    58  hmi_driver.o(.text)
    ShowIcon                                 0x08014987   Thumb Code    82  hmi_driver.o(.text)
    UartInit                                 0x080149d9   Thumb Code   136  hmi_user_uart.o(.text)
    SendChar                                 0x08014a61   Thumb Code    42  hmi_user_uart.o(.text)
    NMI_Handler                              0x08014a99   Thumb Code     2  stm32f10x_it.o(.text)
    HardFault_Handler                        0x08014a9b   Thumb Code     4  stm32f10x_it.o(.text)
    MemManage_Handler                        0x08014a9f   Thumb Code     4  stm32f10x_it.o(.text)
    BusFault_Handler                         0x08014aa3   Thumb Code     4  stm32f10x_it.o(.text)
    UsageFault_Handler                       0x08014aa7   Thumb Code     4  stm32f10x_it.o(.text)
    SVC_Handler                              0x08014aab   Thumb Code     2  stm32f10x_it.o(.text)
    DebugMon_Handler                         0x08014aad   Thumb Code     2  stm32f10x_it.o(.text)
    PendSV_Handler                           0x08014aaf   Thumb Code     2  stm32f10x_it.o(.text)
    USART1_IRQHandler                        0x08014ab1   Thumb Code    38  stm32f10x_it.o(.text)
    USART2_IRQHandler                        0x08014ad7   Thumb Code    32  stm32f10x_it.o(.text)
    TIM3_IRQHandler                          0x08014af7   Thumb Code    40  stm32f10x_it.o(.text)
    SysTick_Handler                          0x08014b1f   Thumb Code    12  stm32f10x_it.o(.text)
    delay_ms                                 0x08014b41   Thumb Code    30  ulitity.o(.text)
    systicket_init                           0x08014b5f   Thumb Code    78  ulitity.o(.text)
    Set_System_Clocks                        0x08014bbd   Thumb Code   102  hw_config.o(.text)
    RCC_Configuration                        0x08014c23   Thumb Code    38  hw_config.o(.text)
    GPIO_Configuration                       0x08014c49   Thumb Code   248  hw_config.o(.text)
    TIM3_PWM_Configuration                   0x08014d41   Thumb Code   200  hw_config.o(.text)
    UpdatePWM                                0x08014e09   Thumb Code    48  hw_config.o(.text)
    DMA_Configuration                        0x08014e39   Thumb Code    66  hw_config.o(.text)
    Interrupts_Config1                       0x08014e7b   Thumb Code    30  hw_config.o(.text)
    Interrupts_Config2                       0x08014e99   Thumb Code    30  hw_config.o(.text)
    Interrupts_Config                        0x08014eb7   Thumb Code    12  hw_config.o(.text)
    Init_All_Hardware                        0x08014ec3   Thumb Code    24  hw_config.o(.text)
    Adc_GPIO_Config                          0x08014f15   Thumb Code    34  adc.o(.text)
    Adc_Configuration                        0x08014f37   Thumb Code   152  adc.o(.text)
    Dac_Config                               0x08014fd9   Thumb Code    64  dac.o(.text)
    USART1_Config                            0x08015019   Thumb Code   124  usart.o(.text)
    NVIC_Configuration1                      0x08015095   Thumb Code    42  usart.o(.text)
    USART2_Config                            0x080150bf   Thumb Code   126  usart.o(.text)
    NVIC_Configuration2                      0x0801513d   Thumb Code    42  usart.o(.text)
    Timerx_Init                              0x08015167   Thumb Code    94  usart.o(.text)
    fputc                                    0x080151c5   Thumb Code     2  usart.o(.text)
    STM32_FLASH_ReadHalfWord                 0x080151d9   Thumb Code     6  stm32_flash.o(.text)
    STM32_FLASH_Write_NoCheck                0x080151df   Thumb Code    38  stm32_flash.o(.text)
    STM32_FLASH_Read                         0x08015205   Thumb Code    34  stm32_flash.o(.text)
    STM32_FLASH_Write                        0x08015227   Thumb Code   222  stm32_flash.o(.text)
    Relay_GPIO_Config                        0x0801530d   Thumb Code   112  relays.o(.text)
    RS485_Initialization                     0x08015389   Thumb Code     8  api_comm.o(.text)
    ModBusCheckCRC16                         0x080153d9   Thumb Code    60  api_comm.o(.text)
    ModeBusSendChar                          0x08015415   Thumb Code    42  api_comm.o(.text)
    ModBusSendData                           0x0801543f   Thumb Code    80  api_comm.o(.text)
    ModBusSendDataBlock                      0x0801548f   Thumb Code   116  api_comm.o(.text)
    ReturnModBusCMD                          0x08015503   Thumb Code    52  api_comm.o(.text)
    get_frequency                            0x08015537   Thumb Code    26  api_comm.o(.text)
    AnswerApiReadOutlet                      0x08015551   Thumb Code    56  api_comm.o(.text)
    AnswerApiReadEntrance                    0x08015589   Thumb Code    82  api_comm.o(.text)
    pump_state                               0x080155db   Thumb Code    74  api_comm.o(.text)
    AnswerApiReadPump                        0x08015625   Thumb Code    44  api_comm.o(.text)
    AnswerApiReadTargetPressure              0x08015651   Thumb Code    56  api_comm.o(.text)
    AnswerApiReadDefaultPressure             0x08015689   Thumb Code    56  api_comm.o(.text)
    AnswerApiReadPump1Temp                   0x080156c1   Thumb Code   162  api_comm.o(.text)
    AnswerApiReadPump2Temp                   0x08015763   Thumb Code   242  api_comm.o(.text)
    AnswerApiReadPump3Temp                   0x08015855   Thumb Code   144  api_comm.o(.text)
    AnswerApiReadSmallPump                   0x080158e5   Thumb Code   144  api_comm.o(.text)
    AnswerApiReadFrequency                   0x08015975   Thumb Code    46  api_comm.o(.text)
    AnswerApiReadSystemStatus                0x080159a3   Thumb Code    36  api_comm.o(.text)
    AnswerApiReadErrors                      0x080159c7   Thumb Code   116  api_comm.o(.text)
    control_relays                           0x08015a3b   Thumb Code   120  api_comm.o(.text)
    AnswerApiWriteDefaultPressure            0x08015ab3   Thumb Code    84  api_comm.o(.text)
    AnswerApiSetNonNeagtive                  0x08015b07   Thumb Code    24  api_comm.o(.text)
    AnswerApiSetSmallPumpOn                  0x08015b1f   Thumb Code    50  api_comm.o(.text)
    AnswerApiSetFactoryValues                0x08015b51   Thumb Code    14  api_comm.o(.text)
    SendCmdBack                              0x08015b5f   Thumb Code    52  api_comm.o(.text)
    SendCommData                             0x08015b93   Thumb Code   182  api_comm.o(.text)
    modbus_cmd_processor                     0x08015c49   Thumb Code   236  api_comm.o(.text)
    AnswerApiCmd                             0x08015d35   Thumb Code    38  api_comm.o(.text)
    ModBusReceiver                           0x08015d5b   Thumb Code   138  api_comm.o(.text)
    update_comm_data0                        0x08015de5   Thumb Code    30  api_comm.o(.text)
    update_comm_data1                        0x08015e03   Thumb Code    54  api_comm.o(.text)
    update_comm_data2                        0x08015e39   Thumb Code    18  api_comm.o(.text)
    update_comm_data3                        0x08015e4b   Thumb Code   104  api_comm.o(.text)
    update_comm_data4                        0x08015eb3   Thumb Code    18  api_comm.o(.text)
    update_comm_data5                        0x08015ec5   Thumb Code    20  api_comm.o(.text)
    update_comm_data6                        0x08015ed9   Thumb Code    20  api_comm.o(.text)
    update_comm_data7                        0x08015eed   Thumb Code    20  api_comm.o(.text)
    update_comm_data8                        0x08015f01   Thumb Code    20  api_comm.o(.text)
    update_comm_data9                        0x08015f15   Thumb Code    20  api_comm.o(.text)
    update_comm_data10                       0x08015f29   Thumb Code    30  api_comm.o(.text)
    update_comm_data11                       0x08015f47   Thumb Code    30  api_comm.o(.text)
    update_comm_data12                       0x08015f65   Thumb Code    30  api_comm.o(.text)
    update_comm_pump_temp                    0x08015f83   Thumb Code   318  api_comm.o(.text)
    update_comm_data13                       0x080160c1   Thumb Code    10  api_comm.o(.text)
    update_comm_data14                       0x080160cb   Thumb Code    18  api_comm.o(.text)
    UpdateCommData                           0x080160dd   Thumb Code    24  api_comm.o(.text)
    strcat                                   0x08016101   Thumb Code    28  strcat.o(.text)
    strlen                                   0x0801611d   Thumb Code    16  strlen.o(.text)
    strcmp                                   0x0801612d   Thumb Code    28  strcmp.o(.text)
    strcpy                                   0x08016149   Thumb Code    18  strcpy.o(.text)
    __0sscanf                                0x0801615d   Thumb Code    48  __0sscanf.o(.text)
    _scanf_int                               0x08016195   Thumb Code   334  _scanf_int.o(.text)
    _scanf_string                            0x080162e3   Thumb Code   216  _scanf_str.o(.text)
    _scanf_real                              0x080164cd   Thumb Code     0  scanf_fp.o(.text)
    _scanf_really_real                       0x080164cd   Thumb Code   566  scanf_fp.o(.text)
    __aeabi_fadd                             0x08016711   Thumb Code   164  fadd.o(.text)
    __aeabi_fsub                             0x080167b5   Thumb Code     6  fadd.o(.text)
    __aeabi_frsub                            0x080167bb   Thumb Code     6  fadd.o(.text)
    __aeabi_fmul                             0x080167c1   Thumb Code   108  fmul.o(.text)
    __aeabi_fdiv                             0x0801682d   Thumb Code   128  fdiv.o(.text)
    __aeabi_dadd                             0x080168ad   Thumb Code   318  dadd.o(.text)
    __aeabi_dsub                             0x080169eb   Thumb Code     6  dadd.o(.text)
    __aeabi_drsub                            0x080169f1   Thumb Code     6  dadd.o(.text)
    __aeabi_dmul                             0x080169f7   Thumb Code   226  dmul.o(.text)
    __aeabi_ddiv                             0x08016ad9   Thumb Code   222  ddiv.o(.text)
    __aeabi_i2f                              0x08016bb7   Thumb Code    18  fflti.o(.text)
    __aeabi_ui2f                             0x08016bc9   Thumb Code    10  ffltui.o(.text)
    __aeabi_i2d                              0x08016bd3   Thumb Code    34  dflti.o(.text)
    __aeabi_ui2d                             0x08016bf5   Thumb Code    26  dfltui.o(.text)
    __aeabi_f2iz                             0x08016c0f   Thumb Code    50  ffixi.o(.text)
    __aeabi_d2iz                             0x08016c41   Thumb Code    62  dfixi.o(.text)
    __aeabi_f2d                              0x08016c7f   Thumb Code    44  f2d.o(.text)
    __aeabi_cdcmpeq                          0x08016cad   Thumb Code     0  cdcmple.o(.text)
    __aeabi_cdcmple                          0x08016cad   Thumb Code    38  cdcmple.o(.text)
    __aeabi_cdrcmple                         0x08016cd5   Thumb Code    38  cdrcmple.o(.text)
    __aeabi_d2f                              0x08016cfd   Thumb Code    56  d2f.o(.text)
    __aeabi_cfcmpeq                          0x08016d35   Thumb Code     0  cfcmple.o(.text)
    __aeabi_cfcmple                          0x08016d35   Thumb Code    20  cfcmple.o(.text)
    __aeabi_cfrcmple                         0x08016d49   Thumb Code    20  cfrcmple.o(.text)
    __aeabi_uidiv                            0x08016d5d   Thumb Code     0  uidiv.o(.text)
    __aeabi_uidivmod                         0x08016d5d   Thumb Code    44  uidiv.o(.text)
    __aeabi_uldivmod                         0x08016d89   Thumb Code   102  uldiv.o(.text)
    __aeabi_llsl                             0x08016def   Thumb Code    30  llshl.o(.text)
    _ll_shift_l                              0x08016def   Thumb Code     0  llshl.o(.text)
    __aeabi_llsr                             0x08016e0d   Thumb Code    32  llushr.o(.text)
    _ll_ushift_r                             0x08016e0d   Thumb Code     0  llushr.o(.text)
    __aeabi_lasr                             0x08016e2d   Thumb Code    36  llsshr.o(.text)
    _ll_sshift_r                             0x08016e2d   Thumb Code     0  llsshr.o(.text)
    _chval                                   0x08016e51   Thumb Code    32  _chval.o(.text)
    __vfscanf_char                           0x08016e7d   Thumb Code    22  scanf_char.o(.text)
    _sgetc                                   0x08016e9d   Thumb Code    30  _sgetc.o(.text)
    _sbackspace                              0x08016ebb   Thumb Code    34  _sgetc.o(.text)
    __I$use$fp                               0x08016edd   Thumb Code     0  iusefp.o(.text)
    _float_round                             0x08016edd   Thumb Code    18  fepilogue.o(.text)
    _float_epilogue                          0x08016eef   Thumb Code    94  fepilogue.o(.text)
    _double_round                            0x08016f4d   Thumb Code    26  depilogue.o(.text)
    _double_epilogue                         0x08016f67   Thumb Code   168  depilogue.o(.text)
    __ARM_scalbn                             0x0801700f   Thumb Code    46  dscalb.o(.text)
    scalbn                                   0x0801700f   Thumb Code     0  dscalb.o(.text)
    __aeabi_ul2d                             0x0801703d   Thumb Code    24  dfltul.o(.text)
    __aeabi_d2ulz                            0x08017055   Thumb Code    48  dfixul.o(.text)
    __scatterload                            0x08017085   Thumb Code    28  init.o(.text)
    __scatterload_rt2                        0x08017085   Thumb Code     0  init.o(.text)
    isspace                                  0x080170a9   Thumb Code    10  isspace_c.o(.text)
    __vfscanf                                0x080170b5   Thumb Code   818  _scanf.o(.text)
    _dsqrt                                   0x080173ed   Thumb Code   160  dsqrt.o(.text)
    __ctype_lookup                           0x0801748d   Thumb Code    34  ctype_c.o(.text)
    __decompress                             0x080174b5   Thumb Code     0  __dclz77c.o(.text)
    __decompress2                            0x080174b5   Thumb Code    96  __dclz77c.o(.text)
    __0printf                                0x08017515   Thumb Code    22  printfa.o(i.__0printf)
    __1printf                                0x08017515   Thumb Code     0  printfa.o(i.__0printf)
    __2printf                                0x08017515   Thumb Code     0  printfa.o(i.__0printf)
    __c89printf                              0x08017515   Thumb Code     0  printfa.o(i.__0printf)
    printf                                   0x08017515   Thumb Code     0  printfa.o(i.__0printf)
    __0sprintf                               0x08017535   Thumb Code    34  printfa.o(i.__0sprintf)
    __1sprintf                               0x08017535   Thumb Code     0  printfa.o(i.__0sprintf)
    __2sprintf                               0x08017535   Thumb Code     0  printfa.o(i.__0sprintf)
    __c89sprintf                             0x08017535   Thumb Code     0  printfa.o(i.__0sprintf)
    sprintf                                  0x08017535   Thumb Code     0  printfa.o(i.__0sprintf)
    __ARM_fpclassify                         0x0801755d   Thumb Code    40  fpclassify.o(i.__ARM_fpclassify)
    __kernel_poly                            0x08017585   Thumb Code   170  poly.o(i.__kernel_poly)
    __mathlib_dbl_underflow                  0x08017631   Thumb Code    10  dunder.o(i.__mathlib_dbl_underflow)
    __scatterload_copy                       0x08017641   Thumb Code    14  handlers.o(i.__scatterload_copy)
    __scatterload_null                       0x0801764f   Thumb Code     2  handlers.o(i.__scatterload_null)
    __scatterload_zeroinit                   0x08017651   Thumb Code    14  handlers.o(i.__scatterload_zeroinit)
    __set_errno                              0x08017661   Thumb Code     6  errno.o(i.__set_errno)
    pow                                      0x08017ef5   Thumb Code  2510  pow.o(i.pow)
    sqrt                                     0x080188cd   Thumb Code    74  sqrt.o(i.sqrt)
    control_index_tbltbl                     0x08018918   Data          16  settings.o(.constdata)
    control_index_tbl                        0x08018928   Data          39  settings.o(.constdata)
    DefaultSettings                          0x08018950   Data         740  settings.o(.constdata)
    setting_screens                          0x08018c34   Data          24  settings.o(.constdata)
    flash_settings                           0x08018c4c   Data          24  settings.o(.constdata)
    pointer_flash_settings                   0x08018c64   Data          28  settings.o(.constdata)
    button_id_tbl                            0x08018dfe   Data          10  ui_controls.o(.constdata)
    PumpIcons                                0x08018e08   Data          48  ui_controls.o(.constdata)
    __mathlib_zero                           0x08019398   Data           8  qnan.o(.constdata)
    __ctype_categories                       0x080193a0   Data          64  ctype_c.o(.constdata)
    Region$$Table$$Base                      0x08019680   Number         0  anon$$obj.o(Region$$Table)
    Region$$Table$$Limit                     0x080196a0   Number         0  anon$$obj.o(Region$$Table)
    FatiguePumpCancel                        0x20000000   Data           2  main.o(.data)
    fast_mode                                0x20000002   Data           1  main.o(.data)
    RunningCounter                           0x20000004   Data           2  main.o(.data)
    timer_tick_count                         0x20000008   Data           4  main.o(.data)
    WarmUpDone                               0x2000000c   Data           1  main.o(.data)
    TargetLockConfirmed                      0x2000000d   Data           1  main.o(.data)
    TargetLockCounter                        0x2000000e   Data           1  main.o(.data)
    tick_counter_100ms                       0x20000010   Data           2  main.o(.data)
    tick_counter_error_scan                  0x20000012   Data           1  main.o(.data)
    TickPidCounter                           0x20000013   Data           1  main.o(.data)
    ModBusTrafficTimer                       0x20000016   Data           1  main.o(.data)
    t_counter                                0x20000018   Data           2  main.o(.data)
    i_counter                                0x2000001a   Data           2  main.o(.data)
    SysRunning                               0x2000001c   Data           1  main.o(.data)
    PowerUpAutoRunTimer                      0x2000001e   Data           2  main.o(.data)
    Manual_Setting                           0x20000020   Data           1  main.o(.data)
    SoftStopping                             0x20000021   Data           1  main.o(.data)
    Error_Channel_Disconnected               0x20000022   Data           1  main.o(.data)
    MaxFreqOut                               0x20000024   Data           1  settings.o(.data)
    AvfMode                                  0x20000025   Data           1  settings.o(.data)
    TrialExpired                             0x20000026   Data           1  settings.o(.data)
    SettingsLoaded                           0x20000027   Data           1  settings.o(.data)
    Pressure_Full_range                      0x20000028   Data           1  settings.o(.data)
    Low_Pressure_Protection_Timing           0x20000029   Data           1  settings.o(.data)
    flash_data_loaded                        0x2000002a   Data           1  settings.o(.data)
    MileageEnabled                           0x2000002b   Data           1  settings.o(.data)
    FactoryInfoChecked                       0x2000002c   Data           1  settings.o(.data)
    temp_limit                               0x20000030   Data          24  settings.o(.data)
    temp_restore                             0x20000048   Data           4  settings.o(.data)
    DefaultTargetPressureMenu                0x2000004c   Data           4  settings.o(.data)
    StopDate                                 0x20000050   Data           6  settings.o(.data)
    RTC_Date                                 0x20000056   Data           6  settings.o(.data)
    Use60HzAsMaxFreq                         0x2000005c   Data           1  settings.o(.data)
    PumpCancelFreq                           0x2000005d   Data           1  settings.o(.data)
    SleepingEnableMode                       0x2000005e   Data           1  settings.o(.data)
    Pressure_Bias                            0x20000060   Data           4  settings.o(.data)
    Low_Pressure_Protection_Selected         0x20000064   Data           1  settings.o(.data)
    Mileage                                  0x20000065   Data           5  settings.o(.data)
    MileageLimit                             0x2000006a   Data           2  settings.o(.data)
    HourMileage                              0x2000006c   Data           2  settings.o(.data)
    FactoryInfoLocked                        0x2000006e   Data           1  settings.o(.data)
    OutletPressureCaliCoeff                  0x20000070   Data           4  settings.o(.data)
    EntrancePressureCaliCoeff                0x20000074   Data           4  settings.o(.data)
    RemoteTargetEnable                       0x20000078   Data           1  settings.o(.data)
    PW_ErrIndex                              0x20000079   Data           1  settings.o(.data)
    flash_err_record                         0x2000007a   Data           2  settings.o(.data)
    Temp                                     0x2000007c   Data           1  settings.o(.data)
    TempMonitorEnable                        0x2000007d   Data           1  settings.o(.data)
    Entrance_Pressure_Checking               0x20000080   Data           1  time_control.o(.data)
    schedule_loaded                          0x20000081   Data           1  time_control.o(.data)
    scheduler_today_is_working               0x20000082   Data           1  time_control.o(.data)
    time_control_enabled                     0x20000083   Data           1  time_control.o(.data)
    working_weekdays                         0x20000084   Data           8  time_control.o(.data)
    DefaultTargetPressure                    0x2000008c   Data           4  time_control.o(.data)
    RemoteMode                               0x20000090   Data           1  time_control.o(.data)
    TaskIsRunning                            0x20000091   Data           1  time_control.o(.data)
    AllPumpsOn                               0x20000092   Data           1  time_control.o(.data)
    task_phase                               0x20000093   Data           1  time_control.o(.data)
    task_index                               0x20000094   Data           1  time_control.o(.data)
    new_day_starts                           0x20000095   Data           1  time_control.o(.data)
    now_hour                                 0x20000096   Data           1  time_control.o(.data)
    now_min                                  0x20000097   Data           1  time_control.o(.data)
    now_sec                                  0x20000098   Data           1  time_control.o(.data)
    start_hour                               0x20000099   Data           1  time_control.o(.data)
    start_min                                0x2000009a   Data           1  time_control.o(.data)
    stop_hour                                0x2000009b   Data           1  time_control.o(.data)
    stop_min                                 0x2000009c   Data           1  time_control.o(.data)
    now_weekday                              0x2000009d   Data           1  time_control.o(.data)
    RemoteTargetPressure                     0x200000a0   Data           4  time_control.o(.data)
    previous_sec                             0x200000a4   Data           1  time_control.o(.data)
    channel_nbr                              0x200000a8   Data           1  measurement.o(.data)
    SensorParTable                           0x200000ac   Data          48  measurement.o(.data)
    temp_tbl                                 0x200000dc   Data         536  measurement.o(.data)
    pressure_tbl                             0x200002f4   Data         272  measurement.o(.data)
    pt_pressure_tbl                          0x20000404   Data         272  measurement.o(.data)
    pm_wl_tbl                                0x20000514   Data         272  measurement.o(.data)
    pt_wl_tbl                                0x20000624   Data         272  measurement.o(.data)
    real_outlet_pressure                     0x2000073c   Data           4  measurement.o(.data)
    TargetLockerTiming                       0x20000740   Data           1  measurement.o(.data)
    EntranceRealTimePressure                 0x20000744   Data           4  measurement.o(.data)
    PM_pressure                              0x20000748   Data           4  measurement.o(.data)
    PT_pressure                              0x2000074c   Data           4  measurement.o(.data)
    WaterLevel                               0x20000750   Data           4  measurement.o(.data)
    OutletRealTimePressure                   0x20000754   Data           4  measurement.o(.data)
    OutletRealTimePressureForCali            0x20000758   Data           4  measurement.o(.data)
    EntranceRealTimePressureForCali          0x2000075c   Data           4  measurement.o(.data)
    UseIoTargetPressure                      0x20000760   Data           1  measurement.o(.data)
    DefaultTargetPressureIO                  0x20000764   Data           4  measurement.o(.data)
    PinMode                                  0x20000768   Data           1  security.o(.data)
    PinChkType                               0x2000076c   Data           4  security.o(.data)
    UserPinReminder                          0x20000770   Data          24  security.o(.data)
    messages                                 0x20000788   Data          28  security.o(.data)
    dbg_info_nbr                             0x200007a4   Data           1  security.o(.data)
    MileageStatus                            0x200007a7   Data           1  security.o(.data)
    FactoryPin                               0x200007a8   Data           3  security.o(.data)
    Pin_Enabled                              0x200007ab   Data           1  security.o(.data)
    Sys_Pin_Enabled                          0x200007ac   Data           1  security.o(.data)
    PinCopy                                  0x200007ad   Data           6  security.o(.data)
    button_frozen                            0x200007b4   Data          24  ui_controls.o(.data)
    weight                                   0x200007cc   Data          96  ui_controls.o(.data)
    cmd_str                                  0x2000082c   Data          32  ui_controls.o(.data)
    OldHour                                  0x20000850   Data           4  userinterface.o(.data)
    OldMinute                                0x20000854   Data           4  userinterface.o(.data)
    unsaved_changes_exist                    0x20000858   Data           1  userinterface.o(.data)
    BL_On_Time                               0x20000859   Data           1  userinterface.o(.data)
    SysStandby                               0x2000085a   Data           1  userinterface.o(.data)
    nHoursCounter                            0x2000085b   Data           1  userinterface.o(.data)
    FactoryInfoCheckPassed                   0x20000864   Data           1  userinterface.o(.data)
    flag                                     0x20000865   Data           1  userinterface.o(.data)
    now_vs_time_window                       0x20000866   Data           1  userinterface.o(.data)
    pin_ok                                   0x20000867   Data           1  userinterface.o(.data)
    low_pressure_check_counter               0x20000868   Data           2  userinterface.o(.data)
    low_entrance_pressure_check_counter      0x2000086a   Data           2  userinterface.o(.data)
    low_pressure_check_ready                 0x2000086c   Data           1  userinterface.o(.data)
    low_entrance_pressure_check_ready        0x2000086d   Data           1  userinterface.o(.data)
    WaterSourceMode                          0x2000086e   Data           1  userinterface.o(.data)
    manual_avf_button_state                  0x2000086f   Data           6  userinterface.o(.data)
    debt_tbl                                 0x20000875   Data           7  userinterface.o(.data)
    VarIndex_SCREEN_PUMP_SWITCH_CONDTION     0x2000087c   Data          40  userinterface.o(.data)
    VarIndex_SCREEN_SLEEP_SETTING            0x200008a4   Data          32  userinterface.o(.data)
    ApiCmd                                   0x200008c5   Data           1  userinterface.o(.data)
    WL_Bias                                  0x200008c8   Data           4  userinterface.o(.data)
    FcFreqOutBias                            0x200008cc   Data           4  userinterface.o(.data)
    FC_is_on                                 0x200008d0   Data           1  userinterface.o(.data)
    NewMinuteEvent                           0x200008d1   Data           1  userinterface.o(.data)
    ReturnScreenId                           0x200008d2   Data           2  userinterface.o(.data)
    BL_Control_Enable                        0x200008d4   Data           1  userinterface.o(.data)
    BL_On_Level                              0x200008d5   Data           1  userinterface.o(.data)
    BL_Off_Level                             0x200008d6   Data           1  userinterface.o(.data)
    manual_freq_setting                      0x200008d8   Data           4  userinterface.o(.data)
    pump_mode                                0x200008dc   Data           1  userinterface.o(.data)
    ADC_ConvertedValue                       0x200008e0   Data           4  userinterface.o(.data)
    ADC_ConvertedValueLocal                  0x200008e4   Data           4  userinterface.o(.data)
    temp                                     0x200008e8   Data           4  userinterface.o(.data)
    DACx                                     0x200008ec   Data           4  userinterface.o(.data)
    UserPin                                  0x200008f0   Data           3  userinterface.o(.data)
    Max_Pump_Nbr                             0x200008f3   Data           1  userinterface.o(.data)
    Fixed_FC_Pump                            0x200008f4   Data           1  userinterface.o(.data)
    Outlet_Sensor_type                       0x200008f5   Data           1  userinterface.o(.data)
    Outlet_Sensor_Range                      0x200008f8   Data           4  userinterface.o(.data)
    Outlet_Pressure_Bias                     0x200008fc   Data           4  userinterface.o(.data)
    Outlet_LP_Protection_Selected            0x20000900   Data           1  userinterface.o(.data)
    Outlet_LP_Protection_Value               0x20000904   Data           4  userinterface.o(.data)
    Outlet_HP_Protection_Selected            0x20000908   Data           1  userinterface.o(.data)
    Outlet_HP_Protection_Value               0x2000090c   Data           4  userinterface.o(.data)
    Entrance_Sensor_type                     0x20000910   Data           1  userinterface.o(.data)
    Entrance_Sensor_Range                    0x20000914   Data           4  userinterface.o(.data)
    Entrance_Pressure_Bias                   0x20000918   Data           4  userinterface.o(.data)
    Entrance_LP_Protection_Value             0x2000091c   Data           4  userinterface.o(.data)
    Entrance_LP_Protection_Delay             0x20000920   Data           2  userinterface.o(.data)
    Entrance_LP_Protection_Restore_Value     0x20000924   Data           4  userinterface.o(.data)
    Entrance_sensor2                         0x20000928   Data           4  userinterface.o(.data)
    Valve_Control                            0x2000092c   Data           8  userinterface.o(.data)
    Valve_Control1                           0x20000934   Data           6  userinterface.o(.data)
    PID_Setting                              0x2000093a   Data           8  userinterface.o(.data)
    status_for_cancel                        0x20000944   Data           1  pump_running.o(.data)
    pump_switch_phase                        0x20000945   Data           1  pump_running.o(.data)
    pump_fatige_switch_phase                 0x20000946   Data           1  pump_running.o(.data)
    pump_switch_phase_mod2                   0x20000947   Data           1  pump_running.o(.data)
    pump_startup_done                        0x20000948   Data           1  pump_running.o(.data)
    adding_pump_confirming                   0x20000949   Data           1  pump_running.o(.data)
    adding_pump_executing                    0x2000094a   Data           1  pump_running.o(.data)
    canceling_pump                           0x2000094b   Data           1  pump_running.o(.data)
    SparePumpMode                            0x2000094c   Data           1  pump_running.o(.data)
    SpeedUpFactor                            0x20000950   Data           4  pump_running.o(.data)
    PumpGroupMode                            0x20000954   Data           1  pump_running.o(.data)
    Win1_Counter_Setting                     0x20000956   Data           2  pump_running.o(.data)
    Win2_Counter_Setting                     0x20000958   Data           2  pump_running.o(.data)
    freq_up_counter_gap                      0x2000095c   Data           4  pump_running.o(.data)
    freq_up_counter                          0x20000960   Data           4  pump_running.o(.data)
    win1_counter                             0x20000964   Data           4  pump_running.o(.data)
    win2_counter                             0x20000968   Data           4  pump_running.o(.data)
    amount_of_running_pumps                  0x2000096c   Data           1  pump_running.o(.data)
    focused_pump_index                       0x2000096d   Data           1  pump_running.o(.data)
    PressureRoof                             0x20000970   Data           4  pump_running.o(.data)
    PressureFloor                            0x20000974   Data           4  pump_running.o(.data)
    Demo                                     0x20000978   Data           1  pump_running.o(.data)
    pump_usablilty_tbl                       0x20000979   Data           6  pump_running.o(.data)
    pump_error_tbl                           0x2000097f   Data           6  pump_running.o(.data)
    pump_enable_tbl                          0x20000985   Data           6  pump_running.o(.data)
    pump_on_off_tbl                          0x2000098b   Data           6  pump_running.o(.data)
    pump_running_mode_tbl                    0x20000991   Data           6  pump_running.o(.data)
    mod_strings                              0x20000998   Data          12  pump_running.o(.data)
    cmd_strings                              0x200009a4   Data          12  pump_running.o(.data)
    cmd_head_index                           0x200009b0   Data           1  pump_running.o(.data)
    cmd_tail_index                           0x200009b1   Data           1  pump_running.o(.data)
    waiting_for_green_light                  0x200009b2   Data           1  pump_running.o(.data)
    FuelMeter                                0x200009b4   Data          12  pump_running.o(.data)
    PumpMaxFreq                              0x200009cc   Data           4  pump_running.o(.data)
    TargetLockerDelta                        0x200009d0   Data           4  pump_running.o(.data)
    pFactor                                  0x200009d4   Data           2  pump_running.o(.data)
    iFactor                                  0x200009d6   Data           2  pump_running.o(.data)
    dFactor                                  0x200009d8   Data           2  pump_running.o(.data)
    pump_fatige_switch_exch_mode             0x200009da   Data           1  pump_running.o(.data)
    old_pump_index                           0x200009db   Data           1  pump_running.o(.data)
    add_now                                  0x200009dc   Data           1  pump_running.o(.data)
    cancel_now                               0x200009dd   Data           1  pump_running.o(.data)
    AlgoType                                 0x200009de   Data           1  pump_running.o(.data)
    Tartget_Pressure                         0x200009e0   Data           4  pump_running.o(.data)
    stop_cnt                                 0x200009e4   Data           2  pump_running.o(.data)
    stop_pointer                             0x200009e8   Data           4  pump_running.o(.data)
    PumpPointer                              0x200009ec   Data           1  pump_running.o(.data)
    rec_focused_pump_index                   0x200009ed   Data           1  pump_running.o(.data)
    active_win                               0x200009ee   Data           1  pump_running.o(.data)
    Index_Pf_Queue_Head                      0x200009ef   Data           1  pump_running.o(.data)
    FC_Pump_Index                            0x200009f0   Data           1  pump_running.o(.data)
    index_pf_queue_head                      0x200009f1   Data           1  pump_running.o(.data)
    win1_counter_started                     0x200009f2   Data           1  pump_running.o(.data)
    f_switch_new_fc_pump_index               0x200009f3   Data           1  pump_running.o(.data)
    FC_Event                                 0x200009f4   Data           1  pump_running.o(.data)
    fc_pump_only                             0x200009f5   Data           1  pump_running.o(.data)
    timer_tick_count_rec                     0x200009f8   Data           4  pump_running.o(.data)
    f_switch_timer_tick_count_rec            0x200009fc   Data           4  pump_running.o(.data)
    timer_tick_count_rec_mod2                0x20000a00   Data           4  pump_running.o(.data)
    timer_tick_count_rec_spep                0x20000a04   Data           4  pump_running.o(.data)
    new_pump_ind                             0x20000a08   Data           4  pump_running.o(.data)
    err_pump_ind                             0x20000a0c   Data           1  pump_running.o(.data)
    PumpRunningPausing                       0x20000a0d   Data           1  pump_running.o(.data)
    SinglePumpErrPausing                     0x20000a0e   Data           1  pump_running.o(.data)
    pump_waking_up                           0x20000a10   Data           1  pump_sleeping.o(.data)
    pump_wake_up_confirmed                   0x20000a11   Data           1  pump_sleeping.o(.data)
    pump_waking_up_from_half_phase1          0x20000a12   Data           1  pump_sleeping.o(.data)
    pump_waking_up_from_half_phase2          0x20000a13   Data           1  pump_sleeping.o(.data)
    pump_half_waking_up                      0x20000a14   Data           1  pump_sleeping.o(.data)
    pump_falling_asleep                      0x20000a15   Data           1  pump_sleeping.o(.data)
    focused_pump_index_backup                0x20000a16   Data           1  pump_sleeping.o(.data)
    sleep_chk_timer                          0x20000a18   Data           2  pump_sleeping.o(.data)
    wakeup_chk_timer                         0x20000a1a   Data           2  pump_sleeping.o(.data)
    AllPumpsDead                             0x20000a1c   Data           1  error_handle.o(.data)
    FatalErrorOccured                        0x20000a1d   Data           1  error_handle.o(.data)
    Outlet_HP_Protected                      0x20000a1e   Data           1  error_handle.o(.data)
    CMD_Disable_Heaters                      0x20000a1f   Data           1  error_handle.o(.data)
    Sys_Switches                             0x20000a20   Data           5  error_handle.o(.data)
    HeatingTrafficLight                      0x20000a25   Data           1  error_handle.o(.data)
    error_occured                            0x20000a26   Data           1  error_handle.o(.data)
    error_never_occured                      0x20000a27   Data           1  error_handle.o(.data)
    ErrorCounter                             0x20000a28   Data           1  error_handle.o(.data)
    remote_cmd_status                        0x20000a29   Data           1  error_handle.o(.data)
    remote_cmd_pre_status                    0x20000a2a   Data           1  error_handle.o(.data)
    error_info_index                         0x20000a2b   Data           1  error_handle.o(.data)
    warning_bar_index                        0x20000a2c   Data           1  error_handle.o(.data)
    error_status_changed                     0x20000a2d   Data           1  error_handle.o(.data)
    channel_name                             0x20000a30   Data          68  error_handle.o(.data)
    status_name                              0x20000a74   Data          16  error_handle.o(.data)
    StatusBuff                               0x20000a84   Data          17  error_handle.o(.data)
    Error_Type                               0x20000a95   Data          17  error_handle.o(.data)
    Restarter                                0x20000aa6   Data          17  error_handle.o(.data)
    tail                                     0x20000ab8   Data           8  error_handle.o(.data)
    headl                                    0x20000ac0   Data           8  error_handle.o(.data)
    strs                                     0x20000ac8   Data          48  error_handle.o(.data)
    SysStatusWord                            0x20000b10   Data           2  error_handle.o(.data)
    PumpErrStatus                            0x20000b12   Data           1  error_handle.o(.data)
    Error_Switch_Status                      0x20000b13   Data           1  error_handle.o(.data)
    now_year                                 0x20000b14   Data           1  error_handle.o(.data)
    now_month                                0x20000b15   Data           1  error_handle.o(.data)
    now_day                                  0x20000b16   Data           1  error_handle.o(.data)
    Pump_Status                              0x20000b17   Data           1  error_handle.o(.data)
    TankTemperatureLimit                     0x20000b18   Data           1  error_handle.o(.data)
    TankTempSuperLow_selected                0x20000b19   Data           1  error_handle.o(.data)
    SystemCoreClock                          0x20000b30   Data           4  system_stm32f10x.o(.data)
    AHBPrescTable                            0x20000b34   Data          16  system_stm32f10x.o(.data)
    After_filter                             0x20000b4a   Data           8  hw_config.o(.data)
    HSEStartUpStatus                         0x20000b52   Data           1  hw_config.o(.data)
    comm_data_func                           0x20000b58   Data          60  api_comm.o(.data)
    ModBusReceiveBuff                        0x20000b96   Data           8  api_comm.o(.data)
    DeviceAddress                            0x20000b9e   Data           1  api_comm.o(.data)
    api_comm_time_stamp                      0x20000ba0   Data           4  api_comm.o(.data)
    ApiCommSysStatus                         0x20000ba4   Data           1  api_comm.o(.data)
    __stdout                                 0x20000ba8   Data           4  stdout.o(.data)
    cmd_buffer                               0x20000bb0   Data         256  main.o(.bss)
    temp_bias                                0x20000cb0   Data          24  settings.o(.bss)
    PhoneNumber                              0x20000cc8   Data          14  settings.o(.bss)
    CompanyName                              0x20000cd6   Data          42  settings.o(.bss)
    tc_target_pressure                       0x20000d00   Data          24  time_control.o(.bss)
    schedules                                0x20000d18   Data          30  time_control.o(.bss)
    phy_quantities                           0x20000d38   Data          40  measurement.o(.bss)
    phy_quantities_bias                      0x20000d60   Data          40  measurement.o(.bss)
    pump_temp                                0x20000d88   Data          24  measurement.o(.bss)
    Entrance_sensor0                         0x20000da0   Data          12  userinterface.o(.bss)
    Pump_Switch_Condtion                     0x20000dac   Data          16  userinterface.o(.bss)
    Sleep_Setting                            0x20000dbc   Data           9  userinterface.o(.bss)
    Power_Up_Setting                         0x20000dc5   Data          12  userinterface.o(.bss)
    pump_cmd_buffer                          0x20000dd4   Data         240  pump_running.o(.bss)
    MileMeters                               0x20000ec4   Data          24  pump_running.o(.bss)
    DbgBuff                                  0x20000edc   Data         100  pump_running.o(.bss)
    pid                                      0x20000f40   Data          64  pump_running.o(.bss)
    err_record                               0x20000f80   Data          17  error_handle.o(.bss)
    errors                                   0x20000f91   Data         884  error_handle.o(.bss)
    AD_Value                                 0x20001b0c   Data         400  hw_config.o(.bss)
    USART_InitStructure                      0x20001c9c   Data          16  hw_config.o(.bss)
    STM32_FLASH_BUF                          0x20001cac   Data        2048  stm32_flash.o(.bss)
    CommDataSendBuff                         0x200024ac   Data          34  api_comm.o(.bss)
    __initial_sp                             0x200028d0   Data           0  startup_stm32f10x_md.o(STACK)



==============================================================================

Memory Map of the image

  Image Entry point : 0x080000ed

  Load Region LR_IROM1 (Base: 0x08000000, Size: 0x0001a250, Max: 0x00080000, ABSOLUTE, COMPRESSED[0x00019c8c])

    Execution Region ER_IROM1 (Base: 0x08000000, Size: 0x000196a0, Max: 0x00080000, ABSOLUTE)

    Base Addr    Size         Type   Attr      Idx    E Section Name        Object

    0x08000000   0x000000ec   Data   RO            3    RESET               startup_stm32f10x_md.o
    0x080000ec   0x00000000   Code   RO          942  * .ARM.Collect$$$$00000000  mc_w.l(entry.o)(mc_w.l)
    0x080000ec   0x00000004   Code   RO         1273    .ARM.Collect$$$$00000001  mc_w.l(entry2.o)(mc_w.l)
    0x080000f0   0x00000004   Code   RO         1276    .ARM.Collect$$$$00000004  mc_w.l(entry5.o)(mc_w.l)
    0x080000f4   0x00000008   Code   RO         1277    .ARM.Collect$$$$00000007  mc_w.l(entry7.o)(mc_w.l)
    0x080000fc   0x00000004   Code   RO         1274    .ARM.Collect$$$$00002712  mc_w.l(entry2.o)(mc_w.l)
    0x08000100   0x00000024   Code   RO            4    .text               startup_stm32f10x_md.o
    0x08000124   0x00000318   Code   RO           10    .text               main.o
    0x0800043c   0x00000018   Code   RO          203    .text               manual_control.o
    0x08000454   0x00003dd4   Code   RO          219    .text               settings.o
    0x08004228   0x000006a0   Code   RO          243    .text               time_control.o
    0x080048c8   0x00000a48   Code   RO          260    .text               measurement.o
    0x08005310   0x0000046c   Code   RO          281    .text               security.o
    0x0800577c   0x000006e8   Code   RO          298    .text               ui_controls.o
    0x08005e64   0x00003544   Code   RO          316    .text               userinterface.o
    0x080093a8   0x00003e20   Code   RO          334    .text               pump_running.o
    0x0800d1c8   0x00000ab8   Code   RO          353    .text               pump_sleeping.o
    0x0800dc80   0x00001e4c   Code   RO          370    .text               error_handle.o
    0x0800facc   0x000000f8   Code   RO          389    .text               misc.o
    0x0800fbc4   0x00000440   Code   RO          401    .text               stm32f10x_adc.o
    0x08010004   0x000001a8   Code   RO          461    .text               stm32f10x_dac.o
    0x080101ac   0x00000248   Code   RO          485    .text               stm32f10x_dma.o
    0x080103f4   0x000005c8   Code   RO          509    .text               stm32f10x_flash.o
    0x080109bc   0x00000358   Code   RO          533    .text               stm32f10x_gpio.o
    0x08010d14   0x00000040   Code   RO          557    .text               stm32f10x_iwdg.o
    0x08010d54   0x000003a4   Code   RO          581    .text               stm32f10x_rcc.o
    0x080110f8   0x00000dae   Code   RO          631    .text               stm32f10x_tim.o
    0x08011ea6   0x00000002   PAD
    0x08011ea8   0x0000040c   Code   RO          643    .text               stm32f10x_usart.o
    0x080122b4   0x000001c8   Code   RO          677    .text               system_stm32f10x.o
    0x0801247c   0x00000120   Code   RO          695    .text               cmd_queue.o
    0x0801259c   0x0000243c   Code   RO          711    .text               hmi_driver.o
    0x080149d8   0x000000c0   Code   RO          723    .text               hmi_user_uart.o
    0x08014a98   0x000000a8   Code   RO          758    .text               stm32f10x_it.o
    0x08014b40   0x0000007c   Code   RO          780    .text               ulitity.o
    0x08014bbc   0x00000358   Code   RO          797    .text               hw_config.o
    0x08014f14   0x000000c4   Code   RO          813    .text               adc.o
    0x08014fd8   0x00000040   Code   RO          825    .text               dac.o
    0x08015018   0x000001c0   Code   RO          849    .text               usart.o
    0x080151d8   0x00000134   Code   RO          861    .text               stm32_flash.o
    0x0801530c   0x0000007c   Code   RO          876    .text               relays.o
    0x08015388   0x00000d78   Code   RO          888    .text               api_comm.o
    0x08016100   0x0000001c   Code   RO          945    .text               mc_w.l(strcat.o)(mc_w.l)
    0x0801611c   0x00000010   Code   RO          947    .text               mc_w.l(strlen.o)(mc_w.l)
    0x0801612c   0x0000001c   Code   RO          949    .text               mc_w.l(strcmp.o)(mc_w.l)
    0x08016148   0x00000012   Code   RO          951    .text               mc_w.l(strcpy.o)(mc_w.l)
    0x0801615a   0x00000002   PAD
    0x0801615c   0x00000038   Code   RO         1214    .text               mc_w.l(__0sscanf.o)(mc_w.l)
    0x08016194   0x0000014e   Code   RO         1216    .text               mc_w.l(_scanf_int.o)(mc_w.l)
    0x080162e2   0x000000d8   Code   RO         1218    .text               mc_w.l(_scanf_str.o)(mc_w.l)
    0x080163ba   0x00000002   PAD
    0x080163bc   0x00000354   Code   RO         1220    .text               mc_w.l(scanf_fp.o)(mc_w.l)
    0x08016710   0x000000b0   Code   RO         1222    .text               mf_w.l(fadd.o)(mf_w.l)
    0x080167c0   0x0000006c   Code   RO         1224    .text               mf_w.l(fmul.o)(mf_w.l)
    0x0801682c   0x00000080   Code   RO         1226    .text               mf_w.l(fdiv.o)(mf_w.l)
    0x080168ac   0x0000014a   Code   RO         1228    .text               mf_w.l(dadd.o)(mf_w.l)
    0x080169f6   0x000000e2   Code   RO         1230    .text               mf_w.l(dmul.o)(mf_w.l)
    0x08016ad8   0x000000de   Code   RO         1232    .text               mf_w.l(ddiv.o)(mf_w.l)
    0x08016bb6   0x00000012   Code   RO         1234    .text               mf_w.l(fflti.o)(mf_w.l)
    0x08016bc8   0x0000000a   Code   RO         1236    .text               mf_w.l(ffltui.o)(mf_w.l)
    0x08016bd2   0x00000022   Code   RO         1238    .text               mf_w.l(dflti.o)(mf_w.l)
    0x08016bf4   0x0000001a   Code   RO         1240    .text               mf_w.l(dfltui.o)(mf_w.l)
    0x08016c0e   0x00000032   Code   RO         1242    .text               mf_w.l(ffixi.o)(mf_w.l)
    0x08016c40   0x0000003e   Code   RO         1244    .text               mf_w.l(dfixi.o)(mf_w.l)
    0x08016c7e   0x0000002c   Code   RO         1246    .text               mf_w.l(f2d.o)(mf_w.l)
    0x08016caa   0x00000002   PAD
    0x08016cac   0x00000028   Code   RO         1248    .text               mf_w.l(cdcmple.o)(mf_w.l)
    0x08016cd4   0x00000028   Code   RO         1250    .text               mf_w.l(cdrcmple.o)(mf_w.l)
    0x08016cfc   0x00000038   Code   RO         1252    .text               mf_w.l(d2f.o)(mf_w.l)
    0x08016d34   0x00000014   Code   RO         1254    .text               mf_w.l(cfcmple.o)(mf_w.l)
    0x08016d48   0x00000014   Code   RO         1256    .text               mf_w.l(cfrcmple.o)(mf_w.l)
    0x08016d5c   0x0000002c   Code   RO         1279    .text               mc_w.l(uidiv.o)(mc_w.l)
    0x08016d88   0x00000066   Code   RO         1281    .text               mc_w.l(uldiv.o)(mc_w.l)
    0x08016dee   0x0000001e   Code   RO         1283    .text               mc_w.l(llshl.o)(mc_w.l)
    0x08016e0c   0x00000020   Code   RO         1285    .text               mc_w.l(llushr.o)(mc_w.l)
    0x08016e2c   0x00000024   Code   RO         1287    .text               mc_w.l(llsshr.o)(mc_w.l)
    0x08016e50   0x00000020   Code   RO         1296    .text               mc_w.l(_chval.o)(mc_w.l)
    0x08016e70   0x0000002c   Code   RO         1298    .text               mc_w.l(scanf_char.o)(mc_w.l)
    0x08016e9c   0x00000040   Code   RO         1300    .text               mc_w.l(_sgetc.o)(mc_w.l)
    0x08016edc   0x00000000   Code   RO         1302    .text               mc_w.l(iusefp.o)(mc_w.l)
    0x08016edc   0x00000070   Code   RO         1303    .text               mf_w.l(fepilogue.o)(mf_w.l)
    0x08016f4c   0x000000c2   Code   RO         1305    .text               mf_w.l(depilogue.o)(mf_w.l)
    0x0801700e   0x0000002e   Code   RO         1307    .text               mf_w.l(dscalb.o)(mf_w.l)
    0x0801703c   0x00000018   Code   RO         1309    .text               mf_w.l(dfltul.o)(mf_w.l)
    0x08017054   0x00000030   Code   RO         1311    .text               mf_w.l(dfixul.o)(mf_w.l)
    0x08017084   0x00000024   Code   RO         1313    .text               mc_w.l(init.o)(mc_w.l)
    0x080170a8   0x0000000a   Code   RO         1315    .text               mc_w.l(isspace_c.o)(mc_w.l)
    0x080170b2   0x00000002   PAD
    0x080170b4   0x00000338   Code   RO         1317    .text               mc_w.l(_scanf.o)(mc_w.l)
    0x080173ec   0x000000a0   Code   RO         1319    .text               mf_w.l(dsqrt.o)(mf_w.l)
    0x0801748c   0x00000028   Code   RO         1321    .text               mc_w.l(ctype_c.o)(mc_w.l)
    0x080174b4   0x00000060   Code   RO         1332    .text               mc_w.l(__dclz77c.o)(mc_w.l)
    0x08017514   0x00000020   Code   RO         1186    i.__0printf         mc_w.l(printfa.o)(mc_w.l)
    0x08017534   0x00000028   Code   RO         1188    i.__0sprintf        mc_w.l(printfa.o)(mc_w.l)
    0x0801755c   0x00000028   Code   RO         1260    i.__ARM_fpclassify  m_ws.l(fpclassify.o)(m_ws.l)
    0x08017584   0x000000aa   Code   RO         1262    i.__kernel_poly     m_ws.l(poly.o)(m_ws.l)
    0x0801762e   0x00000002   PAD
    0x08017630   0x00000010   Code   RO         1258    i.__mathlib_dbl_underflow  m_ws.l(dunder.o)(m_ws.l)
    0x08017640   0x0000000e   Code   RO         1326    i.__scatterload_copy  mc_w.l(handlers.o)(mc_w.l)
    0x0801764e   0x00000002   Code   RO         1327    i.__scatterload_null  mc_w.l(handlers.o)(mc_w.l)
    0x08017650   0x0000000e   Code   RO         1328    i.__scatterload_zeroinit  mc_w.l(handlers.o)(mc_w.l)
    0x0801765e   0x00000002   PAD
    0x08017660   0x0000000c   Code   RO         1291    i.__set_errno       mc_w.l(errno.o)(mc_w.l)
    0x0801766c   0x00000154   Code   RO         1193    i._fp_digits        mc_w.l(printfa.o)(mc_w.l)
    0x080177c0   0x000006d4   Code   RO         1194    i._printf_core      mc_w.l(printfa.o)(mc_w.l)
    0x08017e94   0x00000026   Code   RO         1195    i._printf_post_padding  mc_w.l(printfa.o)(mc_w.l)
    0x08017eba   0x0000002e   Code   RO         1196    i._printf_pre_padding  mc_w.l(printfa.o)(mc_w.l)
    0x08017ee8   0x0000000a   Code   RO         1198    i._sputc            mc_w.l(printfa.o)(mc_w.l)
    0x08017ef2   0x00000002   PAD
    0x08017ef4   0x000009d8   Code   RO          933    i.pow               m_ws.l(pow.o)(m_ws.l)
    0x080188cc   0x0000004a   Code   RO         1266    i.sqrt              m_ws.l(sqrt.o)(m_ws.l)
    0x08018916   0x00000002   PAD
    0x08018918   0x000004e6   Data   RO          221    .constdata          settings.o
    0x08018dfe   0x0000003a   Data   RO          299    .constdata          ui_controls.o
    0x08018e38   0x000000f3   Data   RO          318    .constdata          userinterface.o
    0x08018f2b   0x00000001   PAD
    0x08018f2c   0x0000022e   Data   RO          336    .constdata          pump_running.o
    0x0801915a   0x00000002   PAD
    0x0801915c   0x00000043   Data   RO          354    .constdata          pump_sleeping.o
    0x0801919f   0x00000001   PAD
    0x080191a0   0x0000016a   Data   RO          372    .constdata          error_handle.o
    0x0801930a   0x00000006   PAD
    0x08019310   0x00000088   Data   RO          934    .constdata          m_ws.l(pow.o)(m_ws.l)
    0x08019398   0x00000008   Data   RO         1264    .constdata          m_ws.l(qnan.o)(m_ws.l)
    0x080193a0   0x00000040   Data   RO         1322    .constdata          mc_w.l(ctype_c.o)(mc_w.l)
    0x080193e0   0x0000012a   Data   RO          282    .conststring        security.o
    0x0801950a   0x0000004b   Data   RO          300    .conststring        ui_controls.o
    0x08019555   0x00000020   Data   RO          337    .conststring        pump_running.o
    0x08019575   0x0000010a   Data   RO          373    .conststring        error_handle.o
    0x0801967f   0x00000001   PAD
    0x08019680   0x00000020   Data   RO         1324    Region$$Table       anon$$obj.o


    Execution Region RW_IRAM1 (Base: 0x20000000, Size: 0x000028d0, Max: 0x00010000, ABSOLUTE, COMPRESSED[0x000005ec])

    Base Addr    Size         Type   Attr      Idx    E Section Name        Object

    0x20000000   0x00000023   Data   RW           12    .data               main.o
    0x20000023   0x00000001   PAD
    0x20000024   0x0000005a   Data   RW          222    .data               settings.o
    0x2000007e   0x00000002   PAD
    0x20000080   0x00000025   Data   RW          245    .data               time_control.o
    0x200000a5   0x00000003   PAD
    0x200000a8   0x000006c0   Data   RW          263    .data               measurement.o
    0x20000768   0x0000004b   Data   RW          283    .data               security.o
    0x200007b3   0x00000001   PAD
    0x200007b4   0x00000099   Data   RW          301    .data               ui_controls.o
    0x2000084d   0x00000003   PAD
    0x20000850   0x000000f2   Data   RW          319    .data               userinterface.o
    0x20000942   0x00000002   PAD
    0x20000944   0x000000cb   Data   RW          338    .data               pump_running.o
    0x20000a0f   0x00000001   PAD
    0x20000a10   0x0000000c   Data   RW          355    .data               pump_sleeping.o
    0x20000a1c   0x000000fe   Data   RW          374    .data               error_handle.o
    0x20000b1a   0x00000014   Data   RW          582    .data               stm32f10x_rcc.o
    0x20000b2e   0x00000002   PAD
    0x20000b30   0x00000014   Data   RW          678    .data               system_stm32f10x.o
    0x20000b44   0x00000006   Data   RW          697    .data               cmd_queue.o
    0x20000b4a   0x00000009   Data   RW          799    .data               hw_config.o
    0x20000b53   0x00000001   PAD
    0x20000b54   0x00000051   Data   RW          890    .data               api_comm.o
    0x20000ba5   0x00000003   PAD
    0x20000ba8   0x00000004   Data   RW         1278    .data               mc_w.l(stdout.o)(mc_w.l)
    0x20000bac   0x00000004   Data   RW         1292    .data               mc_w.l(errno.o)(mc_w.l)
    0x20000bb0   0x00000100   Zero   RW           11    .bss                main.o
    0x20000cb0   0x00000050   Zero   RW          220    .bss                settings.o
    0x20000d00   0x00000036   Zero   RW          244    .bss                time_control.o
    0x20000d36   0x00000002   PAD
    0x20000d38   0x00000068   Zero   RW          261    .bss                measurement.o
    0x20000da0   0x00000031   Zero   RW          317    .bss                userinterface.o
    0x20000dd1   0x00000003   PAD
    0x20000dd4   0x000001ac   Zero   RW          335    .bss                pump_running.o
    0x20000f80   0x00000385   Zero   RW          371    .bss                error_handle.o
    0x20001305   0x00000001   PAD
    0x20001306   0x00000804   Zero   RW          696    .bss                cmd_queue.o
    0x20001b0a   0x00000002   PAD
    0x20001b0c   0x000001a0   Zero   RW          798    .bss                hw_config.o
    0x20001cac   0x00000800   Zero   RW          862    .bss                stm32_flash.o
    0x200024ac   0x00000022   Zero   RW          889    .bss                api_comm.o
    0x200024ce   0x00000002   PAD
    0x200024d0   0x00000400   Zero   RW            1    STACK               startup_stm32f10x_md.o


==============================================================================

Image component sizes


      Code (inc. data)   RO Data    RW Data    ZI Data      Debug   Object Name

       196         10          0          0          0          0   adc.o
      3448        388          0         81         34          0   api_comm.o
       288         12          0          6       2052          0   cmd_queue.o
        64          0          0          0          0          0   dac.o
      7756       2154        628        254        901          0   error_handle.o
      9276          6          0          0          0          0   hmi_driver.o
       192         14          0          0          0          0   hmi_user_uart.o
       856         58          0          9        416          0   hw_config.o
       792        182          0         35        256          0   main.o
        24          8          0          0          0          0   manual_control.o
      2632        270          0       1728        104          0   measurement.o
       248         30          0          0          0          0   misc.o
     15904       3798        590        203        428          0   pump_running.o
      2744        668         67         12          0          0   pump_sleeping.o
       124         12          0          0          0          0   relays.o
      1132        308        298         75          0          0   security.o
     15828       3316       1254         90         80          0   settings.o
        36          8        236          0       1024          0   startup_stm32f10x_md.o
       308          8          0          0       2048          0   stm32_flash.o
      1088         36          0          0          0          0   stm32f10x_adc.o
       424         14          0          0          0          0   stm32f10x_dac.o
       584         20          0          0          0          0   stm32f10x_dma.o
      1480         52          0          0          0          0   stm32f10x_flash.o
       856         40          0          0          0          0   stm32f10x_gpio.o
       168         22          0          0          0          0   stm32f10x_it.o
        64          6          0          0          0          0   stm32f10x_iwdg.o
       932         52          0         20          0          0   stm32f10x_rcc.o
      3502         86          0          0          0          0   stm32f10x_tim.o
      1036         20          0          0          0          0   stm32f10x_usart.o
       456         36          0         20          0          0   system_stm32f10x.o
      1696        248          0         37         54          0   time_control.o
      1768        154        133        153          0          0   ui_controls.o
       124         16          0          0          0          0   ulitity.o
       448         18          0          0          0          0   usart.o
     13636       2972        243        242         49          0   userinterface.o

    ----------------------------------------------------------------------
     90112      15042       3492       2984       7456          0   Object Totals
         0          0         32          0          0          0   (incl. Generated)
         2          0         11         19         10          3   (incl. Padding)

    ----------------------------------------------------------------------

      Code (inc. data)   RO Data    RW Data    ZI Data      Debug   Library Member Name

        16          6          0          0          0          0   dunder.o
        40          0          0          0          0          0   fpclassify.o
       170          0          0          0          0          0   poly.o
      2520        190        136          0          0          0   pow.o
         0          0          8          0          0          0   qnan.o
        74          0          0          0          0          0   sqrt.o
        56          8          0          0          0          0   __0sscanf.o
        96          0          0          0          0          0   __dclz77c.o
        32          0          0          0          0          0   _chval.o
       824          6          0          0          0          0   _scanf.o
       334          0          0          0          0          0   _scanf_int.o
       216          0          0          0          0          0   _scanf_str.o
        64          0          0          0          0          0   _sgetc.o
        40          6         64          0          0          0   ctype_c.o
         0          0          0          0          0          0   entry.o
         8          4          0          0          0          0   entry2.o
         4          0          0          0          0          0   entry5.o
         8          4          0          0          0          0   entry7.o
        12          6          0          4          0          0   errno.o
        30          0          0          0          0          0   handlers.o
        36          8          0          0          0          0   init.o
        10          0          0          0          0          0   isspace_c.o
         0          0          0          0          0          0   iusefp.o
        30          0          0          0          0          0   llshl.o
        36          0          0          0          0          0   llsshr.o
        32          0          0          0          0          0   llushr.o
      2254         98          0          0          0          0   printfa.o
        44         10          0          0          0          0   scanf_char.o
       852         14          0          0          0          0   scanf_fp.o
         0          0          0          4          0          0   stdout.o
        28          0          0          0          0          0   strcat.o
        28          0          0          0          0          0   strcmp.o
        18          0          0          0          0          0   strcpy.o
        16          0          0          0          0          0   strlen.o
        44          0          0          0          0          0   uidiv.o
       102          0          0          0          0          0   uldiv.o
        40          2          0          0          0          0   cdcmple.o
        40          2          0          0          0          0   cdrcmple.o
        20          0          0          0          0          0   cfcmple.o
        20          0          0          0          0          0   cfrcmple.o
        56          0          0          0          0          0   d2f.o
       330          0          0          0          0          0   dadd.o
       222          0          0          0          0          0   ddiv.o
       194          0          0          0          0          0   depilogue.o
        62          0          0          0          0          0   dfixi.o
        48          0          0          0          0          0   dfixul.o
        34          0          0          0          0          0   dflti.o
        26          0          0          0          0          0   dfltui.o
        24          0          0          0          0          0   dfltul.o
       226          0          0          0          0          0   dmul.o
        46          0          0          0          0          0   dscalb.o
       160          0          0          0          0          0   dsqrt.o
        44          0          0          0          0          0   f2d.o
       176          0          0          0          0          0   fadd.o
       128          0          0          0          0          0   fdiv.o
       112          0          0          0          0          0   fepilogue.o
        50          0          0          0          0          0   ffixi.o
        18          0          0          0          0          0   fflti.o
        10          0          0          0          0          0   ffltui.o
       108          0          0          0          0          0   fmul.o

    ----------------------------------------------------------------------
     10284        364        208          8          0          0   Library Totals
        16          0          0          0          0          0   (incl. Padding)

    ----------------------------------------------------------------------

      Code (inc. data)   RO Data    RW Data    ZI Data      Debug   Library Name

      2820        196        144          0          0        664   m_ws.l
      5254        164         64          8          0       2300   mc_w.l
      2194          4          0          0          0       2188   mf_w.l

    ----------------------------------------------------------------------
     10284        364        208          8          0          0   Library Totals

    ----------------------------------------------------------------------

==============================================================================


      Code (inc. data)   RO Data    RW Data    ZI Data      Debug   

    100396      15406       3700       2992       7456     619372   Grand Totals
    100396      15406       3700       1516       7456     619372   ELF Image Totals (compressed)
    100396      15406       3700       1516          0          0   ROM Totals

==============================================================================

    Total RO  Size (Code + RO Data)               104096 ( 101.66kB)
    Total RW  Size (RW Data + ZI Data)             10448 (  10.20kB)
    Total ROM Size (Code + RO Data + RW Data)     105612 ( 103.14kB)

==============================================================================

